01-29 11:32:49.663 714-16256/? D/mm-still: int OMXJpegEncoder::CompleteMainImage():732] Encoded image length 8931
01-29 11:32:49.663 714-16255/? I/QCamera: <JPEG><INFO> mm_jpeg_fbd: 3064: count 0 
01-29 11:32:49.663 714-16255/? I/QCamera: <JPEG><INFO> mm_jpeg_fbd: 3065: KPI Perf] : PROFILE_JPEG_FBD
01-29 11:32:49.663 714-16255/? I/QCamera: <HAL><INFO> static void qcamera::QCamera3PicChannel::jpegEvtHandle(jpeg_job_status_t, uint32_t, uint32_t, mm_jpeg_output_t*, void*): 3077: Issue Jpeg Callback frameNumber = 431 status = 0
01-29 11:32:49.704 714-15294/? I/QCamera: <HAL><INFO> int32_t qcamera::QCamera3ReprocessChannel::doReprocessOffline(qcamera::qcamera_fwk_input_pp_data_t*, bool): 4500: Offline reprocessing id = 642 buf Id = 0 meta index = 4
01-29 11:32:49.704 747-15275/? D/mm-camera: <MCT   >< HIGH> 3122: mct_pipeline_process_set: command=8000019
01-29 11:32:49.704 747-15275/? I/mm-camera: <CPP   >< INFO> 867: cpp_module_handle_isp_out_dim_event: [STREAM_PARAMS]  stream type 9, width 320, height 240,stride 320, scanline 256, planes 2
01-29 11:32:49.704 747-15275/? I/mm-camera: <CPP   >< INFO> 886: cpp_module_handle_isp_out_dim_event: [STREAM_PARAMS] plane 0, stride 320, scanline 256, offset_x 0, offset_y 0, len 81920, offset:0
01-29 11:32:49.704 747-15275/? I/mm-camera: <CPP   >< INFO> 886: cpp_module_handle_isp_out_dim_event: [STREAM_PARAMS] plane 1, stride 320, scanline 256, offset_x 0, offset_y 0, len 40960, offset:0
01-29 11:32:49.705 747-15275/? I/mm-camera: <PPROC >< INFO> 2378: pproc_module_handle_reprocess_offline: input buf fd 129 type 5 size 122880 identity 10005, frame_id 642
01-29 11:32:49.707 714-15314/? I/QCamera: <HAL><INFO> virtual void qcamera::QCamera3ReprocessChannel::streamCbRoutine(mm_camera_super_buf_t*, qcamera::QCamera3Stream*): 3771: bufIndex: 1 recvd from post proc
01-29 11:32:49.707 714-15314/? E/QCamera: <HAL><ERROR> void qcamera::QCamera3HardwareInterface::handleInputBufferWithLock(uint32_t): 3166: Could not find input request for frame number 0
01-29 11:32:49.707 714-15294/? D/mm-still: virtual OMX_ERRORTYPE OMXJpegEncoder::releaseCodecLibs():1438] E
01-29 11:32:49.709 714-15294/? D/mm-still: virtual OMX_ERRORTYPE OMXJpegEncoder::releaseCodecLibs():1449] X
01-29 11:32:49.710 714-15294/? V/qomx_image_core: OMX_FreeHandle:338] 
01-29 11:32:49.710 714-15294/? D/qomx_image_core: get_idx_from_handle:297] comp_idx 0 inst_idx 1
01-29 11:32:49.710 714-15294/? I/qomx_image_core: OMX_FreeHandle:370] Error Component is still Active
01-29 11:32:49.710 714-15294/? V/qomx_image_core: OMX_FreeHandle:373] Success
01-29 11:32:49.710 714-15294/? I/QCamera: <HAL><INFO> int32_t qcamera::QCamera3PostProcessor::encodeData(qcamera::qcamera_hal3_jpeg_data_t*, uint8_t&): 1476: Src Buffer cnt = 2, res = 320X256 len = 122880 rot = 0 src_dim = 320X240 dst_dim = 320X240
01-29 11:32:49.710 714-15294/? I/QCamera: <HAL><INFO> int32_t qcamera::QCamera3PostProcessor::encodeData(qcamera::qcamera_hal3_jpeg_data_t*, uint8_t&): 1487: Src THUMB buf_cnt = 0, res = 0X0 len = 0 rot = 0 src_dim = 320X240, dst_dim = 0X0
01-29 11:32:49.711 714-15294/? D/mm-still: void* getInstance():47] Component ptr is 0xab809b90
01-29 11:32:49.711 714-15294/? I/qomx_image_core: OMX_GetHandle:243] get instance pts is 0xab809b90
01-29 11:32:49.711 714-15294/? D/qomx_image_core: OMX_GetHandle:263] handle = 0xab809b94 Instanceindex = 1,comp_idx 0 g_ptr 0xab8a26c0
01-29 11:32:49.711 714-15294/? I/qomx_image_core: OMX_GetHandle:267] Success
01-29 11:32:49.712 714-15294/? D/mm-still: virtual OMX_ERRORTYPE OMXJpegEncoder::preloadCodecLibs():1177] E
01-29 11:32:49.712 714-15294/? D/mm-still: virtual OMX_ERRORTYPE OMXJpegEncoder::configureEncodedata():79] size 320x240 pad 320x256 subsampling 0 format 0
01-29 11:32:49.712 714-15294/? D/mm-still: virtual OMX_ERRORTYPE OMXJpegEncoder::configureEncodedata():86] ImageSize 115200 76800
01-29 11:32:49.712 714-15294/? D/mm-still: virtual OMX_ERRORTYPE OMXJpegEncoder::configureEncodedata():115] Scaling not enabled width: 320 height:240
01-29 11:32:49.720 714-15294/? D/mm-still: virtual OMX_ERRORTYPE OMXJpegEncoder::preloadCodecLibs():1193] X
01-29 11:32:49.721 714-15294/? I/QCamera: <HAL><INFO> int32_t qcamera::QCamera3PostProcessor::encodeData(qcamera::qcamera_hal3_jpeg_data_t*, uint8_t&): 1589: Main image idx = 1 src w/h (320x240), dst w/h (320x240)
01-29 11:32:49.730 714-16257/? D/mm-still: virtual OMX_ERRORTYPE OMXJpegEncoder::configureEncodedata():79] size 320x240 pad 320x256 subsampling 0 format 0
01-29 11:32:49.730 714-16257/? D/mm-still: virtual OMX_ERRORTYPE OMXJpegEncoder::configureEncodedata():86] ImageSize 115200 76800
01-29 11:32:49.730 714-16257/? D/mm-still: virtual OMX_ERRORTYPE OMXJpegEncoder::configureEncodedata():115] Scaling not enabled width: 320 height:240
01-29 11:32:49.731 714-16257/? D/mm-still: virtual OMX_ERRORTYPE OMXJpegEncoder::configureBuffers(OMX_BUFFERHEADERTYPE*, OMX_BUFFERHEADERTYPE*):263] MAIN buf=0xf0407000, fd=231, offset=0 filled=0
01-29 11:32:49.731 714-16257/? D/mm-still: OMX_ERRORTYPE OMXJpegEncoder::writeExifData(QImage*, QIBuffer*):342] Image type 0 mobicat_mask 0
01-29 11:32:49.731 714-16257/? E/mm-still: virtual OMX_ERRORTYPE OMXJpegEncoder::startEncode():563] startEncode()
01-29 11:32:49.732 714-16257/? E/jpeg_hw: jpege_lib_hw_fe_buffer_cfg:295] w 320 h 240 stride 320 scanline 256
01-29 11:32:49.735 714-16257/? D/mm-still: int QImageHW10Encoder::ConfigureOutputBuffer():553] Received output image fd 230 addr 0xeadbe000 WorkBufSize 23887872 
01-29 11:32:49.743 714-16260/? D/mm-still: virtual int OMXJpegEncoder::EncodeComplete(QImage*):843] MainImage Encoding complete. Filled Length = 7563 m_thumbEncodingComplete 0
01-29 11:32:49.745 714-16260/? D/mm-still: int OMXJpegEncoder::CompleteMainImage():732] Encoded image length 8944
01-29 11:32:49.745 714-16257/? I/QCamera: <JPEG><INFO> mm_jpeg_fbd: 3064: count 0 
01-29 11:32:49.745 714-16257/? I/QCamera: <JPEG><INFO> mm_jpeg_fbd: 3065: KPI Perf] : PROFILE_JPEG_FBD
01-29 11:32:49.745 714-16257/? I/QCamera: <HAL><INFO> static void qcamera::QCamera3PicChannel::jpegEvtHandle(jpeg_job_status_t, uint32_t, uint32_t, mm_jpeg_output_t*, void*): 3077: Issue Jpeg Callback frameNumber = 432 status = 0
01-29 11:32:49.768 714-15294/? I/QCamera: <HAL><INFO> int32_t qcamera::QCamera3ReprocessChannel::doReprocessOffline(qcamera::qcamera_fwk_input_pp_data_t*, bool): 4500: Offline reprocessing id = 644 buf Id = 1 meta index = 5
01-29 11:32:49.768 747-15275/? D/mm-camera: <MCT   >< HIGH> 3122: mct_pipeline_process_set: command=8000019
01-29 11:32:49.768 747-15275/? I/mm-camera: <CPP   >< INFO> 867: cpp_module_handle_isp_out_dim_event: [STREAM_PARAMS]  stream type 9, width 320, height 240,stride 320, scanline 256, planes 2
01-29 11:32:49.768 747-15275/? I/mm-camera: <CPP   >< INFO> 886: cpp_module_handle_isp_out_dim_event: [STREAM_PARAMS] plane 0, stride 320, scanline 256, offset_x 0, offset_y 0, len 81920, offset:0
01-29 11:32:49.768 747-15275/? I/mm-camera: <CPP   >< INFO> 886: cpp_module_handle_isp_out_dim_event: [STREAM_PARAMS] plane 1, stride 320, scanline 256, offset_x 0, offset_y 0, len 40960, offset:0
01-29 11:32:49.768 747-15275/? I/mm-camera: <PPROC >< INFO> 2378: pproc_module_handle_reprocess_offline: input buf fd 131 type 5 size 122880 identity 10005, frame_id 644
01-29 11:32:49.770 714-15314/? I/QCamera: <HAL><INFO> virtual void qcamera::QCamera3ReprocessChannel::streamCbRoutine(mm_camera_super_buf_t*, qcamera::QCamera3Stream*): 3771: bufIndex: 0 recvd from post proc
01-29 11:32:49.770 714-15314/? E/QCamera: <HAL><ERROR> void qcamera::QCamera3HardwareInterface::handleInputBufferWithLock(uint32_t): 3166: Could not find input request for frame number 0
01-29 11:32:49.771 714-15294/? D/mm-still: virtual OMX_ERRORTYPE OMXJpegEncoder::releaseCodecLibs():1438] E
01-29 11:32:49.772 714-15294/? D/mm-still: virtual OMX_ERRORTYPE OMXJpegEncoder::releaseCodecLibs():1449] X
01-29 11:32:49.772 714-15294/? V/qomx_image_core: OMX_FreeHandle:338] 
01-29 11:32:49.772 714-15294/? D/qomx_image_core: get_idx_from_handle:297] comp_idx 0 inst_idx 1
01-29 11:32:49.772 714-15294/? I/qomx_image_core: OMX_FreeHandle:370] Error Component is still Active
01-29 11:32:49.772 714-15294/? V/qomx_image_core: OMX_FreeHandle:373] Success
01-29 11:32:49.772 714-15294/? I/QCamera: <HAL><INFO> int32_t qcamera::QCamera3PostProcessor::encodeData(qcamera::qcamera_hal3_jpeg_data_t*, uint8_t&): 1476: Src Buffer cnt = 2, res = 320X256 len = 122880 rot = 0 src_dim = 320X240 dst_dim = 320X240
01-29 11:32:49.772 714-15294/? I/QCamera: <HAL><INFO> int32_t qcamera::QCamera3PostProcessor::encodeData(qcamera::qcamera_hal3_jpeg_data_t*, uint8_t&): 1487: Src THUMB buf_cnt = 0, res = 0X0 len = 0 rot = 0 src_dim = 320X240, dst_dim = 0X0
01-29 11:32:49.772 714-15294/? D/mm-still: void* getInstance():47] Component ptr is 0xab809b90
01-29 11:32:49.772 714-15294/? I/qomx_image_core: OMX_GetHandle:243] get instance pts is 0xab809b90
01-29 11:32:49.773 714-15294/? D/qomx_image_core: OMX_GetHandle:263] handle = 0xab809b94 Instanceindex = 1,comp_idx 0 g_ptr 0xab8a26c0
01-29 11:32:49.773 714-15294/? I/qomx_image_core: OMX_GetHandle:267] Success
01-29 11:32:49.773 714-15294/? D/mm-still: virtual OMX_ERRORTYPE OMXJpegEncoder::preloadCodecLibs():1177] E
01-29 11:32:49.773 714-15294/? D/mm-still: virtual OMX_ERRORTYPE OMXJpegEncoder::configureEncodedata():79] size 320x240 pad 320x256 subsampling 0 format 0
01-29 11:32:49.773 714-15294/? D/mm-still: virtual OMX_ERRORTYPE OMXJpegEncoder::configureEncodedata():86] ImageSize 115200 76800
01-29 11:32:49.773 714-15294/? D/mm-still: virtual OMX_ERRORTYPE OMXJpegEncoder::configureEncodedata():115] Scaling not enabled width: 320 height:240
01-29 11:32:49.775 714-15294/? D/mm-still: virtual OMX_ERRORTYPE OMXJpegEncoder::preloadCodecLibs():1193] X
01-29 11:32:49.775 714-15294/? I/QCamera: <HAL><INFO> int32_t qcamera::QCamera3PostProcessor::encodeData(qcamera::qcamera_hal3_jpeg_data_t*, uint8_t&): 1589: Main image idx = 0 src w/h (320x240), dst w/h (320x240)
01-29 11:32:49.779 714-16261/? D/mm-still: virtual OMX_ERRORTYPE OMXJpegEncoder::configureEncodedata():79] size 320x240 pad 320x256 subsampling 0 format 0
01-29 11:32:49.779 714-16261/? D/mm-still: virtual OMX_ERRORTYPE OMXJpegEncoder::configureEncodedata():86] ImageSize 115200 76800
01-29 11:32:49.779 714-16261/? D/mm-still: virtual OMX_ERRORTYPE OMXJpegEncoder::configureEncodedata():115] Scaling not enabled width: 320 height:240
01-29 11:32:49.779 714-16261/? D/mm-still: virtual OMX_ERRORTYPE OMXJpegEncoder::configureBuffers(OMX_BUFFERHEADERTYPE*, OMX_BUFFERHEADERTYPE*):263] MAIN buf=0xf043a000, fd=227, offset=0 filled=0
01-29 11:32:49.779 714-16261/? D/mm-still: OMX_ERRORTYPE OMXJpegEncoder::writeExifData(QImage*, QIBuffer*):342] Image type 0 mobicat_mask 0
01-29 11:32:49.779 714-16261/? E/mm-still: virtual OMX_ERRORTYPE OMXJpegEncoder::startEncode():563] startEncode()
01-29 11:32:49.779 714-16261/? E/jpeg_hw: jpege_lib_hw_fe_buffer_cfg:295] w 320 h 240 stride 320 scanline 256
01-29 11:32:49.779 714-16261/? D/mm-still: int QImageHW10Encoder::ConfigureOutputBuffer():553] Received output image fd 230 addr 0xeadbe000 WorkBufSize 23887872 
01-29 11:32:49.782 714-16262/? D/mm-still: virtual int OMXJpegEncoder::EncodeComplete(QImage*):843] MainImage Encoding complete. Filled Length = 7530 m_thumbEncodingComplete 0
01-29 11:32:49.785 714-16262/? D/mm-still: int OMXJpegEncoder::CompleteMainImage():732] Encoded image length 8911
01-29 11:32:49.786 714-16261/? I/QCamera: <JPEG><INFO> mm_jpeg_fbd: 3064: count 0 
01-29 11:32:49.786 714-16261/? I/QCamera: <JPEG><INFO> mm_jpeg_fbd: 3065: KPI Perf] : PROFILE_JPEG_FBD
01-29 11:32:49.786 714-16261/? I/QCamera: <HAL><INFO> static void qcamera::QCamera3PicChannel::jpegEvtHandle(jpeg_job_status_t, uint32_t, uint32_t, mm_jpeg_output_t*, void*): 3077: Issue Jpeg Callback frameNumber = 433 status = 0
01-29 11:32:49.801 714-15294/? I/QCamera: <HAL><INFO> int32_t qcamera::QCamera3ReprocessChannel::doReprocessOffline(qcamera::qcamera_fwk_input_pp_data_t*, bool): 4500: Offline reprocessing id = 645 buf Id = 2 meta index = 6
01-29 11:32:49.801 747-15275/? D/mm-camera: <MCT   >< HIGH> 3122: mct_pipeline_process_set: command=8000019
01-29 11:32:49.801 747-15275/? I/mm-camera: <CPP   >< INFO> 867: cpp_module_handle_isp_out_dim_event: [STREAM_PARAMS]  stream type 9, width 320, height 240,stride 320, scanline 256, planes 2
01-29 11:32:49.801 747-15275/? I/mm-camera: <CPP   >< INFO> 886: cpp_module_handle_isp_out_dim_event: [STREAM_PARAMS] plane 0, stride 320, scanline 256, offset_x 0, offset_y 0, len 81920, offset:0
01-29 11:32:49.801 747-15275/? I/mm-camera: <CPP   >< INFO> 886: cpp_module_handle_isp_out_dim_event: [STREAM_PARAMS] plane 1, stride 320, scanline 256, offset_x 0, offset_y 0, len 40960, offset:0
01-29 11:32:49.802 747-15275/? I/mm-camera: <PPROC >< INFO> 2378: pproc_module_handle_reprocess_offline: input buf fd 133 type 5 size 122880 identity 10005, frame_id 645
01-29 11:32:49.803 714-15314/? I/QCamera: <HAL><INFO> virtual void qcamera::QCamera3ReprocessChannel::streamCbRoutine(mm_camera_super_buf_t*, qcamera::QCamera3Stream*): 3771: bufIndex: 1 recvd from post proc
01-29 11:32:49.803 714-15314/? E/QCamera: <HAL><ERROR> void qcamera::QCamera3HardwareInterface::handleInputBufferWithLock(uint32_t): 3166: Could not find input request for frame number 0
01-29 11:32:49.804 714-15294/? D/mm-still: virtual OMX_ERRORTYPE OMXJpegEncoder::releaseCodecLibs():1438] E
01-29 11:32:49.805 714-15294/? D/mm-still: virtual OMX_ERRORTYPE OMXJpegEncoder::releaseCodecLibs():1449] X
01-29 11:32:49.805 714-15294/? V/qomx_image_core: OMX_FreeHandle:338] 
01-29 11:32:49.805 714-15294/? D/qomx_image_core: get_idx_from_handle:297] comp_idx 0 inst_idx 1
01-29 11:32:49.805 714-15294/? I/qomx_image_core: OMX_FreeHandle:370] Error Component is still Active
01-29 11:32:49.805 714-15294/? V/qomx_image_core: OMX_FreeHandle:373] Success
01-29 11:32:49.806 714-15294/? I/QCamera: <HAL><INFO> int32_t qcamera::QCamera3PostProcessor::encodeData(qcamera::qcamera_hal3_jpeg_data_t*, uint8_t&): 1476: Src Buffer cnt = 2, res = 320X256 len = 122880 rot = 0 src_dim = 320X240 dst_dim = 320X240
01-29 11:32:49.806 714-15294/? I/QCamera: <HAL><INFO> int32_t qcamera::QCamera3PostProcessor::encodeData(qcamera::qcamera_hal3_jpeg_data_t*, uint8_t&): 1487: Src THUMB buf_cnt = 0, res = 0X0 len = 0 rot = 0 src_dim = 320X240, dst_dim = 0X0
01-29 11:32:49.806 714-15294/? D/mm-still: void* getInstance():47] Component ptr is 0xab809b90
01-29 11:32:49.806 714-15294/? I/qomx_image_core: OMX_GetHandle:243] get instance pts is 0xab809b90
01-29 11:32:49.806 714-15294/? D/qomx_image_core: OMX_GetHandle:263] handle = 0xab809b94 Instanceindex = 1,comp_idx 0 g_ptr 0xab8a26c0
01-29 11:32:49.806 714-15294/? I/qomx_image_core: OMX_GetHandle:267] Success
01-29 11:32:49.807 714-15294/? D/mm-still: virtual OMX_ERRORTYPE OMXJpegEncoder::preloadCodecLibs():1177] E
01-29 11:32:49.807 714-15294/? D/mm-still: virtual OMX_ERRORTYPE OMXJpegEncoder::configureEncodedata():79] size 320x240 pad 320x256 subsampling 0 format 0
01-29 11:32:49.807 714-15294/? D/mm-still: virtual OMX_ERRORTYPE OMXJpegEncoder::configureEncodedata():86] ImageSize 115200 76800
01-29 11:32:49.807 714-15294/? D/mm-still: virtual OMX_ERRORTYPE OMXJpegEncoder::configureEncodedata():115] Scaling not enabled width: 320 height:240
01-29 11:32:49.808 714-15294/? D/mm-still: virtual OMX_ERRORTYPE OMXJpegEncoder::preloadCodecLibs():1193] X
01-29 11:32:49.809 714-15294/? I/QCamera: <HAL><INFO> int32_t qcamera::QCamera3PostProcessor::encodeData(qcamera::qcamera_hal3_jpeg_data_t*, uint8_t&): 1589: Main image idx = 1 src w/h (320x240), dst w/h (320x240)
01-29 11:32:49.812 714-16263/? D/mm-still: virtual OMX_ERRORTYPE OMXJpegEncoder::configureEncodedata():79] size 320x240 pad 320x256 subsampling 0 format 0
01-29 11:32:49.812 714-16263/? D/mm-still: virtual OMX_ERRORTYPE OMXJpegEncoder::configureEncodedata():86] ImageSize 115200 76800
01-29 11:32:49.812 714-16263/? D/mm-still: virtual OMX_ERRORTYPE OMXJpegEncoder::configureEncodedata():115] Scaling not enabled width: 320 height:240
01-29 11:32:49.812 714-16263/? D/mm-still: virtual OMX_ERRORTYPE OMXJpegEncoder::configureBuffers(OMX_BUFFERHEADERTYPE*, OMX_BUFFERHEADERTYPE*):263] MAIN buf=0xf0407000, fd=231, offset=0 filled=0
01-29 11:32:49.812 714-16263/? D/mm-still: OMX_ERRORTYPE OMXJpegEncoder::writeExifData(QImage*, QIBuffer*):342] Image type 0 mobicat_mask 0
01-29 11:32:49.812 714-16263/? E/mm-still: virtual OMX_ERRORTYPE OMXJpegEncoder::startEncode():563] startEncode()
01-29 11:32:49.812 714-16263/? E/jpeg_hw: jpege_lib_hw_fe_buffer_cfg:295] w 320 h 240 stride 320 scanline 256
01-29 11:32:49.812 714-16263/? D/mm-still: int QImageHW10Encoder::ConfigureOutputBuffer():553] Received output image fd 230 addr 0xeadbe000 WorkBufSize 23887872 
01-29 11:32:49.815 714-16264/? D/mm-still: virtual int OMXJpegEncoder::EncodeComplete(QImage*):843] MainImage Encoding complete. Filled Length = 7568 m_thumbEncodingComplete 0
01-29 11:32:49.815 714-16264/? D/mm-still: int OMXJpegEncoder::CompleteMainImage():732] Encoded image length 8949
01-29 11:32:49.816 714-16263/? I/QCamera: <JPEG><INFO> mm_jpeg_fbd: 3064: count 0 
01-29 11:32:49.816 714-16263/? I/QCamera: <JPEG><INFO> mm_jpeg_fbd: 3065: KPI Perf] : PROFILE_JPEG_FBD
01-29 11:32:49.816 714-16263/? I/QCamera: <HAL><INFO> static void qcamera::QCamera3PicChannel::jpegEvtHandle(jpeg_job_status_t, uint32_t, uint32_t, mm_jpeg_output_t*, void*): 3077: Issue Jpeg Callback frameNumber = 434 status = 0
01-29 11:32:49.869 714-15294/? I/QCamera: <HAL><INFO> int32_t qcamera::QCamera3ReprocessChannel::doReprocessOffline(qcamera::qcamera_fwk_input_pp_data_t*, bool): 4500: Offline reprocessing id = 647 buf Id = 3 meta index = 7
01-29 11:32:49.869 747-15275/? D/mm-camera: <MCT   >< HIGH> 3122: mct_pipeline_process_set: command=8000019
01-29 11:32:49.869 747-15275/? I/mm-camera: <CPP   >< INFO> 867: cpp_module_handle_isp_out_dim_event: [STREAM_PARAMS]  stream type 9, width 320, height 240,stride 320, scanline 256, planes 2
01-29 11:32:49.869 747-15275/? I/mm-camera: <CPP   >< INFO> 886: cpp_module_handle_isp_out_dim_event: [STREAM_PARAMS] plane 0, stride 320, scanline 256, offset_x 0, offset_y 0, len 81920, offset:0
01-29 11:32:49.869 747-15275/? I/mm-camera: <CPP   >< INFO> 886: cpp_module_handle_isp_out_dim_event: [STREAM_PARAMS] plane 1, stride 320, scanline 256, offset_x 0, offset_y 0, len 40960, offset:0
01-29 11:32:49.869 747-15275/? I/mm-camera: <PPROC >< INFO> 2378: pproc_module_handle_reprocess_offline: input buf fd 129 type 5 size 122880 identity 10005, frame_id 647
01-29 11:32:49.871 714-15314/? I/QCamera: <HAL><INFO> virtual void qcamera::QCamera3ReprocessChannel::streamCbRoutine(mm_camera_super_buf_t*, qcamera::QCamera3Stream*): 3771: bufIndex: 0 recvd from post proc
01-29 11:32:49.871 714-15314/? E/QCamera: <HAL><ERROR> void qcamera::QCamera3HardwareInterface::handleInputBufferWithLock(uint32_t): 3166: Could not find input request for frame number 0
01-29 11:32:49.872 714-15294/? D/mm-still: virtual OMX_ERRORTYPE OMXJpegEncoder::releaseCodecLibs():1438] E
01-29 11:32:49.873 714-15294/? D/mm-still: virtual OMX_ERRORTYPE OMXJpegEncoder::releaseCodecLibs():1449] X
01-29 11:32:49.873 714-15294/? V/qomx_image_core: OMX_FreeHandle:338] 
01-29 11:32:49.873 714-15294/? D/qomx_image_core: get_idx_from_handle:297] comp_idx 0 inst_idx 1
01-29 11:32:49.873 714-15294/? I/qomx_image_core: OMX_FreeHandle:370] Error Component is still Active
01-29 11:32:49.873 714-15294/? V/qomx_image_core: OMX_FreeHandle:373] Success
01-29 11:32:49.873 714-15294/? I/QCamera: <HAL><INFO> int32_t qcamera::QCamera3PostProcessor::encodeData(qcamera::qcamera_hal3_jpeg_data_t*, uint8_t&): 1476: Src Buffer cnt = 2, res = 320X256 len = 122880 rot = 0 src_dim = 320X240 dst_dim = 320X240
01-29 11:32:49.873 714-15294/? I/QCamera: <HAL><INFO> int32_t qcamera::QCamera3PostProcessor::encodeData(qcamera::qcamera_hal3_jpeg_data_t*, uint8_t&): 1487: Src THUMB buf_cnt = 0, res = 0X0 len = 0 rot = 0 src_dim = 320X240, dst_dim = 0X0
01-29 11:32:49.873 714-15294/? D/mm-still: void* getInstance():47] Component ptr is 0xab809b90
01-29 11:32:49.873 714-15294/? I/qomx_image_core: OMX_GetHandle:243] get instance pts is 0xab809b90
01-29 11:32:49.874 714-15294/? D/qomx_image_core: OMX_GetHandle:263] handle = 0xab809b94 Instanceindex = 1,comp_idx 0 g_ptr 0xab8a26c0
01-29 11:32:49.874 714-15294/? I/qomx_image_core: OMX_GetHandle:267] Success
01-29 11:32:49.874 714-15294/? D/mm-still: virtual OMX_ERRORTYPE OMXJpegEncoder::preloadCodecLibs():1177] E
01-29 11:32:49.874 714-15294/? D/mm-still: virtual OMX_ERRORTYPE OMXJpegEncoder::configureEncodedata():79] size 320x240 pad 320x256 subsampling 0 format 0
01-29 11:32:49.874 714-15294/? D/mm-still: virtual OMX_ERRORTYPE OMXJpegEncoder::configureEncodedata():86] ImageSize 115200 76800
01-29 11:32:49.874 714-15294/? D/mm-still: virtual OMX_ERRORTYPE OMXJpegEncoder::configureEncodedata():115] Scaling not enabled width: 320 height:240
01-29 11:32:49.875 714-15294/? D/mm-still: virtual OMX_ERRORTYPE OMXJpegEncoder::preloadCodecLibs():1193] X
01-29 11:32:49.876 714-15294/? I/QCamera: <HAL><INFO> int32_t qcamera::QCamera3PostProcessor::encodeData(qcamera::qcamera_hal3_jpeg_data_t*, uint8_t&): 1589: Main image idx = 0 src w/h (320x240), dst w/h (320x240)
01-29 11:32:49.878 714-16267/? D/mm-still: virtual OMX_ERRORTYPE OMXJpegEncoder::configureEncodedata():79] size 320x240 pad 320x256 subsampling 0 format 0
01-29 11:32:49.878 714-16267/? D/mm-still: virtual OMX_ERRORTYPE OMXJpegEncoder::configureEncodedata():86] ImageSize 115200 76800
01-29 11:32:49.878 714-16267/? D/mm-still: virtual OMX_ERRORTYPE OMXJpegEncoder::configureEncodedata():115] Scaling not enabled width: 320 height:240
01-29 11:32:49.878 714-16267/? D/mm-still: virtual OMX_ERRORTYPE OMXJpegEncoder::configureBuffers(OMX_BUFFERHEADERTYPE*, OMX_BUFFERHEADERTYPE*):263] MAIN buf=0xf043a000, fd=227, offset=0 filled=0
01-29 11:32:49.878 714-16267/? D/mm-still: OMX_ERRORTYPE OMXJpegEncoder::writeExifData(QImage*, QIBuffer*):342] Image type 0 mobicat_mask 0
01-29 11:32:49.878 714-16267/? E/mm-still: virtual OMX_ERRORTYPE OMXJpegEncoder::startEncode():563] startEncode()
01-29 11:32:49.879 714-16267/? E/jpeg_hw: jpege_lib_hw_fe_buffer_cfg:295] w 320 h 240 stride 320 scanline 256
01-29 11:32:49.879 714-16267/? D/mm-still: int QImageHW10Encoder::ConfigureOutputBuffer():553] Received output image fd 230 addr 0xeadbe000 WorkBufSize 23887872 
01-29 11:32:49.882 714-16268/? D/mm-still: virtual int OMXJpegEncoder::EncodeComplete(QImage*):843] MainImage Encoding complete. Filled Length = 7547 m_thumbEncodingComplete 0
01-29 11:32:49.883 714-16268/? D/mm-still: int OMXJpegEncoder::CompleteMainImage():732] Encoded image length 8928
01-29 11:32:49.883 714-16267/? I/QCamera: <JPEG><INFO> mm_jpeg_fbd: 3064: count 0 
01-29 11:32:49.883 714-16267/? I/QCamera: <JPEG><INFO> mm_jpeg_fbd: 3065: KPI Perf] : PROFILE_JPEG_FBD
01-29 11:32:49.884 714-16267/? I/QCamera: <HAL><INFO> static void qcamera::QCamera3PicChannel::jpegEvtHandle(jpeg_job_status_t, uint32_t, uint32_t, mm_jpeg_output_t*, void*): 3077: Issue Jpeg Callback frameNumber = 435 status = 0
01-29 11:32:49.903 714-15294/? I/QCamera: <HAL><INFO> int32_t qcamera::QCamera3ReprocessChannel::doReprocessOffline(qcamera::qcamera_fwk_input_pp_data_t*, bool): 4500: Offline reprocessing id = 648 buf Id = 0 meta index = 4
01-29 11:32:49.903 747-15275/? D/mm-camera: <MCT   >< HIGH> 3122: mct_pipeline_process_set: command=8000019
01-29 11:32:49.903 747-15275/? I/mm-camera: <CPP   >< INFO> 867: cpp_module_handle_isp_out_dim_event: [STREAM_PARAMS]  stream type 9, width 320, height 240,stride 320, scanline 256, planes 2
01-29 11:32:49.903 747-15275/? I/mm-camera: <CPP   >< INFO> 886: cpp_module_handle_isp_out_dim_event: [STREAM_PARAMS] plane 0, stride 320, scanline 256, offset_x 0, offset_y 0, len 81920, offset:0
01-29 11:32:49.904 747-15275/? I/mm-camera: <CPP   >< INFO> 886: cpp_module_handle_isp_out_dim_event: [STREAM_PARAMS] plane 1, stride 320, scanline 256, offset_x 0, offset_y 0, len 40960, offset:0
01-29 11:32:49.904 747-15275/? I/mm-camera: <PPROC >< INFO> 2378: pproc_module_handle_reprocess_offline: input buf fd 131 type 5 size 122880 identity 10005, frame_id 648
01-29 11:32:49.906 714-15314/? I/QCamera: <HAL><INFO> virtual void qcamera::QCamera3ReprocessChannel::streamCbRoutine(mm_camera_super_buf_t*, qcamera::QCamera3Stream*): 3771: bufIndex: 1 recvd from post proc
01-29 11:32:49.906 714-15314/? E/QCamera: <HAL><ERROR> void qcamera::QCamera3HardwareInterface::handleInputBufferWithLock(uint32_t): 3166: Could not find input request for frame number 0
01-29 11:32:49.906 714-15294/? D/mm-still: virtual OMX_ERRORTYPE OMXJpegEncoder::releaseCodecLibs():1438] E
01-29 11:32:49.907 714-15294/? D/mm-still: virtual OMX_ERRORTYPE OMXJpegEncoder::releaseCodecLibs():1449] X
01-29 11:32:49.908 714-15294/? V/qomx_image_core: OMX_FreeHandle:338] 
01-29 11:32:49.908 714-15294/? D/qomx_image_core: get_idx_from_handle:297] comp_idx 0 inst_idx 1
01-29 11:32:49.908 714-15294/? I/qomx_image_core: OMX_FreeHandle:370] Error Component is still Active
01-29 11:32:49.908 714-15294/? V/qomx_image_core: OMX_FreeHandle:373] Success
01-29 11:32:49.908 714-15294/? I/QCamera: <HAL><INFO> int32_t qcamera::QCamera3PostProcessor::encodeData(qcamera::qcamera_hal3_jpeg_data_t*, uint8_t&): 1476: Src Buffer cnt = 2, res = 320X256 len = 122880 rot = 0 src_dim = 320X240 dst_dim = 320X240
01-29 11:32:49.908 714-15294/? I/QCamera: <HAL><INFO> int32_t qcamera::QCamera3PostProcessor::encodeData(qcamera::qcamera_hal3_jpeg_data_t*, uint8_t&): 1487: Src THUMB buf_cnt = 0, res = 0X0 len = 0 rot = 0 src_dim = 320X240, dst_dim = 0X0
01-29 11:32:49.908 714-15294/? D/mm-still: void* getInstance():47] Component ptr is 0xab809b90
01-29 11:32:49.908 714-15294/? I/qomx_image_core: OMX_GetHandle:243] get instance pts is 0xab809b90
01-29 11:32:49.909 714-15294/? D/qomx_image_core: OMX_GetHandle:263] handle = 0xab809b94 Instanceindex = 1,comp_idx 0 g_ptr 0xab8a26c0
01-29 11:32:49.909 714-15294/? I/qomx_image_core: OMX_GetHandle:267] Success
01-29 11:32:49.909 714-15294/? D/mm-still: virtual OMX_ERRORTYPE OMXJpegEncoder::preloadCodecLibs():1177] E
01-29 11:32:49.909 714-15294/? D/mm-still: virtual OMX_ERRORTYPE OMXJpegEncoder::configureEncodedata():79] size 320x240 pad 320x256 subsampling 0 format 0
01-29 11:32:49.909 714-15294/? D/mm-still: virtual OMX_ERRORTYPE OMXJpegEncoder::configureEncodedata():86] ImageSize 115200 76800
01-29 11:32:49.909 714-15294/? D/mm-still: virtual OMX_ERRORTYPE OMXJpegEncoder::configureEncodedata():115] Scaling not enabled width: 320 height:240
01-29 11:32:49.911 714-15294/? D/mm-still: virtual OMX_ERRORTYPE OMXJpegEncoder::preloadCodecLibs():1193] X
01-29 11:32:49.911 714-15294/? I/QCamera: <HAL><INFO> int32_t qcamera::QCamera3PostProcessor::encodeData(qcamera::qcamera_hal3_jpeg_data_t*, uint8_t&): 1589: Main image idx = 1 src w/h (320x240), dst w/h (320x240)
01-29 11:32:49.913 714-16269/? D/mm-still: virtual OMX_ERRORTYPE OMXJpegEncoder::configureEncodedata():79] size 320x240 pad 320x256 subsampling 0 format 0
01-29 11:32:49.913 714-16269/? D/mm-still: virtual OMX_ERRORTYPE OMXJpegEncoder::configureEncodedata():86] ImageSize 115200 76800
01-29 11:32:49.913 714-16269/? D/mm-still: virtual OMX_ERRORTYPE OMXJpegEncoder::configureEncodedata():115] Scaling not enabled width: 320 height:240
01-29 11:32:49.913 714-16269/? D/mm-still: virtual OMX_ERRORTYPE OMXJpegEncoder::configureBuffers(OMX_BUFFERHEADERTYPE*, OMX_BUFFERHEADERTYPE*):263] MAIN buf=0xf0407000, fd=231, offset=0 filled=0
01-29 11:32:49.913 714-16269/? D/mm-still: OMX_ERRORTYPE OMXJpegEncoder::writeExifData(QImage*, QIBuffer*):342] Image type 0 mobicat_mask 0
01-29 11:32:49.913 714-16269/? E/mm-still: virtual OMX_ERRORTYPE OMXJpegEncoder::startEncode():563] startEncode()
01-29 11:32:49.913 714-16269/? E/jpeg_hw: jpege_lib_hw_fe_buffer_cfg:295] w 320 h 240 stride 320 scanline 256
01-29 11:32:49.914 714-16269/? D/mm-still: int QImageHW10Encoder::ConfigureOutputBuffer():553] Received output image fd 230 addr 0xeadbe000 WorkBufSize 23887872 
01-29 11:32:49.916 714-16270/? D/mm-still: virtual int OMXJpegEncoder::EncodeComplete(QImage*):843] MainImage Encoding complete. Filled Length = 7532 m_thumbEncodingComplete 0
01-29 11:32:49.918 714-16270/? D/mm-still: int OMXJpegEncoder::CompleteMainImage():732] Encoded image length 8913
01-29 11:32:49.918 714-16269/? I/QCamera: <JPEG><INFO> mm_jpeg_fbd: 3064: count 0 
01-29 11:32:49.918 714-16269/? I/QCamera: <JPEG><INFO> mm_jpeg_fbd: 3065: KPI Perf] : PROFILE_JPEG_FBD
01-29 11:32:49.918 714-16269/? I/QCamera: <HAL><INFO> static void qcamera::QCamera3PicChannel::jpegEvtHandle(jpeg_job_status_t, uint32_t, uint32_t, mm_jpeg_output_t*, void*): 3077: Issue Jpeg Callback frameNumber = 436 status = 0
01-29 11:32:49.935 714-15294/? I/QCamera: <HAL><INFO> int32_t qcamera::QCamera3ReprocessChannel::doReprocessOffline(qcamera::qcamera_fwk_input_pp_data_t*, bool): 4500: Offline reprocessing id = 649 buf Id = 1 meta index = 5
01-29 11:32:49.935 747-15275/? D/mm-camera: <MCT   >< HIGH> 3122: mct_pipeline_process_set: command=8000019
01-29 11:32:49.935 747-15275/? I/mm-camera: <CPP   >< INFO> 867: cpp_module_handle_isp_out_dim_event: [STREAM_PARAMS]  stream type 9, width 320, height 240,stride 320, scanline 256, planes 2
01-29 11:32:49.935 747-15275/? I/mm-camera: <CPP   >< INFO> 886: cpp_module_handle_isp_out_dim_event: [STREAM_PARAMS] plane 0, stride 320, scanline 256, offset_x 0, offset_y 0, len 81920, offset:0
01-29 11:32:49.935 747-15275/? I/mm-camera: <CPP   >< INFO> 886: cpp_module_handle_isp_out_dim_event: [STREAM_PARAMS] plane 1, stride 320, scanline 256, offset_x 0, offset_y 0, len 40960, offset:0
01-29 11:32:49.935 747-15275/? I/mm-camera: <PPROC >< INFO> 2378: pproc_module_handle_reprocess_offline: input buf fd 133 type 5 size 122880 identity 10005, frame_id 649
01-29 11:32:49.937 714-15314/? I/QCamera: <HAL><INFO> virtual void qcamera::QCamera3ReprocessChannel::streamCbRoutine(mm_camera_super_buf_t*, qcamera::QCamera3Stream*): 3771: bufIndex: 0 recvd from post proc
01-29 11:32:49.937 714-15314/? E/QCamera: <HAL><ERROR> void qcamera::QCamera3HardwareInterface::handleInputBufferWithLock(uint32_t): 3166: Could not find input request for frame number 0
01-29 11:32:49.938 714-15294/? D/mm-still: virtual OMX_ERRORTYPE OMXJpegEncoder::releaseCodecLibs():1438] E
01-29 11:32:49.939 714-15294/? D/mm-still: virtual OMX_ERRORTYPE OMXJpegEncoder::releaseCodecLibs():1449] X
01-29 11:32:49.939 714-15294/? V/qomx_image_core: OMX_FreeHandle:338] 
01-29 11:32:49.939 714-15294/? D/qomx_image_core: get_idx_from_handle:297] comp_idx 0 inst_idx 1
01-29 11:32:49.939 714-15294/? I/qomx_image_core: OMX_FreeHandle:370] Error Component is still Active
01-29 11:32:49.939 714-15294/? V/qomx_image_core: OMX_FreeHandle:373] Success
01-29 11:32:49.939 714-15294/? I/QCamera: <HAL><INFO> int32_t qcamera::QCamera3PostProcessor::encodeData(qcamera::qcamera_hal3_jpeg_data_t*, uint8_t&): 1476: Src Buffer cnt = 2, res = 320X256 len = 122880 rot = 0 src_dim = 320X240 dst_dim = 320X240
01-29 11:32:49.939 714-15294/? I/QCamera: <HAL><INFO> int32_t qcamera::QCamera3PostProcessor::encodeData(qcamera::qcamera_hal3_jpeg_data_t*, uint8_t&): 1487: Src THUMB buf_cnt = 0, res = 0X0 len = 0 rot = 0 src_dim = 320X240, dst_dim = 0X0
01-29 11:32:49.939 714-15294/? D/mm-still: void* getInstance():47] Component ptr is 0xab809b90
01-29 11:32:49.939 714-15294/? I/qomx_image_core: OMX_GetHandle:243] get instance pts is 0xab809b90
01-29 11:32:49.940 714-15294/? D/qomx_image_core: OMX_GetHandle:263] handle = 0xab809b94 Instanceindex = 1,comp_idx 0 g_ptr 0xab8a26c0
01-29 11:32:49.940 714-15294/? I/qomx_image_core: OMX_GetHandle:267] Success
01-29 11:32:49.940 714-15294/? D/mm-still: virtual OMX_ERRORTYPE OMXJpegEncoder::preloadCodecLibs():1177] E
01-29 11:32:49.940 714-15294/? D/mm-still: virtual OMX_ERRORTYPE OMXJpegEncoder::configureEncodedata():79] size 320x240 pad 320x256 subsampling 0 format 0
01-29 11:32:49.940 714-15294/? D/mm-still: virtual OMX_ERRORTYPE OMXJpegEncoder::configureEncodedata():86] ImageSize 115200 76800
01-29 11:32:49.940 714-15294/? D/mm-still: virtual OMX_ERRORTYPE OMXJpegEncoder::configureEncodedata():115] Scaling not enabled width: 320 height:240
01-29 11:32:49.941 714-15294/? D/mm-still: virtual OMX_ERRORTYPE OMXJpegEncoder::preloadCodecLibs():1193] X
01-29 11:32:49.941 714-15294/? I/QCamera: <HAL><INFO> int32_t qcamera::QCamera3PostProcessor::encodeData(qcamera::qcamera_hal3_jpeg_data_t*, uint8_t&): 1589: Main image idx = 0 src w/h (320x240), dst w/h (320x240)
01-29 11:32:49.943 714-16271/? D/mm-still: virtual OMX_ERRORTYPE OMXJpegEncoder::configureEncodedata():79] size 320x240 pad 320x256 subsampling 0 format 0
01-29 11:32:49.943 714-16271/? D/mm-still: virtual OMX_ERRORTYPE OMXJpegEncoder::configureEncodedata():86] ImageSize 115200 76800
01-29 11:32:49.944 714-16271/? D/mm-still: virtual OMX_ERRORTYPE OMXJpegEncoder::configureEncodedata():115] Scaling not enabled width: 320 height:240
01-29 11:32:49.944 714-16271/? D/mm-still: virtual OMX_ERRORTYPE OMXJpegEncoder::configureBuffers(OMX_BUFFERHEADERTYPE*, OMX_BUFFERHEADERTYPE*):263] MAIN buf=0xf043a000, fd=227, offset=0 filled=0
01-29 11:32:49.944 714-16271/? D/mm-still: OMX_ERRORTYPE OMXJpegEncoder::writeExifData(QImage*, QIBuffer*):342] Image type 0 mobicat_mask 0
01-29 11:32:49.944 714-16271/? E/mm-still: virtual OMX_ERRORTYPE OMXJpegEncoder::startEncode():563] startEncode()
01-29 11:32:49.944 714-16271/? E/jpeg_hw: jpege_lib_hw_fe_buffer_cfg:295] w 320 h 240 stride 320 scanline 256
01-29 11:32:49.944 714-16271/? D/mm-still: int QImageHW10Encoder::ConfigureOutputBuffer():553] Received output image fd 230 addr 0xeadbe000 WorkBufSize 23887872 
01-29 11:32:49.946 714-16272/? D/mm-still: virtual int OMXJpegEncoder::EncodeComplete(QImage*):843] MainImage Encoding complete. Filled Length = 7549 m_thumbEncodingComplete 0
01-29 11:32:49.946 714-16272/? D/mm-still: int OMXJpegEncoder::CompleteMainImage():732] Encoded image length 8930
01-29 11:32:49.947 714-16271/? I/QCamera: <JPEG><INFO> mm_jpeg_fbd: 3064: count 0 
01-29 11:32:49.947 714-16271/? I/QCamera: <JPEG><INFO> mm_jpeg_fbd: 3065: KPI Perf] : PROFILE_JPEG_FBD
01-29 11:32:49.947 714-16271/? I/QCamera: <HAL><INFO> static void qcamera::QCamera3PicChannel::jpegEvtHandle(jpeg_job_status_t, uint32_t, uint32_t, mm_jpeg_output_t*, void*): 3077: Issue Jpeg Callback frameNumber = 437 status = 0
01-29 11:32:50.002 714-15294/? I/QCamera: <HAL><INFO> int32_t qcamera::QCamera3ReprocessChannel::doReprocessOffline(qcamera::qcamera_fwk_input_pp_data_t*, bool): 4500: Offline reprocessing id = 651 buf Id = 2 meta index = 6
01-29 11:32:50.003 747-15275/? D/mm-camera: <MCT   >< HIGH> 3122: mct_pipeline_process_set: command=8000019
01-29 11:32:50.003 747-15275/? I/mm-camera: <CPP   >< INFO> 867: cpp_module_handle_isp_out_dim_event: [STREAM_PARAMS]  stream type 9, width 320, height 240,stride 320, scanline 256, planes 2
01-29 11:32:50.003 747-15275/? I/mm-camera: <CPP   >< INFO> 886: cpp_module_handle_isp_out_dim_event: [STREAM_PARAMS] plane 0, stride 320, scanline 256, offset_x 0, offset_y 0, len 81920, offset:0
01-29 11:32:50.003 747-15275/? I/mm-camera: <CPP   >< INFO> 886: cpp_module_handle_isp_out_dim_event: [STREAM_PARAMS] plane 1, stride 320, scanline 256, offset_x 0, offset_y 0, len 40960, offset:0
01-29 11:32:50.003 747-15275/? I/mm-camera: <PPROC >< INFO> 2378: pproc_module_handle_reprocess_offline: input buf fd 129 type 5 size 122880 identity 10005, frame_id 651
01-29 11:32:50.004 714-15314/? I/QCamera: <HAL><INFO> virtual void qcamera::QCamera3ReprocessChannel::streamCbRoutine(mm_camera_super_buf_t*, qcamera::QCamera3Stream*): 3771: bufIndex: 1 recvd from post proc
01-29 11:32:50.005 714-15314/? E/QCamera: <HAL><ERROR> void qcamera::QCamera3HardwareInterface::handleInputBufferWithLock(uint32_t): 3166: Could not find input request for frame number 0
01-29 11:32:50.005 714-15294/? D/mm-still: virtual OMX_ERRORTYPE OMXJpegEncoder::releaseCodecLibs():1438] E
01-29 11:32:50.006 714-15294/? D/mm-still: virtual OMX_ERRORTYPE OMXJpegEncoder::releaseCodecLibs():1449] X
01-29 11:32:50.006 714-15294/? V/qomx_image_core: OMX_FreeHandle:338] 
01-29 11:32:50.006 714-15294/? D/qomx_image_core: get_idx_from_handle:297] comp_idx 0 inst_idx 1
01-29 11:32:50.006 714-15294/? I/qomx_image_core: OMX_FreeHandle:370] Error Component is still Active
01-29 11:32:50.006 714-15294/? V/qomx_image_core: OMX_FreeHandle:373] Success
01-29 11:32:50.006 714-15294/? I/QCamera: <HAL><INFO> int32_t qcamera::QCamera3PostProcessor::encodeData(qcamera::qcamera_hal3_jpeg_data_t*, uint8_t&): 1476: Src Buffer cnt = 2, res = 320X256 len = 122880 rot = 0 src_dim = 320X240 dst_dim = 320X240
01-29 11:32:50.006 714-15294/? I/QCamera: <HAL><INFO> int32_t qcamera::QCamera3PostProcessor::encodeData(qcamera::qcamera_hal3_jpeg_data_t*, uint8_t&): 1487: Src THUMB buf_cnt = 0, res = 0X0 len = 0 rot = 0 src_dim = 320X240, dst_dim = 0X0
01-29 11:32:50.007 714-15294/? D/mm-still: void* getInstance():47] Component ptr is 0xab809b90
01-29 11:32:50.007 714-15294/? I/qomx_image_core: OMX_GetHandle:243] get instance pts is 0xab809b90
01-29 11:32:50.007 714-15294/? D/qomx_image_core: OMX_GetHandle:263] handle = 0xab809b94 Instanceindex = 1,comp_idx 0 g_ptr 0xab8a26c0
01-29 11:32:50.007 714-15294/? I/qomx_image_core: OMX_GetHandle:267] Success
01-29 11:32:50.008 714-15294/? D/mm-still: virtual OMX_ERRORTYPE OMXJpegEncoder::preloadCodecLibs():1177] E
01-29 11:32:50.008 714-15294/? D/mm-still: virtual OMX_ERRORTYPE OMXJpegEncoder::configureEncodedata():79] size 320x240 pad 320x256 subsampling 0 format 0
01-29 11:32:50.008 714-15294/? D/mm-still: virtual OMX_ERRORTYPE OMXJpegEncoder::configureEncodedata():86] ImageSize 115200 76800
01-29 11:32:50.008 714-15294/? D/mm-still: virtual OMX_ERRORTYPE OMXJpegEncoder::configureEncodedata():115] Scaling not enabled width: 320 height:240
01-29 11:32:50.009 714-15294/? D/mm-still: virtual OMX_ERRORTYPE OMXJpegEncoder::preloadCodecLibs():1193] X
01-29 11:32:50.009 714-15294/? I/QCamera: <HAL><INFO> int32_t qcamera::QCamera3PostProcessor::encodeData(qcamera::qcamera_hal3_jpeg_data_t*, uint8_t&): 1589: Main image idx = 1 src w/h (320x240), dst w/h (320x240)
01-29 11:32:50.011 714-16273/? D/mm-still: virtual OMX_ERRORTYPE OMXJpegEncoder::configureEncodedata():79] size 320x240 pad 320x256 subsampling 0 format 0
01-29 11:32:50.011 714-16273/? D/mm-still: virtual OMX_ERRORTYPE OMXJpegEncoder::configureEncodedata():86] ImageSize 115200 76800
01-29 11:32:50.011 714-16273/? D/mm-still: virtual OMX_ERRORTYPE OMXJpegEncoder::configureEncodedata():115] Scaling not enabled width: 320 height:240
01-29 11:32:50.011 714-16273/? D/mm-still: virtual OMX_ERRORTYPE OMXJpegEncoder::configureBuffers(OMX_BUFFERHEADERTYPE*, OMX_BUFFERHEADERTYPE*):263] MAIN buf=0xf0407000, fd=231, offset=0 filled=0
01-29 11:32:50.012 714-16273/? D/mm-still: OMX_ERRORTYPE OMXJpegEncoder::writeExifData(QImage*, QIBuffer*):342] Image type 0 mobicat_mask 0
01-29 11:32:50.012 714-16273/? E/mm-still: virtual OMX_ERRORTYPE OMXJpegEncoder::startEncode():563] startEncode()
01-29 11:32:50.012 714-16273/? E/jpeg_hw: jpege_lib_hw_fe_buffer_cfg:295] w 320 h 240 stride 320 scanline 256
01-29 11:32:50.012 714-16273/? D/mm-still: int QImageHW10Encoder::ConfigureOutputBuffer():553] Received output image fd 230 addr 0xeadbe000 WorkBufSize 23887872 
01-29 11:32:50.015 714-16274/? D/mm-still: virtual int OMXJpegEncoder::EncodeComplete(QImage*):843] MainImage Encoding complete. Filled Length = 7532 m_thumbEncodingComplete 0
01-29 11:32:50.015 714-16274/? D/mm-still: int OMXJpegEncoder::CompleteMainImage():732] Encoded image length 8913
01-29 11:32:50.016 714-16273/? I/QCamera: <JPEG><INFO> mm_jpeg_fbd: 3064: count 0 
01-29 11:32:50.016 714-16273/? I/QCamera: <JPEG><INFO> mm_jpeg_fbd: 3065: KPI Perf] : PROFILE_JPEG_FBD
01-29 11:32:50.016 714-16273/? I/QCamera: <HAL><INFO> static void qcamera::QCamera3PicChannel::jpegEvtHandle(jpeg_job_status_t, uint32_t, uint32_t, mm_jpeg_output_t*, void*): 3077: Issue Jpeg Callback frameNumber = 438 status = 0
01-29 11:32:50.037 714-15294/? I/QCamera: <HAL><INFO> int32_t qcamera::QCamera3ReprocessChannel::doReprocessOffline(qcamera::qcamera_fwk_input_pp_data_t*, bool): 4500: Offline reprocessing id = 652 buf Id = 3 meta index = 7
01-29 11:32:50.038 747-15275/? D/mm-camera: <MCT   >< HIGH> 3122: mct_pipeline_process_set: command=8000019
01-29 11:32:50.038 747-15275/? I/mm-camera: <CPP   >< INFO> 867: cpp_module_handle_isp_out_dim_event: [STREAM_PARAMS]  stream type 9, width 320, height 240,stride 320, scanline 256, planes 2
01-29 11:32:50.038 747-15275/? I/mm-camera: <CPP   >< INFO> 886: cpp_module_handle_isp_out_dim_event: [STREAM_PARAMS] plane 0, stride 320, scanline 256, offset_x 0, offset_y 0, len 81920, offset:0
01-29 11:32:50.038 747-15275/? I/mm-camera: <CPP   >< INFO> 886: cpp_module_handle_isp_out_dim_event: [STREAM_PARAMS] plane 1, stride 320, scanline 256, offset_x 0, offset_y 0, len 40960, offset:0
01-29 11:32:50.038 747-15275/? I/mm-camera: <PPROC >< INFO> 2378: pproc_module_handle_reprocess_offline: input buf fd 131 type 5 size 122880 identity 10005, frame_id 652
01-29 11:32:50.040 714-15314/? I/QCamera: <HAL><INFO> virtual void qcamera::QCamera3ReprocessChannel::streamCbRoutine(mm_camera_super_buf_t*, qcamera::QCamera3Stream*): 3771: bufIndex: 0 recvd from post proc
01-29 11:32:50.040 714-15314/? E/QCamera: <HAL><ERROR> void qcamera::QCamera3HardwareInterface::handleInputBufferWithLock(uint32_t): 3166: Could not find input request for frame number 0
01-29 11:32:50.040 714-15294/? D/mm-still: virtual OMX_ERRORTYPE OMXJpegEncoder::releaseCodecLibs():1438] E
01-29 11:32:50.041 714-15294/? D/mm-still: virtual OMX_ERRORTYPE OMXJpegEncoder::releaseCodecLibs():1449] X
01-29 11:32:50.042 714-15294/? V/qomx_image_core: OMX_FreeHandle:338] 
01-29 11:32:50.042 714-15294/? D/qomx_image_core: get_idx_from_handle:297] comp_idx 0 inst_idx 1
01-29 11:32:50.042 714-15294/? I/qomx_image_core: OMX_FreeHandle:370] Error Component is still Active
01-29 11:32:50.042 714-15294/? V/qomx_image_core: OMX_FreeHandle:373] Success
01-29 11:32:50.042 714-15294/? I/QCamera: <HAL><INFO> int32_t qcamera::QCamera3PostProcessor::encodeData(qcamera::qcamera_hal3_jpeg_data_t*, uint8_t&): 1476: Src Buffer cnt = 2, res = 320X256 len = 122880 rot = 0 src_dim = 320X240 dst_dim = 320X240
01-29 11:32:50.042 714-15294/? I/QCamera: <HAL><INFO> int32_t qcamera::QCamera3PostProcessor::encodeData(qcamera::qcamera_hal3_jpeg_data_t*, uint8_t&): 1487: Src THUMB buf_cnt = 0, res = 0X0 len = 0 rot = 0 src_dim = 320X240, dst_dim = 0X0
01-29 11:32:50.042 714-15294/? D/mm-still: void* getInstance():47] Component ptr is 0xab809b90
01-29 11:32:50.042 714-15294/? I/qomx_image_core: OMX_GetHandle:243] get instance pts is 0xab809b90
01-29 11:32:50.043 714-15294/? D/qomx_image_core: OMX_GetHandle:263] handle = 0xab809b94 Instanceindex = 1,comp_idx 0 g_ptr 0xab8a26c0
01-29 11:32:50.043 714-15294/? I/qomx_image_core: OMX_GetHandle:267] Success
01-29 11:32:50.043 714-15294/? D/mm-still: virtual OMX_ERRORTYPE OMXJpegEncoder::preloadCodecLibs():1177] E
01-29 11:32:50.043 714-15294/? D/mm-still: virtual OMX_ERRORTYPE OMXJpegEncoder::configureEncodedata():79] size 320x240 pad 320x256 subsampling 0 format 0
01-29 11:32:50.043 714-15294/? D/mm-still: virtual OMX_ERRORTYPE OMXJpegEncoder::configureEncodedata():86] ImageSize 115200 76800
01-29 11:32:50.043 714-15294/? D/mm-still: virtual OMX_ERRORTYPE OMXJpegEncoder::configureEncodedata():115] Scaling not enabled width: 320 height:240
01-29 11:32:50.044 714-15294/? D/mm-still: virtual OMX_ERRORTYPE OMXJpegEncoder::preloadCodecLibs():1193] X
01-29 11:32:50.045 714-15294/? I/QCamera: <HAL><INFO> int32_t qcamera::QCamera3PostProcessor::encodeData(qcamera::qcamera_hal3_jpeg_data_t*, uint8_t&): 1589: Main image idx = 0 src w/h (320x240), dst w/h (320x240)
01-29 11:32:50.047 714-16275/? D/mm-still: virtual OMX_ERRORTYPE OMXJpegEncoder::configureEncodedata():79] size 320x240 pad 320x256 subsampling 0 format 0
01-29 11:32:50.047 714-16275/? D/mm-still: virtual OMX_ERRORTYPE OMXJpegEncoder::configureEncodedata():86] ImageSize 115200 76800
01-29 11:32:50.047 714-16275/? D/mm-still: virtual OMX_ERRORTYPE OMXJpegEncoder::configureEncodedata():115] Scaling not enabled width: 320 height:240
01-29 11:32:50.047 714-16275/? D/mm-still: virtual OMX_ERRORTYPE OMXJpegEncoder::configureBuffers(OMX_BUFFERHEADERTYPE*, OMX_BUFFERHEADERTYPE*):263] MAIN buf=0xf043a000, fd=227, offset=0 filled=0
01-29 11:32:50.047 714-16275/? D/mm-still: OMX_ERRORTYPE OMXJpegEncoder::writeExifData(QImage*, QIBuffer*):342] Image type 0 mobicat_mask 0
01-29 11:32:50.047 714-16275/? E/mm-still: virtual OMX_ERRORTYPE OMXJpegEncoder::startEncode():563] startEncode()
01-29 11:32:50.047 714-16275/? E/jpeg_hw: jpege_lib_hw_fe_buffer_cfg:295] w 320 h 240 stride 320 scanline 256
01-29 11:32:50.048 714-16275/? D/mm-still: int QImageHW10Encoder::ConfigureOutputBuffer():553] Received output image fd 230 addr 0xeadbe000 WorkBufSize 23887872 
01-29 11:32:50.053 714-16276/? D/mm-still: virtual int OMXJpegEncoder::EncodeComplete(QImage*):843] MainImage Encoding complete. Filled Length = 7548 m_thumbEncodingComplete 0
01-29 11:32:50.054 714-16276/? D/mm-still: int OMXJpegEncoder::CompleteMainImage():732] Encoded image length 8929
01-29 11:32:50.054 714-16275/? I/QCamera: <JPEG><INFO> mm_jpeg_fbd: 3064: count 0 
01-29 11:32:50.054 714-16275/? I/QCamera: <JPEG><INFO> mm_jpeg_fbd: 3065: KPI Perf] : PROFILE_JPEG_FBD
01-29 11:32:50.054 714-16275/? I/QCamera: <HAL><INFO> static void qcamera::QCamera3PicChannel::jpegEvtHandle(jpeg_job_status_t, uint32_t, uint32_t, mm_jpeg_output_t*, void*): 3077: Issue Jpeg Callback frameNumber = 439 status = 0
01-29 11:32:50.071 714-15294/? I/QCamera: <HAL><INFO> int32_t qcamera::QCamera3ReprocessChannel::doReprocessOffline(qcamera::qcamera_fwk_input_pp_data_t*, bool): 4500: Offline reprocessing id = 653 buf Id = 0 meta index = 4
01-29 11:32:50.071 747-15275/? D/mm-camera: <MCT   >< HIGH> 3122: mct_pipeline_process_set: command=8000019
01-29 11:32:50.071 747-15275/? I/mm-camera: <CPP   >< INFO> 867: cpp_module_handle_isp_out_dim_event: [STREAM_PARAMS]  stream type 9, width 320, height 240,stride 320, scanline 256, planes 2
01-29 11:32:50.071 747-15275/? I/mm-camera: <CPP   >< INFO> 886: cpp_module_handle_isp_out_dim_event: [STREAM_PARAMS] plane 0, stride 320, scanline 256, offset_x 0, offset_y 0, len 81920, offset:0
01-29 11:32:50.071 747-15275/? I/mm-camera: <CPP   >< INFO> 886: cpp_module_handle_isp_out_dim_event: [STREAM_PARAMS] plane 1, stride 320, scanline 256, offset_x 0, offset_y 0, len 40960, offset:0
01-29 11:32:50.071 747-15275/? I/mm-camera: <PPROC >< INFO> 2378: pproc_module_handle_reprocess_offline: input buf fd 133 type 5 size 122880 identity 10005, frame_id 653
01-29 11:32:50.073 714-15314/? I/QCamera: <HAL><INFO> virtual void qcamera::QCamera3ReprocessChannel::streamCbRoutine(mm_camera_super_buf_t*, qcamera::QCamera3Stream*): 3771: bufIndex: 1 recvd from post proc
01-29 11:32:50.073 714-15314/? E/QCamera: <HAL><ERROR> void qcamera::QCamera3HardwareInterface::handleInputBufferWithLock(uint32_t): 3166: Could not find input request for frame number 0
01-29 11:32:50.073 714-15294/? D/mm-still: virtual OMX_ERRORTYPE OMXJpegEncoder::releaseCodecLibs():1438] E
01-29 11:32:50.074 714-15294/? D/mm-still: virtual OMX_ERRORTYPE OMXJpegEncoder::releaseCodecLibs():1449] X
01-29 11:32:50.074 714-15294/? V/qomx_image_core: OMX_FreeHandle:338] 
01-29 11:32:50.074 714-15294/? D/qomx_image_core: get_idx_from_handle:297] comp_idx 0 inst_idx 1
01-29 11:32:50.074 714-15294/? I/qomx_image_core: OMX_FreeHandle:370] Error Component is still Active
01-29 11:32:50.075 714-15294/? V/qomx_image_core: OMX_FreeHandle:373] Success
01-29 11:32:50.075 714-15294/? I/QCamera: <HAL><INFO> int32_t qcamera::QCamera3PostProcessor::encodeData(qcamera::qcamera_hal3_jpeg_data_t*, uint8_t&): 1476: Src Buffer cnt = 2, res = 320X256 len = 122880 rot = 0 src_dim = 320X240 dst_dim = 320X240
01-29 11:32:50.075 714-15294/? I/QCamera: <HAL><INFO> int32_t qcamera::QCamera3PostProcessor::encodeData(qcamera::qcamera_hal3_jpeg_data_t*, uint8_t&): 1487: Src THUMB buf_cnt = 0, res = 0X0 len = 0 rot = 0 src_dim = 320X240, dst_dim = 0X0
01-29 11:32:50.075 714-15294/? D/mm-still: void* getInstance():47] Component ptr is 0xab809b90
01-29 11:32:50.075 714-15294/? I/qomx_image_core: OMX_GetHandle:243] get instance pts is 0xab809b90
01-29 11:32:50.075 714-15294/? D/qomx_image_core: OMX_GetHandle:263] handle = 0xab809b94 Instanceindex = 1,comp_idx 0 g_ptr 0xab8a26c0
01-29 11:32:50.075 714-15294/? I/qomx_image_core: OMX_GetHandle:267] Success
01-29 11:32:50.076 714-15294/? D/mm-still: virtual OMX_ERRORTYPE OMXJpegEncoder::preloadCodecLibs():1177] E
01-29 11:32:50.076 714-15294/? D/mm-still: virtual OMX_ERRORTYPE OMXJpegEncoder::configureEncodedata():79] size 320x240 pad 320x256 subsampling 0 format 0
01-29 11:32:50.076 714-15294/? D/mm-still: virtual OMX_ERRORTYPE OMXJpegEncoder::configureEncodedata():86] ImageSize 115200 76800
01-29 11:32:50.076 714-15294/? D/mm-still: virtual OMX_ERRORTYPE OMXJpegEncoder::configureEncodedata():115] Scaling not enabled width: 320 height:240
01-29 11:32:50.077 714-15294/? D/mm-still: virtual OMX_ERRORTYPE OMXJpegEncoder::preloadCodecLibs():1193] X
01-29 11:32:50.078 714-15294/? I/QCamera: <HAL><INFO> int32_t qcamera::QCamera3PostProcessor::encodeData(qcamera::qcamera_hal3_jpeg_data_t*, uint8_t&): 1589: Main image idx = 1 src w/h (320x240), dst w/h (320x240)
01-29 11:32:50.080 714-16277/? D/mm-still: virtual OMX_ERRORTYPE OMXJpegEncoder::configureEncodedata():79] size 320x240 pad 320x256 subsampling 0 format 0
01-29 11:32:50.080 714-16277/? D/mm-still: virtual OMX_ERRORTYPE OMXJpegEncoder::configureEncodedata():86] ImageSize 115200 76800
