01-29 11:32:49.299 747-15275/? I/mm-camera: <CPP   >< INFO> 886: cpp_module_handle_isp_out_dim_event: [STREAM_PARAMS] plane 0, stride 320, scanline 256, offset_x 0, offset_y 0, len 81920, offset:0
01-29 11:32:49.299 747-15275/? I/mm-camera: <CPP   >< INFO> 886: cpp_module_handle_isp_out_dim_event: [STREAM_PARAMS] plane 1, stride 320, scanline 256, offset_x 0, offset_y 0, len 40960, offset:0
01-29 11:32:49.299 747-15275/? I/mm-camera: <PPROC >< INFO> 2378: pproc_module_handle_reprocess_offline: input buf fd 129 type 5 size 122880 identity 10005, frame_id 630
01-29 11:32:49.301 714-15314/? I/QCamera: <HAL><INFO> virtual void qcamera::QCamera3ReprocessChannel::streamCbRoutine(mm_camera_super_buf_t*, qcamera::QCamera3Stream*): 3771: bufIndex: 0 recvd from post proc
01-29 11:32:49.301 714-15314/? E/QCamera: <HAL><ERROR> void qcamera::QCamera3HardwareInterface::handleInputBufferWithLock(uint32_t): 3166: Could not find input request for frame number 0
01-29 11:32:49.301 714-15294/? D/mm-still: virtual OMX_ERRORTYPE OMXJpegEncoder::releaseCodecLibs():1438] E
01-29 11:32:49.302 714-15294/? D/mm-still: virtual OMX_ERRORTYPE OMXJpegEncoder::releaseCodecLibs():1449] X
01-29 11:32:49.302 714-15294/? V/qomx_image_core: OMX_FreeHandle:338] 
01-29 11:32:49.302 714-15294/? D/qomx_image_core: get_idx_from_handle:297] comp_idx 0 inst_idx 1
01-29 11:32:49.302 714-15294/? I/qomx_image_core: OMX_FreeHandle:370] Error Component is still Active
01-29 11:32:49.302 714-15294/? V/qomx_image_core: OMX_FreeHandle:373] Success
01-29 11:32:49.303 714-15294/? I/QCamera: <HAL><INFO> int32_t qcamera::QCamera3PostProcessor::encodeData(qcamera::qcamera_hal3_jpeg_data_t*, uint8_t&): 1476: Src Buffer cnt = 2, res = 320X256 len = 122880 rot = 0 src_dim = 320X240 dst_dim = 320X240
01-29 11:32:49.303 714-15294/? I/QCamera: <HAL><INFO> int32_t qcamera::QCamera3PostProcessor::encodeData(qcamera::qcamera_hal3_jpeg_data_t*, uint8_t&): 1487: Src THUMB buf_cnt = 0, res = 0X0 len = 0 rot = 0 src_dim = 320X240, dst_dim = 0X0
01-29 11:32:49.303 714-15294/? D/mm-still: void* getInstance():47] Component ptr is 0xab809b90
01-29 11:32:49.303 714-15294/? I/qomx_image_core: OMX_GetHandle:243] get instance pts is 0xab809b90
01-29 11:32:49.303 714-15294/? D/qomx_image_core: OMX_GetHandle:263] handle = 0xab809b94 Instanceindex = 1,comp_idx 0 g_ptr 0xab8a26c0
01-29 11:32:49.303 714-15294/? I/qomx_image_core: OMX_GetHandle:267] Success
01-29 11:32:49.303 714-15294/? D/mm-still: virtual OMX_ERRORTYPE OMXJpegEncoder::preloadCodecLibs():1177] E
01-29 11:32:49.303 714-15294/? D/mm-still: virtual OMX_ERRORTYPE OMXJpegEncoder::configureEncodedata():79] size 320x240 pad 320x256 subsampling 0 format 0
01-29 11:32:49.303 714-15294/? D/mm-still: virtual OMX_ERRORTYPE OMXJpegEncoder::configureEncodedata():86] ImageSize 115200 76800
01-29 11:32:49.303 714-15294/? D/mm-still: virtual OMX_ERRORTYPE OMXJpegEncoder::configureEncodedata():115] Scaling not enabled width: 320 height:240
01-29 11:32:49.305 714-15294/? D/mm-still: virtual OMX_ERRORTYPE OMXJpegEncoder::preloadCodecLibs():1193] X
01-29 11:32:49.305 714-15294/? I/QCamera: <HAL><INFO> int32_t qcamera::QCamera3PostProcessor::encodeData(qcamera::qcamera_hal3_jpeg_data_t*, uint8_t&): 1589: Main image idx = 0 src w/h (320x240), dst w/h (320x240)
01-29 11:32:49.308 714-16239/? D/mm-still: virtual OMX_ERRORTYPE OMXJpegEncoder::configureEncodedata():79] size 320x240 pad 320x256 subsampling 0 format 0
01-29 11:32:49.308 714-16239/? D/mm-still: virtual OMX_ERRORTYPE OMXJpegEncoder::configureEncodedata():86] ImageSize 115200 76800
01-29 11:32:49.308 714-16239/? D/mm-still: virtual OMX_ERRORTYPE OMXJpegEncoder::configureEncodedata():115] Scaling not enabled width: 320 height:240
01-29 11:32:49.308 714-16239/? D/mm-still: virtual OMX_ERRORTYPE OMXJpegEncoder::configureBuffers(OMX_BUFFERHEADERTYPE*, OMX_BUFFERHEADERTYPE*):263] MAIN buf=0xf043a000, fd=227, offset=0 filled=0
01-29 11:32:49.308 714-16239/? D/mm-still: OMX_ERRORTYPE OMXJpegEncoder::writeExifData(QImage*, QIBuffer*):342] Image type 0 mobicat_mask 0
01-29 11:32:49.308 714-16239/? E/mm-still: virtual OMX_ERRORTYPE OMXJpegEncoder::startEncode():563] startEncode()
01-29 11:32:49.308 714-16239/? E/jpeg_hw: jpege_lib_hw_fe_buffer_cfg:295] w 320 h 240 stride 320 scanline 256
01-29 11:32:49.308 714-16239/? D/mm-still: int QImageHW10Encoder::ConfigureOutputBuffer():553] Received output image fd 230 addr 0xeadbe000 WorkBufSize 23887872 
01-29 11:32:49.311 714-16240/? D/mm-still: virtual int OMXJpegEncoder::EncodeComplete(QImage*):843] MainImage Encoding complete. Filled Length = 7551 m_thumbEncodingComplete 0
01-29 11:32:49.311 714-16240/? D/mm-still: int OMXJpegEncoder::CompleteMainImage():732] Encoded image length 8932
01-29 11:32:49.312 714-16239/? I/QCamera: <JPEG><INFO> mm_jpeg_fbd: 3064: count 0 
01-29 11:32:49.312 714-16239/? I/QCamera: <JPEG><INFO> mm_jpeg_fbd: 3065: KPI Perf] : PROFILE_JPEG_FBD
01-29 11:32:49.312 714-16239/? I/QCamera: <HAL><INFO> static void qcamera::QCamera3PicChannel::jpegEvtHandle(jpeg_job_status_t, uint32_t, uint32_t, mm_jpeg_output_t*, void*): 3077: Issue Jpeg Callback frameNumber = 423 status = 0
01-29 11:32:49.333 714-15294/? I/QCamera: <HAL><INFO> int32_t qcamera::QCamera3ReprocessChannel::doReprocessOffline(qcamera::qcamera_fwk_input_pp_data_t*, bool): 4500: Offline reprocessing id = 631 buf Id = 0 meta index = 4
01-29 11:32:49.333 747-15275/? D/mm-camera: <MCT   >< HIGH> 3122: mct_pipeline_process_set: command=8000019
01-29 11:32:49.333 747-15275/? I/mm-camera: <CPP   >< INFO> 867: cpp_module_handle_isp_out_dim_event: [STREAM_PARAMS]  stream type 9, width 320, height 240,stride 320, scanline 256, planes 2
01-29 11:32:49.333 747-15275/? I/mm-camera: <CPP   >< INFO> 886: cpp_module_handle_isp_out_dim_event: [STREAM_PARAMS] plane 0, stride 320, scanline 256, offset_x 0, offset_y 0, len 81920, offset:0
01-29 11:32:49.333 747-15275/? I/mm-camera: <CPP   >< INFO> 886: cpp_module_handle_isp_out_dim_event: [STREAM_PARAMS] plane 1, stride 320, scanline 256, offset_x 0, offset_y 0, len 40960, offset:0
01-29 11:32:49.333 747-15275/? I/mm-camera: <PPROC >< INFO> 2378: pproc_module_handle_reprocess_offline: input buf fd 131 type 5 size 122880 identity 10005, frame_id 631
01-29 11:32:49.335 714-15314/? I/QCamera: <HAL><INFO> virtual void qcamera::QCamera3ReprocessChannel::streamCbRoutine(mm_camera_super_buf_t*, qcamera::QCamera3Stream*): 3771: bufIndex: 1 recvd from post proc
01-29 11:32:49.335 714-15314/? E/QCamera: <HAL><ERROR> void qcamera::QCamera3HardwareInterface::handleInputBufferWithLock(uint32_t): 3166: Could not find input request for frame number 0
01-29 11:32:49.335 714-15294/? D/mm-still: virtual OMX_ERRORTYPE OMXJpegEncoder::releaseCodecLibs():1438] E
01-29 11:32:49.336 714-15294/? D/mm-still: virtual OMX_ERRORTYPE OMXJpegEncoder::releaseCodecLibs():1449] X
01-29 11:32:49.336 714-15294/? V/qomx_image_core: OMX_FreeHandle:338] 
01-29 11:32:49.336 714-15294/? D/qomx_image_core: get_idx_from_handle:297] comp_idx 0 inst_idx 1
01-29 11:32:49.336 714-15294/? I/qomx_image_core: OMX_FreeHandle:370] Error Component is still Active
01-29 11:32:49.336 714-15294/? V/qomx_image_core: OMX_FreeHandle:373] Success
01-29 11:32:49.336 714-15294/? I/QCamera: <HAL><INFO> int32_t qcamera::QCamera3PostProcessor::encodeData(qcamera::qcamera_hal3_jpeg_data_t*, uint8_t&): 1476: Src Buffer cnt = 2, res = 320X256 len = 122880 rot = 0 src_dim = 320X240 dst_dim = 320X240
01-29 11:32:49.336 714-15294/? I/QCamera: <HAL><INFO> int32_t qcamera::QCamera3PostProcessor::encodeData(qcamera::qcamera_hal3_jpeg_data_t*, uint8_t&): 1487: Src THUMB buf_cnt = 0, res = 0X0 len = 0 rot = 0 src_dim = 320X240, dst_dim = 0X0
01-29 11:32:49.336 714-15294/? D/mm-still: void* getInstance():47] Component ptr is 0xab809b90
01-29 11:32:49.336 714-15294/? I/qomx_image_core: OMX_GetHandle:243] get instance pts is 0xab809b90
01-29 11:32:49.337 714-15294/? D/qomx_image_core: OMX_GetHandle:263] handle = 0xab809b94 Instanceindex = 1,comp_idx 0 g_ptr 0xab8a26c0
01-29 11:32:49.337 714-15294/? I/qomx_image_core: OMX_GetHandle:267] Success
01-29 11:32:49.337 714-15294/? D/mm-still: virtual OMX_ERRORTYPE OMXJpegEncoder::preloadCodecLibs():1177] E
01-29 11:32:49.337 714-15294/? D/mm-still: virtual OMX_ERRORTYPE OMXJpegEncoder::configureEncodedata():79] size 320x240 pad 320x256 subsampling 0 format 0
01-29 11:32:49.337 714-15294/? D/mm-still: virtual OMX_ERRORTYPE OMXJpegEncoder::configureEncodedata():86] ImageSize 115200 76800
01-29 11:32:49.337 714-15294/? D/mm-still: virtual OMX_ERRORTYPE OMXJpegEncoder::configureEncodedata():115] Scaling not enabled width: 320 height:240
01-29 11:32:49.338 714-15294/? D/mm-still: virtual OMX_ERRORTYPE OMXJpegEncoder::preloadCodecLibs():1193] X
01-29 11:32:49.338 714-15294/? I/QCamera: <HAL><INFO> int32_t qcamera::QCamera3PostProcessor::encodeData(qcamera::qcamera_hal3_jpeg_data_t*, uint8_t&): 1589: Main image idx = 1 src w/h (320x240), dst w/h (320x240)
01-29 11:32:49.340 714-16241/? D/mm-still: virtual OMX_ERRORTYPE OMXJpegEncoder::configureEncodedata():79] size 320x240 pad 320x256 subsampling 0 format 0
01-29 11:32:49.340 714-16241/? D/mm-still: virtual OMX_ERRORTYPE OMXJpegEncoder::configureEncodedata():86] ImageSize 115200 76800
01-29 11:32:49.340 714-16241/? D/mm-still: virtual OMX_ERRORTYPE OMXJpegEncoder::configureEncodedata():115] Scaling not enabled width: 320 height:240
01-29 11:32:49.340 714-16241/? D/mm-still: virtual OMX_ERRORTYPE OMXJpegEncoder::configureBuffers(OMX_BUFFERHEADERTYPE*, OMX_BUFFERHEADERTYPE*):263] MAIN buf=0xf0407000, fd=231, offset=0 filled=0
01-29 11:32:49.340 714-16241/? D/mm-still: OMX_ERRORTYPE OMXJpegEncoder::writeExifData(QImage*, QIBuffer*):342] Image type 0 mobicat_mask 0
01-29 11:32:49.341 714-16241/? E/mm-still: virtual OMX_ERRORTYPE OMXJpegEncoder::startEncode():563] startEncode()
01-29 11:32:49.341 714-16241/? E/jpeg_hw: jpege_lib_hw_fe_buffer_cfg:295] w 320 h 240 stride 320 scanline 256
01-29 11:32:49.341 714-16241/? D/mm-still: int QImageHW10Encoder::ConfigureOutputBuffer():553] Received output image fd 230 addr 0xeadbe000 WorkBufSize 23887872 
01-29 11:32:49.344 714-16242/? D/mm-still: virtual int OMXJpegEncoder::EncodeComplete(QImage*):843] MainImage Encoding complete. Filled Length = 7497 m_thumbEncodingComplete 0
01-29 11:32:49.344 714-16242/? D/mm-still: int OMXJpegEncoder::CompleteMainImage():732] Encoded image length 8878
01-29 11:32:49.344 714-16241/? I/QCamera: <JPEG><INFO> mm_jpeg_fbd: 3064: count 0 
01-29 11:32:49.344 714-16241/? I/QCamera: <JPEG><INFO> mm_jpeg_fbd: 3065: KPI Perf] : PROFILE_JPEG_FBD
01-29 11:32:49.344 714-16241/? I/QCamera: <HAL><INFO> static void qcamera::QCamera3PicChannel::jpegEvtHandle(jpeg_job_status_t, uint32_t, uint32_t, mm_jpeg_output_t*, void*): 3077: Issue Jpeg Callback frameNumber = 424 status = 0
01-29 11:32:49.365 714-15294/? I/QCamera: <HAL><INFO> int32_t qcamera::QCamera3ReprocessChannel::doReprocessOffline(qcamera::qcamera_fwk_input_pp_data_t*, bool): 4500: Offline reprocessing id = 632 buf Id = 1 meta index = 5
01-29 11:32:49.365 747-15275/? D/mm-camera: <MCT   >< HIGH> 3122: mct_pipeline_process_set: command=8000019
01-29 11:32:49.365 747-15275/? I/mm-camera: <CPP   >< INFO> 867: cpp_module_handle_isp_out_dim_event: [STREAM_PARAMS]  stream type 9, width 320, height 240,stride 320, scanline 256, planes 2
01-29 11:32:49.365 747-15275/? I/mm-camera: <CPP   >< INFO> 886: cpp_module_handle_isp_out_dim_event: [STREAM_PARAMS] plane 0, stride 320, scanline 256, offset_x 0, offset_y 0, len 81920, offset:0
01-29 11:32:49.365 747-15275/? I/mm-camera: <CPP   >< INFO> 886: cpp_module_handle_isp_out_dim_event: [STREAM_PARAMS] plane 1, stride 320, scanline 256, offset_x 0, offset_y 0, len 40960, offset:0
01-29 11:32:49.366 747-15275/? I/mm-camera: <PPROC >< INFO> 2378: pproc_module_handle_reprocess_offline: input buf fd 133 type 5 size 122880 identity 10005, frame_id 632
01-29 11:32:49.368 714-15314/? I/QCamera: <HAL><INFO> virtual void qcamera::QCamera3ReprocessChannel::streamCbRoutine(mm_camera_super_buf_t*, qcamera::QCamera3Stream*): 3771: bufIndex: 0 recvd from post proc
01-29 11:32:49.368 714-15314/? E/QCamera: <HAL><ERROR> void qcamera::QCamera3HardwareInterface::handleInputBufferWithLock(uint32_t): 3166: Could not find input request for frame number 0
01-29 11:32:49.369 714-15294/? D/mm-still: virtual OMX_ERRORTYPE OMXJpegEncoder::releaseCodecLibs():1438] E
01-29 11:32:49.370 714-15294/? D/mm-still: virtual OMX_ERRORTYPE OMXJpegEncoder::releaseCodecLibs():1449] X
01-29 11:32:49.370 714-15294/? V/qomx_image_core: OMX_FreeHandle:338] 
01-29 11:32:49.370 714-15294/? D/qomx_image_core: get_idx_from_handle:297] comp_idx 0 inst_idx 1
01-29 11:32:49.371 714-15294/? I/qomx_image_core: OMX_FreeHandle:370] Error Component is still Active
01-29 11:32:49.371 714-15294/? V/qomx_image_core: OMX_FreeHandle:373] Success
01-29 11:32:49.371 714-15294/? I/QCamera: <HAL><INFO> int32_t qcamera::QCamera3PostProcessor::encodeData(qcamera::qcamera_hal3_jpeg_data_t*, uint8_t&): 1476: Src Buffer cnt = 2, res = 320X256 len = 122880 rot = 0 src_dim = 320X240 dst_dim = 320X240
01-29 11:32:49.371 714-15294/? I/QCamera: <HAL><INFO> int32_t qcamera::QCamera3PostProcessor::encodeData(qcamera::qcamera_hal3_jpeg_data_t*, uint8_t&): 1487: Src THUMB buf_cnt = 0, res = 0X0 len = 0 rot = 0 src_dim = 320X240, dst_dim = 0X0
01-29 11:32:49.371 714-15294/? D/mm-still: void* getInstance():47] Component ptr is 0xab809b90
01-29 11:32:49.371 714-15294/? I/qomx_image_core: OMX_GetHandle:243] get instance pts is 0xab809b90
01-29 11:32:49.371 714-15294/? D/qomx_image_core: OMX_GetHandle:263] handle = 0xab809b94 Instanceindex = 1,comp_idx 0 g_ptr 0xab8a26c0
01-29 11:32:49.371 714-15294/? I/qomx_image_core: OMX_GetHandle:267] Success
01-29 11:32:49.371 714-15294/? D/mm-still: virtual OMX_ERRORTYPE OMXJpegEncoder::preloadCodecLibs():1177] E
01-29 11:32:49.371 714-15294/? D/mm-still: virtual OMX_ERRORTYPE OMXJpegEncoder::configureEncodedata():79] size 320x240 pad 320x256 subsampling 0 format 0
01-29 11:32:49.371 714-15294/? D/mm-still: virtual OMX_ERRORTYPE OMXJpegEncoder::configureEncodedata():86] ImageSize 115200 76800
01-29 11:32:49.371 714-15294/? D/mm-still: virtual OMX_ERRORTYPE OMXJpegEncoder::configureEncodedata():115] Scaling not enabled width: 320 height:240
01-29 11:32:49.373 714-15294/? D/mm-still: virtual OMX_ERRORTYPE OMXJpegEncoder::preloadCodecLibs():1193] X
01-29 11:32:49.373 714-15294/? I/QCamera: <HAL><INFO> int32_t qcamera::QCamera3PostProcessor::encodeData(qcamera::qcamera_hal3_jpeg_data_t*, uint8_t&): 1589: Main image idx = 0 src w/h (320x240), dst w/h (320x240)
01-29 11:32:49.376 714-16243/? D/mm-still: virtual OMX_ERRORTYPE OMXJpegEncoder::configureEncodedata():79] size 320x240 pad 320x256 subsampling 0 format 0
01-29 11:32:49.376 714-16243/? D/mm-still: virtual OMX_ERRORTYPE OMXJpegEncoder::configureEncodedata():86] ImageSize 115200 76800
01-29 11:32:49.376 714-16243/? D/mm-still: virtual OMX_ERRORTYPE OMXJpegEncoder::configureEncodedata():115] Scaling not enabled width: 320 height:240
01-29 11:32:49.376 714-16243/? D/mm-still: virtual OMX_ERRORTYPE OMXJpegEncoder::configureBuffers(OMX_BUFFERHEADERTYPE*, OMX_BUFFERHEADERTYPE*):263] MAIN buf=0xf043a000, fd=227, offset=0 filled=0
01-29 11:32:49.376 714-16243/? D/mm-still: OMX_ERRORTYPE OMXJpegEncoder::writeExifData(QImage*, QIBuffer*):342] Image type 0 mobicat_mask 0
01-29 11:32:49.376 714-16243/? E/mm-still: virtual OMX_ERRORTYPE OMXJpegEncoder::startEncode():563] startEncode()
01-29 11:32:49.376 714-16243/? E/jpeg_hw: jpege_lib_hw_fe_buffer_cfg:295] w 320 h 240 stride 320 scanline 256
01-29 11:32:49.376 714-16243/? D/mm-still: int QImageHW10Encoder::ConfigureOutputBuffer():553] Received output image fd 230 addr 0xeadbe000 WorkBufSize 23887872 
01-29 11:32:49.379 714-16244/? D/mm-still: virtual int OMXJpegEncoder::EncodeComplete(QImage*):843] MainImage Encoding complete. Filled Length = 7533 m_thumbEncodingComplete 0
01-29 11:32:49.379 714-16244/? D/mm-still: int OMXJpegEncoder::CompleteMainImage():732] Encoded image length 8914
01-29 11:32:49.379 714-16243/? I/QCamera: <JPEG><INFO> mm_jpeg_fbd: 3064: count 0 
01-29 11:32:49.379 714-16243/? I/QCamera: <JPEG><INFO> mm_jpeg_fbd: 3065: KPI Perf] : PROFILE_JPEG_FBD
01-29 11:32:49.380 714-16243/? I/QCamera: <HAL><INFO> static void qcamera::QCamera3PicChannel::jpegEvtHandle(jpeg_job_status_t, uint32_t, uint32_t, mm_jpeg_output_t*, void*): 3077: Issue Jpeg Callback frameNumber = 425 status = 0
01-29 11:32:49.433 714-15294/? I/QCamera: <HAL><INFO> int32_t qcamera::QCamera3ReprocessChannel::doReprocessOffline(qcamera::qcamera_fwk_input_pp_data_t*, bool): 4500: Offline reprocessing id = 634 buf Id = 2 meta index = 6
01-29 11:32:49.434 747-15275/? D/mm-camera: <MCT   >< HIGH> 3122: mct_pipeline_process_set: command=8000019
01-29 11:32:49.434 747-15275/? I/mm-camera: <CPP   >< INFO> 867: cpp_module_handle_isp_out_dim_event: [STREAM_PARAMS]  stream type 9, width 320, height 240,stride 320, scanline 256, planes 2
01-29 11:32:49.434 747-15275/? I/mm-camera: <CPP   >< INFO> 886: cpp_module_handle_isp_out_dim_event: [STREAM_PARAMS] plane 0, stride 320, scanline 256, offset_x 0, offset_y 0, len 81920, offset:0
01-29 11:32:49.434 747-15275/? I/mm-camera: <CPP   >< INFO> 886: cpp_module_handle_isp_out_dim_event: [STREAM_PARAMS] plane 1, stride 320, scanline 256, offset_x 0, offset_y 0, len 40960, offset:0
01-29 11:32:49.434 747-15275/? I/mm-camera: <PPROC >< INFO> 2378: pproc_module_handle_reprocess_offline: input buf fd 129 type 5 size 122880 identity 10005, frame_id 634
01-29 11:32:49.436 714-15314/? I/QCamera: <HAL><INFO> virtual void qcamera::QCamera3ReprocessChannel::streamCbRoutine(mm_camera_super_buf_t*, qcamera::QCamera3Stream*): 3771: bufIndex: 1 recvd from post proc
01-29 11:32:49.436 714-15314/? E/QCamera: <HAL><ERROR> void qcamera::QCamera3HardwareInterface::handleInputBufferWithLock(uint32_t): 3166: Could not find input request for frame number 0
01-29 11:32:49.437 714-15294/? D/mm-still: virtual OMX_ERRORTYPE OMXJpegEncoder::releaseCodecLibs():1438] E
01-29 11:32:49.438 714-15294/? D/mm-still: virtual OMX_ERRORTYPE OMXJpegEncoder::releaseCodecLibs():1449] X
01-29 11:32:49.438 714-15294/? V/qomx_image_core: OMX_FreeHandle:338] 
01-29 11:32:49.438 714-15294/? D/qomx_image_core: get_idx_from_handle:297] comp_idx 0 inst_idx 1
01-29 11:32:49.439 714-15294/? I/qomx_image_core: OMX_FreeHandle:370] Error Component is still Active
01-29 11:32:49.439 714-15294/? V/qomx_image_core: OMX_FreeHandle:373] Success
01-29 11:32:49.439 714-15294/? I/QCamera: <HAL><INFO> int32_t qcamera::QCamera3PostProcessor::encodeData(qcamera::qcamera_hal3_jpeg_data_t*, uint8_t&): 1476: Src Buffer cnt = 2, res = 320X256 len = 122880 rot = 0 src_dim = 320X240 dst_dim = 320X240
01-29 11:32:49.439 714-15294/? I/QCamera: <HAL><INFO> int32_t qcamera::QCamera3PostProcessor::encodeData(qcamera::qcamera_hal3_jpeg_data_t*, uint8_t&): 1487: Src THUMB buf_cnt = 0, res = 0X0 len = 0 rot = 0 src_dim = 320X240, dst_dim = 0X0
01-29 11:32:49.439 714-15294/? D/mm-still: void* getInstance():47] Component ptr is 0xab809b90
01-29 11:32:49.439 714-15294/? I/qomx_image_core: OMX_GetHandle:243] get instance pts is 0xab809b90
01-29 11:32:49.440 714-15294/? D/qomx_image_core: OMX_GetHandle:263] handle = 0xab809b94 Instanceindex = 1,comp_idx 0 g_ptr 0xab8a26c0
01-29 11:32:49.440 714-15294/? I/qomx_image_core: OMX_GetHandle:267] Success
01-29 11:32:49.440 714-15294/? D/mm-still: virtual OMX_ERRORTYPE OMXJpegEncoder::preloadCodecLibs():1177] E
01-29 11:32:49.440 714-15294/? D/mm-still: virtual OMX_ERRORTYPE OMXJpegEncoder::configureEncodedata():79] size 320x240 pad 320x256 subsampling 0 format 0
01-29 11:32:49.440 714-15294/? D/mm-still: virtual OMX_ERRORTYPE OMXJpegEncoder::configureEncodedata():86] ImageSize 115200 76800
01-29 11:32:49.440 714-15294/? D/mm-still: virtual OMX_ERRORTYPE OMXJpegEncoder::configureEncodedata():115] Scaling not enabled width: 320 height:240
01-29 11:32:49.442 714-15294/? D/mm-still: virtual OMX_ERRORTYPE OMXJpegEncoder::preloadCodecLibs():1193] X
01-29 11:32:49.442 714-15294/? I/QCamera: <HAL><INFO> int32_t qcamera::QCamera3PostProcessor::encodeData(qcamera::qcamera_hal3_jpeg_data_t*, uint8_t&): 1589: Main image idx = 1 src w/h (320x240), dst w/h (320x240)
01-29 11:32:49.446 714-16245/? D/mm-still: virtual OMX_ERRORTYPE OMXJpegEncoder::configureEncodedata():79] size 320x240 pad 320x256 subsampling 0 format 0
01-29 11:32:49.446 714-16245/? D/mm-still: virtual OMX_ERRORTYPE OMXJpegEncoder::configureEncodedata():86] ImageSize 115200 76800
01-29 11:32:49.446 714-16245/? D/mm-still: virtual OMX_ERRORTYPE OMXJpegEncoder::configureEncodedata():115] Scaling not enabled width: 320 height:240
01-29 11:32:49.446 714-16245/? D/mm-still: virtual OMX_ERRORTYPE OMXJpegEncoder::configureBuffers(OMX_BUFFERHEADERTYPE*, OMX_BUFFERHEADERTYPE*):263] MAIN buf=0xf0407000, fd=231, offset=0 filled=0
01-29 11:32:49.446 714-16245/? D/mm-still: OMX_ERRORTYPE OMXJpegEncoder::writeExifData(QImage*, QIBuffer*):342] Image type 0 mobicat_mask 0
01-29 11:32:49.446 714-16245/? E/mm-still: virtual OMX_ERRORTYPE OMXJpegEncoder::startEncode():563] startEncode()
01-29 11:32:49.446 714-16245/? E/jpeg_hw: jpege_lib_hw_fe_buffer_cfg:295] w 320 h 240 stride 320 scanline 256
01-29 11:32:49.447 714-16245/? D/mm-still: int QImageHW10Encoder::ConfigureOutputBuffer():553] Received output image fd 230 addr 0xeadbe000 WorkBufSize 23887872 
01-29 11:32:49.451 714-16246/? D/mm-still: virtual int OMXJpegEncoder::EncodeComplete(QImage*):843] MainImage Encoding complete. Filled Length = 7536 m_thumbEncodingComplete 0
01-29 11:32:49.452 714-16246/? D/mm-still: int OMXJpegEncoder::CompleteMainImage():732] Encoded image length 8917
01-29 11:32:49.452 714-16245/? I/QCamera: <JPEG><INFO> mm_jpeg_fbd: 3064: count 0 
01-29 11:32:49.452 714-16245/? I/QCamera: <JPEG><INFO> mm_jpeg_fbd: 3065: KPI Perf] : PROFILE_JPEG_FBD
01-29 11:32:49.453 714-16245/? I/QCamera: <HAL><INFO> static void qcamera::QCamera3PicChannel::jpegEvtHandle(jpeg_job_status_t, uint32_t, uint32_t, mm_jpeg_output_t*, void*): 3077: Issue Jpeg Callback frameNumber = 426 status = 0
01-29 11:32:49.465 714-15294/? I/QCamera: <HAL><INFO> int32_t qcamera::QCamera3ReprocessChannel::doReprocessOffline(qcamera::qcamera_fwk_input_pp_data_t*, bool): 4500: Offline reprocessing id = 635 buf Id = 3 meta index = 7
01-29 11:32:49.466 747-15275/? D/mm-camera: <MCT   >< HIGH> 3122: mct_pipeline_process_set: command=8000019
01-29 11:32:49.466 747-15275/? I/mm-camera: <CPP   >< INFO> 867: cpp_module_handle_isp_out_dim_event: [STREAM_PARAMS]  stream type 9, width 320, height 240,stride 320, scanline 256, planes 2
01-29 11:32:49.466 747-15275/? I/mm-camera: <CPP   >< INFO> 886: cpp_module_handle_isp_out_dim_event: [STREAM_PARAMS] plane 0, stride 320, scanline 256, offset_x 0, offset_y 0, len 81920, offset:0
01-29 11:32:49.466 747-15275/? I/mm-camera: <CPP   >< INFO> 886: cpp_module_handle_isp_out_dim_event: [STREAM_PARAMS] plane 1, stride 320, scanline 256, offset_x 0, offset_y 0, len 40960, offset:0
01-29 11:32:49.466 747-15275/? I/mm-camera: <PPROC >< INFO> 2378: pproc_module_handle_reprocess_offline: input buf fd 131 type 5 size 122880 identity 10005, frame_id 635
01-29 11:32:49.468 714-15314/? I/QCamera: <HAL><INFO> virtual void qcamera::QCamera3ReprocessChannel::streamCbRoutine(mm_camera_super_buf_t*, qcamera::QCamera3Stream*): 3771: bufIndex: 0 recvd from post proc
01-29 11:32:49.468 714-15314/? E/QCamera: <HAL><ERROR> void qcamera::QCamera3HardwareInterface::handleInputBufferWithLock(uint32_t): 3166: Could not find input request for frame number 0
01-29 11:32:49.469 714-15294/? D/mm-still: virtual OMX_ERRORTYPE OMXJpegEncoder::releaseCodecLibs():1438] E
01-29 11:32:49.471 714-15294/? D/mm-still: virtual OMX_ERRORTYPE OMXJpegEncoder::releaseCodecLibs():1449] X
01-29 11:32:49.471 714-15294/? V/qomx_image_core: OMX_FreeHandle:338] 
01-29 11:32:49.471 714-15294/? D/qomx_image_core: get_idx_from_handle:297] comp_idx 0 inst_idx 1
01-29 11:32:49.472 714-15294/? I/qomx_image_core: OMX_FreeHandle:370] Error Component is still Active
01-29 11:32:49.472 714-15294/? V/qomx_image_core: OMX_FreeHandle:373] Success
01-29 11:32:49.472 714-15294/? I/QCamera: <HAL><INFO> int32_t qcamera::QCamera3PostProcessor::encodeData(qcamera::qcamera_hal3_jpeg_data_t*, uint8_t&): 1476: Src Buffer cnt = 2, res = 320X256 len = 122880 rot = 0 src_dim = 320X240 dst_dim = 320X240
01-29 11:32:49.472 714-15294/? I/QCamera: <HAL><INFO> int32_t qcamera::QCamera3PostProcessor::encodeData(qcamera::qcamera_hal3_jpeg_data_t*, uint8_t&): 1487: Src THUMB buf_cnt = 0, res = 0X0 len = 0 rot = 0 src_dim = 320X240, dst_dim = 0X0
01-29 11:32:49.472 714-15294/? D/mm-still: void* getInstance():47] Component ptr is 0xab809b90
01-29 11:32:49.472 714-15294/? I/qomx_image_core: OMX_GetHandle:243] get instance pts is 0xab809b90
01-29 11:32:49.472 714-15294/? D/qomx_image_core: OMX_GetHandle:263] handle = 0xab809b94 Instanceindex = 1,comp_idx 0 g_ptr 0xab8a26c0
01-29 11:32:49.472 714-15294/? I/qomx_image_core: OMX_GetHandle:267] Success
01-29 11:32:49.472 714-15294/? D/mm-still: virtual OMX_ERRORTYPE OMXJpegEncoder::preloadCodecLibs():1177] E
01-29 11:32:49.472 714-15294/? D/mm-still: virtual OMX_ERRORTYPE OMXJpegEncoder::configureEncodedata():79] size 320x240 pad 320x256 subsampling 0 format 0
01-29 11:32:49.472 714-15294/? D/mm-still: virtual OMX_ERRORTYPE OMXJpegEncoder::configureEncodedata():86] ImageSize 115200 76800
01-29 11:32:49.472 714-15294/? D/mm-still: virtual OMX_ERRORTYPE OMXJpegEncoder::configureEncodedata():115] Scaling not enabled width: 320 height:240
01-29 11:32:49.474 714-15294/? D/mm-still: virtual OMX_ERRORTYPE OMXJpegEncoder::preloadCodecLibs():1193] X
01-29 11:32:49.474 714-15294/? I/QCamera: <HAL><INFO> int32_t qcamera::QCamera3PostProcessor::encodeData(qcamera::qcamera_hal3_jpeg_data_t*, uint8_t&): 1589: Main image idx = 0 src w/h (320x240), dst w/h (320x240)
01-29 11:32:49.476 714-16247/? D/mm-still: virtual OMX_ERRORTYPE OMXJpegEncoder::configureEncodedata():79] size 320x240 pad 320x256 subsampling 0 format 0
01-29 11:32:49.476 714-16247/? D/mm-still: virtual OMX_ERRORTYPE OMXJpegEncoder::configureEncodedata():86] ImageSize 115200 76800
01-29 11:32:49.476 714-16247/? D/mm-still: virtual OMX_ERRORTYPE OMXJpegEncoder::configureEncodedata():115] Scaling not enabled width: 320 height:240
01-29 11:32:49.476 714-16247/? D/mm-still: virtual OMX_ERRORTYPE OMXJpegEncoder::configureBuffers(OMX_BUFFERHEADERTYPE*, OMX_BUFFERHEADERTYPE*):263] MAIN buf=0xf043a000, fd=227, offset=0 filled=0
01-29 11:32:49.476 714-16247/? D/mm-still: OMX_ERRORTYPE OMXJpegEncoder::writeExifData(QImage*, QIBuffer*):342] Image type 0 mobicat_mask 0
01-29 11:32:49.477 714-16247/? E/mm-still: virtual OMX_ERRORTYPE OMXJpegEncoder::startEncode():563] startEncode()
01-29 11:32:49.477 714-16247/? E/jpeg_hw: jpege_lib_hw_fe_buffer_cfg:295] w 320 h 240 stride 320 scanline 256
01-29 11:32:49.477 714-16247/? D/mm-still: int QImageHW10Encoder::ConfigureOutputBuffer():553] Received output image fd 230 addr 0xeadbe000 WorkBufSize 23887872 
01-29 11:32:49.481 714-16248/? D/mm-still: virtual int OMXJpegEncoder::EncodeComplete(QImage*):843] MainImage Encoding complete. Filled Length = 7532 m_thumbEncodingComplete 0
01-29 11:32:49.481 714-16248/? D/mm-still: int OMXJpegEncoder::CompleteMainImage():732] Encoded image length 8913
01-29 11:32:49.485 714-16247/? I/QCamera: <JPEG><INFO> mm_jpeg_fbd: 3064: count 0 
01-29 11:32:49.485 714-16247/? I/QCamera: <JPEG><INFO> mm_jpeg_fbd: 3065: KPI Perf] : PROFILE_JPEG_FBD
01-29 11:32:49.485 714-16247/? I/QCamera: <HAL><INFO> static void qcamera::QCamera3PicChannel::jpegEvtHandle(jpeg_job_status_t, uint32_t, uint32_t, mm_jpeg_output_t*, void*): 3077: Issue Jpeg Callback frameNumber = 427 status = 0
01-29 11:32:49.500 714-15294/? I/QCamera: <HAL><INFO> int32_t qcamera::QCamera3ReprocessChannel::doReprocessOffline(qcamera::qcamera_fwk_input_pp_data_t*, bool): 4500: Offline reprocessing id = 636 buf Id = 0 meta index = 4
01-29 11:32:49.500 747-15275/? D/mm-camera: <MCT   >< HIGH> 3122: mct_pipeline_process_set: command=8000019
01-29 11:32:49.500 747-15275/? I/mm-camera: <CPP   >< INFO> 867: cpp_module_handle_isp_out_dim_event: [STREAM_PARAMS]  stream type 9, width 320, height 240,stride 320, scanline 256, planes 2
01-29 11:32:49.500 747-15275/? I/mm-camera: <CPP   >< INFO> 886: cpp_module_handle_isp_out_dim_event: [STREAM_PARAMS] plane 0, stride 320, scanline 256, offset_x 0, offset_y 0, len 81920, offset:0
01-29 11:32:49.500 747-15275/? I/mm-camera: <CPP   >< INFO> 886: cpp_module_handle_isp_out_dim_event: [STREAM_PARAMS] plane 1, stride 320, scanline 256, offset_x 0, offset_y 0, len 40960, offset:0
01-29 11:32:49.500 747-15275/? I/mm-camera: <PPROC >< INFO> 2378: pproc_module_handle_reprocess_offline: input buf fd 133 type 5 size 122880 identity 10005, frame_id 636
01-29 11:32:49.502 714-15314/? I/QCamera: <HAL><INFO> virtual void qcamera::QCamera3ReprocessChannel::streamCbRoutine(mm_camera_super_buf_t*, qcamera::QCamera3Stream*): 3771: bufIndex: 1 recvd from post proc
01-29 11:32:49.502 714-15314/? E/QCamera: <HAL><ERROR> void qcamera::QCamera3HardwareInterface::handleInputBufferWithLock(uint32_t): 3166: Could not find input request for frame number 0
01-29 11:32:49.503 714-15294/? D/mm-still: virtual OMX_ERRORTYPE OMXJpegEncoder::releaseCodecLibs():1438] E
01-29 11:32:49.504 714-15294/? D/mm-still: virtual OMX_ERRORTYPE OMXJpegEncoder::releaseCodecLibs():1449] X
01-29 11:32:49.504 714-15294/? V/qomx_image_core: OMX_FreeHandle:338] 
01-29 11:32:49.504 714-15294/? D/qomx_image_core: get_idx_from_handle:297] comp_idx 0 inst_idx 1
01-29 11:32:49.505 714-15294/? I/qomx_image_core: OMX_FreeHandle:370] Error Component is still Active
01-29 11:32:49.505 714-15294/? V/qomx_image_core: OMX_FreeHandle:373] Success
01-29 11:32:49.505 714-15294/? I/QCamera: <HAL><INFO> int32_t qcamera::QCamera3PostProcessor::encodeData(qcamera::qcamera_hal3_jpeg_data_t*, uint8_t&): 1476: Src Buffer cnt = 2, res = 320X256 len = 122880 rot = 0 src_dim = 320X240 dst_dim = 320X240
01-29 11:32:49.505 714-15294/? I/QCamera: <HAL><INFO> int32_t qcamera::QCamera3PostProcessor::encodeData(qcamera::qcamera_hal3_jpeg_data_t*, uint8_t&): 1487: Src THUMB buf_cnt = 0, res = 0X0 len = 0 rot = 0 src_dim = 320X240, dst_dim = 0X0
01-29 11:32:49.505 714-15294/? D/mm-still: void* getInstance():47] Component ptr is 0xab809b90
01-29 11:32:49.505 714-15294/? I/qomx_image_core: OMX_GetHandle:243] get instance pts is 0xab809b90
01-29 11:32:49.506 714-15294/? D/qomx_image_core: OMX_GetHandle:263] handle = 0xab809b94 Instanceindex = 1,comp_idx 0 g_ptr 0xab8a26c0
01-29 11:32:49.506 714-15294/? I/qomx_image_core: OMX_GetHandle:267] Success
01-29 11:32:49.506 714-15294/? D/mm-still: virtual OMX_ERRORTYPE OMXJpegEncoder::preloadCodecLibs():1177] E
01-29 11:32:49.507 714-15294/? D/mm-still: virtual OMX_ERRORTYPE OMXJpegEncoder::configureEncodedata():79] size 320x240 pad 320x256 subsampling 0 format 0
01-29 11:32:49.507 714-15294/? D/mm-still: virtual OMX_ERRORTYPE OMXJpegEncoder::configureEncodedata():86] ImageSize 115200 76800
01-29 11:32:49.507 714-15294/? D/mm-still: virtual OMX_ERRORTYPE OMXJpegEncoder::configureEncodedata():115] Scaling not enabled width: 320 height:240
01-29 11:32:49.508 714-15294/? D/mm-still: virtual OMX_ERRORTYPE OMXJpegEncoder::preloadCodecLibs():1193] X
01-29 11:32:49.509 714-15294/? I/QCamera: <HAL><INFO> int32_t qcamera::QCamera3PostProcessor::encodeData(qcamera::qcamera_hal3_jpeg_data_t*, uint8_t&): 1589: Main image idx = 1 src w/h (320x240), dst w/h (320x240)
01-29 11:32:49.512 714-16249/? D/mm-still: virtual OMX_ERRORTYPE OMXJpegEncoder::configureEncodedata():79] size 320x240 pad 320x256 subsampling 0 format 0
01-29 11:32:49.512 714-16249/? D/mm-still: virtual OMX_ERRORTYPE OMXJpegEncoder::configureEncodedata():86] ImageSize 115200 76800
01-29 11:32:49.512 714-16249/? D/mm-still: virtual OMX_ERRORTYPE OMXJpegEncoder::configureEncodedata():115] Scaling not enabled width: 320 height:240
01-29 11:32:49.512 714-16249/? D/mm-still: virtual OMX_ERRORTYPE OMXJpegEncoder::configureBuffers(OMX_BUFFERHEADERTYPE*, OMX_BUFFERHEADERTYPE*):263] MAIN buf=0xf0407000, fd=231, offset=0 filled=0
01-29 11:32:49.512 714-16249/? D/mm-still: OMX_ERRORTYPE OMXJpegEncoder::writeExifData(QImage*, QIBuffer*):342] Image type 0 mobicat_mask 0
01-29 11:32:49.512 714-16249/? E/mm-still: virtual OMX_ERRORTYPE OMXJpegEncoder::startEncode():563] startEncode()
01-29 11:32:49.512 714-16249/? E/jpeg_hw: jpege_lib_hw_fe_buffer_cfg:295] w 320 h 240 stride 320 scanline 256
01-29 11:32:49.512 714-16249/? D/mm-still: int QImageHW10Encoder::ConfigureOutputBuffer():553] Received output image fd 230 addr 0xeadbe000 WorkBufSize 23887872 
01-29 11:32:49.515 714-16250/? D/mm-still: virtual int OMXJpegEncoder::EncodeComplete(QImage*):843] MainImage Encoding complete. Filled Length = 7531 m_thumbEncodingComplete 0
01-29 11:32:49.515 714-16250/? D/mm-still: int OMXJpegEncoder::CompleteMainImage():732] Encoded image length 8912
01-29 11:32:49.515 714-16249/? I/QCamera: <JPEG><INFO> mm_jpeg_fbd: 3064: count 0 
01-29 11:32:49.515 714-16249/? I/QCamera: <JPEG><INFO> mm_jpeg_fbd: 3065: KPI Perf] : PROFILE_JPEG_FBD
01-29 11:32:49.516 714-16249/? I/QCamera: <HAL><INFO> static void qcamera::QCamera3PicChannel::jpegEvtHandle(jpeg_job_status_t, uint32_t, uint32_t, mm_jpeg_output_t*, void*): 3077: Issue Jpeg Callback frameNumber = 428 status = 0
01-29 11:32:49.567 714-15294/? I/QCamera: <HAL><INFO> int32_t qcamera::QCamera3ReprocessChannel::doReprocessOffline(qcamera::qcamera_fwk_input_pp_data_t*, bool): 4500: Offline reprocessing id = 638 buf Id = 1 meta index = 5
01-29 11:32:49.569 747-15275/? D/mm-camera: <MCT   >< HIGH> 3122: mct_pipeline_process_set: command=8000019
01-29 11:32:49.569 747-15275/? I/mm-camera: <CPP   >< INFO> 867: cpp_module_handle_isp_out_dim_event: [STREAM_PARAMS]  stream type 9, width 320, height 240,stride 320, scanline 256, planes 2
01-29 11:32:49.569 747-15275/? I/mm-camera: <CPP   >< INFO> 886: cpp_module_handle_isp_out_dim_event: [STREAM_PARAMS] plane 0, stride 320, scanline 256, offset_x 0, offset_y 0, len 81920, offset:0
01-29 11:32:49.569 747-15275/? I/mm-camera: <CPP   >< INFO> 886: cpp_module_handle_isp_out_dim_event: [STREAM_PARAMS] plane 1, stride 320, scanline 256, offset_x 0, offset_y 0, len 40960, offset:0
01-29 11:32:49.569 747-15275/? I/mm-camera: <PPROC >< INFO> 2378: pproc_module_handle_reprocess_offline: input buf fd 129 type 5 size 122880 identity 10005, frame_id 638
01-29 11:32:49.571 714-15314/? I/QCamera: <HAL><INFO> virtual void qcamera::QCamera3ReprocessChannel::streamCbRoutine(mm_camera_super_buf_t*, qcamera::QCamera3Stream*): 3771: bufIndex: 0 recvd from post proc
01-29 11:32:49.571 714-15314/? E/QCamera: <HAL><ERROR> void qcamera::QCamera3HardwareInterface::handleInputBufferWithLock(uint32_t): 3166: Could not find input request for frame number 0
01-29 11:32:49.572 714-15294/? D/mm-still: virtual OMX_ERRORTYPE OMXJpegEncoder::releaseCodecLibs():1438] E
01-29 11:32:49.573 714-15294/? D/mm-still: virtual OMX_ERRORTYPE OMXJpegEncoder::releaseCodecLibs():1449] X
01-29 11:32:49.573 714-15294/? V/qomx_image_core: OMX_FreeHandle:338] 
01-29 11:32:49.573 714-15294/? D/qomx_image_core: get_idx_from_handle:297] comp_idx 0 inst_idx 1
01-29 11:32:49.573 714-15294/? I/qomx_image_core: OMX_FreeHandle:370] Error Component is still Active
01-29 11:32:49.573 714-15294/? V/qomx_image_core: OMX_FreeHandle:373] Success
01-29 11:32:49.573 714-15294/? I/QCamera: <HAL><INFO> int32_t qcamera::QCamera3PostProcessor::encodeData(qcamera::qcamera_hal3_jpeg_data_t*, uint8_t&): 1476: Src Buffer cnt = 2, res = 320X256 len = 122880 rot = 0 src_dim = 320X240 dst_dim = 320X240
01-29 11:32:49.573 714-15294/? I/QCamera: <HAL><INFO> int32_t qcamera::QCamera3PostProcessor::encodeData(qcamera::qcamera_hal3_jpeg_data_t*, uint8_t&): 1487: Src THUMB buf_cnt = 0, res = 0X0 len = 0 rot = 0 src_dim = 320X240, dst_dim = 0X0
01-29 11:32:49.574 714-15294/? D/mm-still: void* getInstance():47] Component ptr is 0xab809b90
01-29 11:32:49.574 714-15294/? I/qomx_image_core: OMX_GetHandle:243] get instance pts is 0xab809b90
01-29 11:32:49.574 714-15294/? D/qomx_image_core: OMX_GetHandle:263] handle = 0xab809b94 Instanceindex = 1,comp_idx 0 g_ptr 0xab8a26c0
01-29 11:32:49.574 714-15294/? I/qomx_image_core: OMX_GetHandle:267] Success
01-29 11:32:49.574 714-15294/? D/mm-still: virtual OMX_ERRORTYPE OMXJpegEncoder::preloadCodecLibs():1177] E
01-29 11:32:49.574 714-15294/? D/mm-still: virtual OMX_ERRORTYPE OMXJpegEncoder::configureEncodedata():79] size 320x240 pad 320x256 subsampling 0 format 0
01-29 11:32:49.575 714-15294/? D/mm-still: virtual OMX_ERRORTYPE OMXJpegEncoder::configureEncodedata():86] ImageSize 115200 76800
01-29 11:32:49.575 714-15294/? D/mm-still: virtual OMX_ERRORTYPE OMXJpegEncoder::configureEncodedata():115] Scaling not enabled width: 320 height:240
01-29 11:32:49.577 714-15294/? D/mm-still: virtual OMX_ERRORTYPE OMXJpegEncoder::preloadCodecLibs():1193] X
01-29 11:32:49.577 714-15294/? I/QCamera: <HAL><INFO> int32_t qcamera::QCamera3PostProcessor::encodeData(qcamera::qcamera_hal3_jpeg_data_t*, uint8_t&): 1589: Main image idx = 0 src w/h (320x240), dst w/h (320x240)
01-29 11:32:49.581 714-16251/? D/mm-still: virtual OMX_ERRORTYPE OMXJpegEncoder::configureEncodedata():79] size 320x240 pad 320x256 subsampling 0 format 0
01-29 11:32:49.581 714-16251/? D/mm-still: virtual OMX_ERRORTYPE OMXJpegEncoder::configureEncodedata():86] ImageSize 115200 76800
01-29 11:32:49.581 714-16251/? D/mm-still: virtual OMX_ERRORTYPE OMXJpegEncoder::configureEncodedata():115] Scaling not enabled width: 320 height:240
01-29 11:32:49.581 714-16251/? D/mm-still: virtual OMX_ERRORTYPE OMXJpegEncoder::configureBuffers(OMX_BUFFERHEADERTYPE*, OMX_BUFFERHEADERTYPE*):263] MAIN buf=0xf043a000, fd=227, offset=0 filled=0
01-29 11:32:49.581 714-16251/? D/mm-still: OMX_ERRORTYPE OMXJpegEncoder::writeExifData(QImage*, QIBuffer*):342] Image type 0 mobicat_mask 0
01-29 11:32:49.581 714-16251/? E/mm-still: virtual OMX_ERRORTYPE OMXJpegEncoder::startEncode():563] startEncode()
01-29 11:32:49.582 714-16251/? E/jpeg_hw: jpege_lib_hw_fe_buffer_cfg:295] w 320 h 240 stride 320 scanline 256
01-29 11:32:49.582 714-16251/? D/mm-still: int QImageHW10Encoder::ConfigureOutputBuffer():553] Received output image fd 230 addr 0xeadbe000 WorkBufSize 23887872 
01-29 11:32:49.589 714-16252/? D/mm-still: virtual int OMXJpegEncoder::EncodeComplete(QImage*):843] MainImage Encoding complete. Filled Length = 7556 m_thumbEncodingComplete 0
01-29 11:32:49.590 714-16252/? D/mm-still: int OMXJpegEncoder::CompleteMainImage():732] Encoded image length 8937
01-29 11:32:49.590 714-16251/? I/QCamera: <JPEG><INFO> mm_jpeg_fbd: 3064: count 0 
01-29 11:32:49.590 714-16251/? I/QCamera: <JPEG><INFO> mm_jpeg_fbd: 3065: KPI Perf] : PROFILE_JPEG_FBD
01-29 11:32:49.590 714-16251/? I/QCamera: <HAL><INFO> static void qcamera::QCamera3PicChannel::jpegEvtHandle(jpeg_job_status_t, uint32_t, uint32_t, mm_jpeg_output_t*, void*): 3077: Issue Jpeg Callback frameNumber = 429 status = 0
01-29 11:32:49.605 714-15294/? I/QCamera: <HAL><INFO> int32_t qcamera::QCamera3ReprocessChannel::doReprocessOffline(qcamera::qcamera_fwk_input_pp_data_t*, bool): 4500: Offline reprocessing id = 639 buf Id = 2 meta index = 6
01-29 11:32:49.605 747-15275/? D/mm-camera: <MCT   >< HIGH> 3122: mct_pipeline_process_set: command=8000019
01-29 11:32:49.605 747-15275/? I/mm-camera: <CPP   >< INFO> 867: cpp_module_handle_isp_out_dim_event: [STREAM_PARAMS]  stream type 9, width 320, height 240,stride 320, scanline 256, planes 2
01-29 11:32:49.605 747-15275/? I/mm-camera: <CPP   >< INFO> 886: cpp_module_handle_isp_out_dim_event: [STREAM_PARAMS] plane 0, stride 320, scanline 256, offset_x 0, offset_y 0, len 81920, offset:0
01-29 11:32:49.605 747-15275/? I/mm-camera: <CPP   >< INFO> 886: cpp_module_handle_isp_out_dim_event: [STREAM_PARAMS] plane 1, stride 320, scanline 256, offset_x 0, offset_y 0, len 40960, offset:0
01-29 11:32:49.605 747-15275/? I/mm-camera: <PPROC >< INFO> 2378: pproc_module_handle_reprocess_offline: input buf fd 131 type 5 size 122880 identity 10005, frame_id 639
01-29 11:32:49.607 714-15314/? I/QCamera: <HAL><INFO> virtual void qcamera::QCamera3ReprocessChannel::streamCbRoutine(mm_camera_super_buf_t*, qcamera::QCamera3Stream*): 3771: bufIndex: 1 recvd from post proc
01-29 11:32:49.607 714-15314/? E/QCamera: <HAL><ERROR> void qcamera::QCamera3HardwareInterface::handleInputBufferWithLock(uint32_t): 3166: Could not find input request for frame number 0
01-29 11:32:49.608 714-15294/? D/mm-still: virtual OMX_ERRORTYPE OMXJpegEncoder::releaseCodecLibs():1438] E
01-29 11:32:49.609 714-15294/? D/mm-still: virtual OMX_ERRORTYPE OMXJpegEncoder::releaseCodecLibs():1449] X
01-29 11:32:49.609 714-15294/? V/qomx_image_core: OMX_FreeHandle:338] 
01-29 11:32:49.609 714-15294/? D/qomx_image_core: get_idx_from_handle:297] comp_idx 0 inst_idx 1
01-29 11:32:49.610 714-15294/? I/qomx_image_core: OMX_FreeHandle:370] Error Component is still Active
01-29 11:32:49.610 714-15294/? V/qomx_image_core: OMX_FreeHandle:373] Success
01-29 11:32:49.610 714-15294/? I/QCamera: <HAL><INFO> int32_t qcamera::QCamera3PostProcessor::encodeData(qcamera::qcamera_hal3_jpeg_data_t*, uint8_t&): 1476: Src Buffer cnt = 2, res = 320X256 len = 122880 rot = 0 src_dim = 320X240 dst_dim = 320X240
01-29 11:32:49.610 714-15294/? I/QCamera: <HAL><INFO> int32_t qcamera::QCamera3PostProcessor::encodeData(qcamera::qcamera_hal3_jpeg_data_t*, uint8_t&): 1487: Src THUMB buf_cnt = 0, res = 0X0 len = 0 rot = 0 src_dim = 320X240, dst_dim = 0X0
01-29 11:32:49.610 714-15294/? D/mm-still: void* getInstance():47] Component ptr is 0xab809b90
01-29 11:32:49.610 714-15294/? I/qomx_image_core: OMX_GetHandle:243] get instance pts is 0xab809b90
01-29 11:32:49.610 714-15294/? D/qomx_image_core: OMX_GetHandle:263] handle = 0xab809b94 Instanceindex = 1,comp_idx 0 g_ptr 0xab8a26c0
01-29 11:32:49.610 714-15294/? I/qomx_image_core: OMX_GetHandle:267] Success
01-29 11:32:49.611 714-15294/? D/mm-still: virtual OMX_ERRORTYPE OMXJpegEncoder::preloadCodecLibs():1177] E
01-29 11:32:49.611 714-15294/? D/mm-still: virtual OMX_ERRORTYPE OMXJpegEncoder::configureEncodedata():79] size 320x240 pad 320x256 subsampling 0 format 0
01-29 11:32:49.611 714-15294/? D/mm-still: virtual OMX_ERRORTYPE OMXJpegEncoder::configureEncodedata():86] ImageSize 115200 76800
01-29 11:32:49.611 714-15294/? D/mm-still: virtual OMX_ERRORTYPE OMXJpegEncoder::configureEncodedata():115] Scaling not enabled width: 320 height:240
01-29 11:32:49.613 714-15294/? D/mm-still: virtual OMX_ERRORTYPE OMXJpegEncoder::preloadCodecLibs():1193] X
01-29 11:32:49.614 714-15294/? I/QCamera: <HAL><INFO> int32_t qcamera::QCamera3PostProcessor::encodeData(qcamera::qcamera_hal3_jpeg_data_t*, uint8_t&): 1589: Main image idx = 1 src w/h (320x240), dst w/h (320x240)
01-29 11:32:49.619 714-16253/? D/mm-still: virtual OMX_ERRORTYPE OMXJpegEncoder::configureEncodedata():79] size 320x240 pad 320x256 subsampling 0 format 0
01-29 11:32:49.619 714-16253/? D/mm-still: virtual OMX_ERRORTYPE OMXJpegEncoder::configureEncodedata():86] ImageSize 115200 76800
01-29 11:32:49.619 714-16253/? D/mm-still: virtual OMX_ERRORTYPE OMXJpegEncoder::configureEncodedata():115] Scaling not enabled width: 320 height:240
01-29 11:32:49.620 714-16253/? D/mm-still: virtual OMX_ERRORTYPE OMXJpegEncoder::configureBuffers(OMX_BUFFERHEADERTYPE*, OMX_BUFFERHEADERTYPE*):263] MAIN buf=0xf0407000, fd=231, offset=0 filled=0
01-29 11:32:49.620 714-16253/? D/mm-still: OMX_ERRORTYPE OMXJpegEncoder::writeExifData(QImage*, QIBuffer*):342] Image type 0 mobicat_mask 0
01-29 11:32:49.620 714-16253/? E/mm-still: virtual OMX_ERRORTYPE OMXJpegEncoder::startEncode():563] startEncode()
01-29 11:32:49.620 714-16253/? E/jpeg_hw: jpege_lib_hw_fe_buffer_cfg:295] w 320 h 240 stride 320 scanline 256
01-29 11:32:49.621 714-16253/? D/mm-still: int QImageHW10Encoder::ConfigureOutputBuffer():553] Received output image fd 230 addr 0xeadbe000 WorkBufSize 23887872 
01-29 11:32:49.624 714-16254/? D/mm-still: virtual int OMXJpegEncoder::EncodeComplete(QImage*):843] MainImage Encoding complete. Filled Length = 7558 m_thumbEncodingComplete 0
01-29 11:32:49.626 714-16254/? D/mm-still: int OMXJpegEncoder::CompleteMainImage():732] Encoded image length 8939
01-29 11:32:49.626 714-16253/? I/QCamera: <JPEG><INFO> mm_jpeg_fbd: 3064: count 0 
01-29 11:32:49.626 714-16253/? I/QCamera: <JPEG><INFO> mm_jpeg_fbd: 3065: KPI Perf] : PROFILE_JPEG_FBD
01-29 11:32:49.626 714-16253/? I/QCamera: <HAL><INFO> static void qcamera::QCamera3PicChannel::jpegEvtHandle(jpeg_job_status_t, uint32_t, uint32_t, mm_jpeg_output_t*, void*): 3077: Issue Jpeg Callback frameNumber = 430 status = 0
01-29 11:32:49.636 714-15294/? I/QCamera: <HAL><INFO> int32_t qcamera::QCamera3ReprocessChannel::doReprocessOffline(qcamera::qcamera_fwk_input_pp_data_t*, bool): 4500: Offline reprocessing id = 640 buf Id = 3 meta index = 7
01-29 11:32:49.636 747-15275/? D/mm-camera: <MCT   >< HIGH> 3122: mct_pipeline_process_set: command=8000019
01-29 11:32:49.636 747-15275/? I/mm-camera: <CPP   >< INFO> 867: cpp_module_handle_isp_out_dim_event: [STREAM_PARAMS]  stream type 9, width 320, height 240,stride 320, scanline 256, planes 2
01-29 11:32:49.636 747-15275/? I/mm-camera: <CPP   >< INFO> 886: cpp_module_handle_isp_out_dim_event: [STREAM_PARAMS] plane 0, stride 320, scanline 256, offset_x 0, offset_y 0, len 81920, offset:0
01-29 11:32:49.636 747-15275/? I/mm-camera: <CPP   >< INFO> 886: cpp_module_handle_isp_out_dim_event: [STREAM_PARAMS] plane 1, stride 320, scanline 256, offset_x 0, offset_y 0, len 40960, offset:0
01-29 11:32:49.637 747-15275/? I/mm-camera: <PPROC >< INFO> 2378: pproc_module_handle_reprocess_offline: input buf fd 133 type 5 size 122880 identity 10005, frame_id 640
01-29 11:32:49.638 714-15314/? I/QCamera: <HAL><INFO> virtual void qcamera::QCamera3ReprocessChannel::streamCbRoutine(mm_camera_super_buf_t*, qcamera::QCamera3Stream*): 3771: bufIndex: 0 recvd from post proc
01-29 11:32:49.639 714-15314/? E/QCamera: <HAL><ERROR> void qcamera::QCamera3HardwareInterface::handleInputBufferWithLock(uint32_t): 3166: Could not find input request for frame number 0
01-29 11:32:49.640 714-15294/? D/mm-still: virtual OMX_ERRORTYPE OMXJpegEncoder::releaseCodecLibs():1438] E
01-29 11:32:49.641 714-15294/? D/mm-still: virtual OMX_ERRORTYPE OMXJpegEncoder::releaseCodecLibs():1449] X
01-29 11:32:49.641 714-15294/? V/qomx_image_core: OMX_FreeHandle:338] 
01-29 11:32:49.641 714-15294/? D/qomx_image_core: get_idx_from_handle:297] comp_idx 0 inst_idx 1
01-29 11:32:49.642 714-15294/? I/qomx_image_core: OMX_FreeHandle:370] Error Component is still Active
01-29 11:32:49.642 714-15294/? V/qomx_image_core: OMX_FreeHandle:373] Success
01-29 11:32:49.642 714-15294/? I/QCamera: <HAL><INFO> int32_t qcamera::QCamera3PostProcessor::encodeData(qcamera::qcamera_hal3_jpeg_data_t*, uint8_t&): 1476: Src Buffer cnt = 2, res = 320X256 len = 122880 rot = 0 src_dim = 320X240 dst_dim = 320X240
01-29 11:32:49.642 714-15294/? I/QCamera: <HAL><INFO> int32_t qcamera::QCamera3PostProcessor::encodeData(qcamera::qcamera_hal3_jpeg_data_t*, uint8_t&): 1487: Src THUMB buf_cnt = 0, res = 0X0 len = 0 rot = 0 src_dim = 320X240, dst_dim = 0X0
01-29 11:32:49.642 714-15294/? D/mm-still: void* getInstance():47] Component ptr is 0xab809b90
01-29 11:32:49.642 714-15294/? I/qomx_image_core: OMX_GetHandle:243] get instance pts is 0xab809b90
01-29 11:32:49.643 714-15294/? D/qomx_image_core: OMX_GetHandle:263] handle = 0xab809b94 Instanceindex = 1,comp_idx 0 g_ptr 0xab8a26c0
01-29 11:32:49.643 714-15294/? I/qomx_image_core: OMX_GetHandle:267] Success
01-29 11:32:49.644 714-15294/? D/mm-still: virtual OMX_ERRORTYPE OMXJpegEncoder::preloadCodecLibs():1177] E
01-29 11:32:49.645 714-15294/? D/mm-still: virtual OMX_ERRORTYPE OMXJpegEncoder::configureEncodedata():79] size 320x240 pad 320x256 subsampling 0 format 0
01-29 11:32:49.645 714-15294/? D/mm-still: virtual OMX_ERRORTYPE OMXJpegEncoder::configureEncodedata():86] ImageSize 115200 76800
01-29 11:32:49.645 714-15294/? D/mm-still: virtual OMX_ERRORTYPE OMXJpegEncoder::configureEncodedata():115] Scaling not enabled width: 320 height:240
01-29 11:32:49.648 714-15294/? D/mm-still: virtual OMX_ERRORTYPE OMXJpegEncoder::preloadCodecLibs():1193] X
01-29 11:32:49.648 714-15294/? I/QCamera: <HAL><INFO> int32_t qcamera::QCamera3PostProcessor::encodeData(qcamera::qcamera_hal3_jpeg_data_t*, uint8_t&): 1589: Main image idx = 0 src w/h (320x240), dst w/h (320x240)
01-29 11:32:49.658 714-16255/? D/mm-still: virtual OMX_ERRORTYPE OMXJpegEncoder::configureEncodedata():79] size 320x240 pad 320x256 subsampling 0 format 0
01-29 11:32:49.659 714-16255/? D/mm-still: virtual OMX_ERRORTYPE OMXJpegEncoder::configureEncodedata():86] ImageSize 115200 76800
01-29 11:32:49.659 714-16255/? D/mm-still: virtual OMX_ERRORTYPE OMXJpegEncoder::configureEncodedata():115] Scaling not enabled width: 320 height:240
01-29 11:32:49.659 714-16255/? D/mm-still: virtual OMX_ERRORTYPE OMXJpegEncoder::configureBuffers(OMX_BUFFERHEADERTYPE*, OMX_BUFFERHEADERTYPE*):263] MAIN buf=0xf043a000, fd=227, offset=0 filled=0
01-29 11:32:49.659 714-16255/? D/mm-still: OMX_ERRORTYPE OMXJpegEncoder::writeExifData(QImage*, QIBuffer*):342] Image type 0 mobicat_mask 0
01-29 11:32:49.659 714-16255/? E/mm-still: virtual OMX_ERRORTYPE OMXJpegEncoder::startEncode():563] startEncode()
01-29 11:32:49.659 714-16255/? E/jpeg_hw: jpege_lib_hw_fe_buffer_cfg:295] w 320 h 240 stride 320 scanline 256
01-29 11:32:49.659 714-16255/? D/mm-still: int QImageHW10Encoder::ConfigureOutputBuffer():553] Received output image fd 230 addr 0xeadbe000 WorkBufSize 23887872 
01-29 11:32:49.662 714-16256/? D/mm-still: virtual int OMXJpegEncoder::EncodeComplete(QImage*):843] MainImage Encoding complete. Filled Length = 7550 m_thumbEncodingComplete 0
