01-29 11:32:48.469 714-15294/? I/QCamera: <HAL><INFO> int32_t qcamera::QCamera3PostProcessor::encodeData(qcamera::qcamera_hal3_jpeg_data_t*, uint8_t&): 1589: Main image idx = 0 src w/h (320x240), dst w/h (320x240)
01-29 11:32:48.471 714-16199/? D/mm-still: virtual OMX_ERRORTYPE OMXJpegEncoder::configureEncodedata():79] size 320x240 pad 320x256 subsampling 0 format 0
01-29 11:32:48.472 714-16199/? D/mm-still: virtual OMX_ERRORTYPE OMXJpegEncoder::configureEncodedata():86] ImageSize 115200 76800
01-29 11:32:48.472 714-16199/? D/mm-still: virtual OMX_ERRORTYPE OMXJpegEncoder::configureEncodedata():115] Scaling not enabled width: 320 height:240
01-29 11:32:48.472 714-16199/? D/mm-still: virtual OMX_ERRORTYPE OMXJpegEncoder::configureBuffers(OMX_BUFFERHEADERTYPE*, OMX_BUFFERHEADERTYPE*):263] MAIN buf=0xf043a000, fd=227, offset=0 filled=0
01-29 11:32:48.472 714-16199/? D/mm-still: OMX_ERRORTYPE OMXJpegEncoder::writeExifData(QImage*, QIBuffer*):342] Image type 0 mobicat_mask 0
01-29 11:32:48.472 714-16199/? E/mm-still: virtual OMX_ERRORTYPE OMXJpegEncoder::startEncode():563] startEncode()
01-29 11:32:48.472 714-16199/? E/jpeg_hw: jpege_lib_hw_fe_buffer_cfg:295] w 320 h 240 stride 320 scanline 256
01-29 11:32:48.472 714-16199/? D/mm-still: int QImageHW10Encoder::ConfigureOutputBuffer():553] Received output image fd 230 addr 0xeadbe000 WorkBufSize 23887872 
01-29 11:32:48.475 714-16200/? D/mm-still: virtual int OMXJpegEncoder::EncodeComplete(QImage*):843] MainImage Encoding complete. Filled Length = 7542 m_thumbEncodingComplete 0
01-29 11:32:48.475 714-16200/? D/mm-still: int OMXJpegEncoder::CompleteMainImage():732] Encoded image length 8923
01-29 11:32:48.476 714-16199/? I/QCamera: <JPEG><INFO> mm_jpeg_fbd: 3064: count 0 
01-29 11:32:48.476 714-16199/? I/QCamera: <JPEG><INFO> mm_jpeg_fbd: 3065: KPI Perf] : PROFILE_JPEG_FBD
01-29 11:32:48.476 714-16199/? I/QCamera: <HAL><INFO> static void qcamera::QCamera3PicChannel::jpegEvtHandle(jpeg_job_status_t, uint32_t, uint32_t, mm_jpeg_output_t*, void*): 3077: Issue Jpeg Callback frameNumber = 405 status = 0
01-29 11:32:48.495 714-15294/? I/QCamera: <HAL><INFO> int32_t qcamera::QCamera3ReprocessChannel::doReprocessOffline(qcamera::qcamera_fwk_input_pp_data_t*, bool): 4500: Offline reprocessing id = 606 buf Id = 2 meta index = 6
01-29 11:32:48.495 747-15275/? D/mm-camera: <MCT   >< HIGH> 3122: mct_pipeline_process_set: command=8000019
01-29 11:32:48.495 747-15275/? I/mm-camera: <CPP   >< INFO> 867: cpp_module_handle_isp_out_dim_event: [STREAM_PARAMS]  stream type 9, width 320, height 240,stride 320, scanline 256, planes 2
01-29 11:32:48.495 747-15275/? I/mm-camera: <CPP   >< INFO> 886: cpp_module_handle_isp_out_dim_event: [STREAM_PARAMS] plane 0, stride 320, scanline 256, offset_x 0, offset_y 0, len 81920, offset:0
01-29 11:32:48.495 747-15275/? I/mm-camera: <CPP   >< INFO> 886: cpp_module_handle_isp_out_dim_event: [STREAM_PARAMS] plane 1, stride 320, scanline 256, offset_x 0, offset_y 0, len 40960, offset:0
01-29 11:32:48.496 747-15275/? I/mm-camera: <PPROC >< INFO> 2378: pproc_module_handle_reprocess_offline: input buf fd 129 type 5 size 122880 identity 10005, frame_id 606
01-29 11:32:48.500 714-15314/? I/QCamera: <HAL><INFO> virtual void qcamera::QCamera3ReprocessChannel::streamCbRoutine(mm_camera_super_buf_t*, qcamera::QCamera3Stream*): 3771: bufIndex: 1 recvd from post proc
01-29 11:32:48.500 714-15314/? E/QCamera: <HAL><ERROR> void qcamera::QCamera3HardwareInterface::handleInputBufferWithLock(uint32_t): 3166: Could not find input request for frame number 0
01-29 11:32:48.500 714-15294/? D/mm-still: virtual OMX_ERRORTYPE OMXJpegEncoder::releaseCodecLibs():1438] E
01-29 11:32:48.501 714-15294/? D/mm-still: virtual OMX_ERRORTYPE OMXJpegEncoder::releaseCodecLibs():1449] X
01-29 11:32:48.501 714-15294/? V/qomx_image_core: OMX_FreeHandle:338] 
01-29 11:32:48.501 714-15294/? D/qomx_image_core: get_idx_from_handle:297] comp_idx 0 inst_idx 1
01-29 11:32:48.502 714-15294/? I/qomx_image_core: OMX_FreeHandle:370] Error Component is still Active
01-29 11:32:48.502 714-15294/? V/qomx_image_core: OMX_FreeHandle:373] Success
01-29 11:32:48.502 714-15294/? I/QCamera: <HAL><INFO> int32_t qcamera::QCamera3PostProcessor::encodeData(qcamera::qcamera_hal3_jpeg_data_t*, uint8_t&): 1476: Src Buffer cnt = 2, res = 320X256 len = 122880 rot = 0 src_dim = 320X240 dst_dim = 320X240
01-29 11:32:48.502 714-15294/? I/QCamera: <HAL><INFO> int32_t qcamera::QCamera3PostProcessor::encodeData(qcamera::qcamera_hal3_jpeg_data_t*, uint8_t&): 1487: Src THUMB buf_cnt = 0, res = 0X0 len = 0 rot = 0 src_dim = 320X240, dst_dim = 0X0
01-29 11:32:48.502 714-15294/? D/mm-still: void* getInstance():47] Component ptr is 0xab809b90
01-29 11:32:48.502 714-15294/? I/qomx_image_core: OMX_GetHandle:243] get instance pts is 0xab809b90
01-29 11:32:48.503 714-15294/? D/qomx_image_core: OMX_GetHandle:263] handle = 0xab809b94 Instanceindex = 1,comp_idx 0 g_ptr 0xab8a26c0
01-29 11:32:48.503 714-15294/? I/qomx_image_core: OMX_GetHandle:267] Success
01-29 11:32:48.503 714-15294/? D/mm-still: virtual OMX_ERRORTYPE OMXJpegEncoder::preloadCodecLibs():1177] E
01-29 11:32:48.503 714-15294/? D/mm-still: virtual OMX_ERRORTYPE OMXJpegEncoder::configureEncodedata():79] size 320x240 pad 320x256 subsampling 0 format 0
01-29 11:32:48.503 714-15294/? D/mm-still: virtual OMX_ERRORTYPE OMXJpegEncoder::configureEncodedata():86] ImageSize 115200 76800
01-29 11:32:48.503 714-15294/? D/mm-still: virtual OMX_ERRORTYPE OMXJpegEncoder::configureEncodedata():115] Scaling not enabled width: 320 height:240
01-29 11:32:48.504 714-15294/? D/mm-still: virtual OMX_ERRORTYPE OMXJpegEncoder::preloadCodecLibs():1193] X
01-29 11:32:48.504 714-15294/? I/QCamera: <HAL><INFO> int32_t qcamera::QCamera3PostProcessor::encodeData(qcamera::qcamera_hal3_jpeg_data_t*, uint8_t&): 1589: Main image idx = 1 src w/h (320x240), dst w/h (320x240)
01-29 11:32:48.507 714-16201/? D/mm-still: virtual OMX_ERRORTYPE OMXJpegEncoder::configureEncodedata():79] size 320x240 pad 320x256 subsampling 0 format 0
01-29 11:32:48.507 714-16201/? D/mm-still: virtual OMX_ERRORTYPE OMXJpegEncoder::configureEncodedata():86] ImageSize 115200 76800
01-29 11:32:48.507 714-16201/? D/mm-still: virtual OMX_ERRORTYPE OMXJpegEncoder::configureEncodedata():115] Scaling not enabled width: 320 height:240
01-29 11:32:48.507 714-16201/? D/mm-still: virtual OMX_ERRORTYPE OMXJpegEncoder::configureBuffers(OMX_BUFFERHEADERTYPE*, OMX_BUFFERHEADERTYPE*):263] MAIN buf=0xf0407000, fd=231, offset=0 filled=0
01-29 11:32:48.507 714-16201/? D/mm-still: OMX_ERRORTYPE OMXJpegEncoder::writeExifData(QImage*, QIBuffer*):342] Image type 0 mobicat_mask 0
01-29 11:32:48.507 714-16201/? E/mm-still: virtual OMX_ERRORTYPE OMXJpegEncoder::startEncode():563] startEncode()
01-29 11:32:48.507 714-16201/? E/jpeg_hw: jpege_lib_hw_fe_buffer_cfg:295] w 320 h 240 stride 320 scanline 256
01-29 11:32:48.507 714-16201/? D/mm-still: int QImageHW10Encoder::ConfigureOutputBuffer():553] Received output image fd 230 addr 0xeadbe000 WorkBufSize 23887872 
01-29 11:32:48.510 714-16202/? D/mm-still: virtual int OMXJpegEncoder::EncodeComplete(QImage*):843] MainImage Encoding complete. Filled Length = 7547 m_thumbEncodingComplete 0
01-29 11:32:48.510 714-16202/? D/mm-still: int OMXJpegEncoder::CompleteMainImage():732] Encoded image length 8928
01-29 11:32:48.511 714-16201/? I/QCamera: <JPEG><INFO> mm_jpeg_fbd: 3064: count 0 
01-29 11:32:48.511 714-16201/? I/QCamera: <JPEG><INFO> mm_jpeg_fbd: 3065: KPI Perf] : PROFILE_JPEG_FBD
01-29 11:32:48.511 714-16201/? I/QCamera: <HAL><INFO> static void qcamera::QCamera3PicChannel::jpegEvtHandle(jpeg_job_status_t, uint32_t, uint32_t, mm_jpeg_output_t*, void*): 3077: Issue Jpeg Callback frameNumber = 406 status = 0
01-29 11:32:48.528 714-15294/? I/QCamera: <HAL><INFO> int32_t qcamera::QCamera3ReprocessChannel::doReprocessOffline(qcamera::qcamera_fwk_input_pp_data_t*, bool): 4500: Offline reprocessing id = 607 buf Id = 3 meta index = 7
01-29 11:32:48.528 747-15275/? D/mm-camera: <MCT   >< HIGH> 3122: mct_pipeline_process_set: command=8000019
01-29 11:32:48.528 747-15275/? I/mm-camera: <CPP   >< INFO> 867: cpp_module_handle_isp_out_dim_event: [STREAM_PARAMS]  stream type 9, width 320, height 240,stride 320, scanline 256, planes 2
01-29 11:32:48.528 747-15275/? I/mm-camera: <CPP   >< INFO> 886: cpp_module_handle_isp_out_dim_event: [STREAM_PARAMS] plane 0, stride 320, scanline 256, offset_x 0, offset_y 0, len 81920, offset:0
01-29 11:32:48.528 747-15275/? I/mm-camera: <CPP   >< INFO> 886: cpp_module_handle_isp_out_dim_event: [STREAM_PARAMS] plane 1, stride 320, scanline 256, offset_x 0, offset_y 0, len 40960, offset:0
01-29 11:32:48.528 747-15275/? I/mm-camera: <PPROC >< INFO> 2378: pproc_module_handle_reprocess_offline: input buf fd 133 type 5 size 122880 identity 10005, frame_id 607
01-29 11:32:48.530 714-15314/? I/QCamera: <HAL><INFO> virtual void qcamera::QCamera3ReprocessChannel::streamCbRoutine(mm_camera_super_buf_t*, qcamera::QCamera3Stream*): 3771: bufIndex: 0 recvd from post proc
01-29 11:32:48.530 714-15314/? E/QCamera: <HAL><ERROR> void qcamera::QCamera3HardwareInterface::handleInputBufferWithLock(uint32_t): 3166: Could not find input request for frame number 0
01-29 11:32:48.531 714-15294/? D/mm-still: virtual OMX_ERRORTYPE OMXJpegEncoder::releaseCodecLibs():1438] E
01-29 11:32:48.533 714-15294/? D/mm-still: virtual OMX_ERRORTYPE OMXJpegEncoder::releaseCodecLibs():1449] X
01-29 11:32:48.533 714-15294/? V/qomx_image_core: OMX_FreeHandle:338] 
01-29 11:32:48.533 714-15294/? D/qomx_image_core: get_idx_from_handle:297] comp_idx 0 inst_idx 1
01-29 11:32:48.534 714-15294/? I/qomx_image_core: OMX_FreeHandle:370] Error Component is still Active
01-29 11:32:48.534 714-15294/? V/qomx_image_core: OMX_FreeHandle:373] Success
01-29 11:32:48.534 714-15294/? I/QCamera: <HAL><INFO> int32_t qcamera::QCamera3PostProcessor::encodeData(qcamera::qcamera_hal3_jpeg_data_t*, uint8_t&): 1476: Src Buffer cnt = 2, res = 320X256 len = 122880 rot = 0 src_dim = 320X240 dst_dim = 320X240
01-29 11:32:48.534 714-15294/? I/QCamera: <HAL><INFO> int32_t qcamera::QCamera3PostProcessor::encodeData(qcamera::qcamera_hal3_jpeg_data_t*, uint8_t&): 1487: Src THUMB buf_cnt = 0, res = 0X0 len = 0 rot = 0 src_dim = 320X240, dst_dim = 0X0
01-29 11:32:48.534 714-15294/? D/mm-still: void* getInstance():47] Component ptr is 0xab809b90
01-29 11:32:48.534 714-15294/? I/qomx_image_core: OMX_GetHandle:243] get instance pts is 0xab809b90
01-29 11:32:48.534 714-15294/? D/qomx_image_core: OMX_GetHandle:263] handle = 0xab809b94 Instanceindex = 1,comp_idx 0 g_ptr 0xab8a26c0
01-29 11:32:48.534 714-15294/? I/qomx_image_core: OMX_GetHandle:267] Success
01-29 11:32:48.535 714-15294/? D/mm-still: virtual OMX_ERRORTYPE OMXJpegEncoder::preloadCodecLibs():1177] E
01-29 11:32:48.535 714-15294/? D/mm-still: virtual OMX_ERRORTYPE OMXJpegEncoder::configureEncodedata():79] size 320x240 pad 320x256 subsampling 0 format 0
01-29 11:32:48.535 714-15294/? D/mm-still: virtual OMX_ERRORTYPE OMXJpegEncoder::configureEncodedata():86] ImageSize 115200 76800
01-29 11:32:48.535 714-15294/? D/mm-still: virtual OMX_ERRORTYPE OMXJpegEncoder::configureEncodedata():115] Scaling not enabled width: 320 height:240
01-29 11:32:48.536 714-15294/? D/mm-still: virtual OMX_ERRORTYPE OMXJpegEncoder::preloadCodecLibs():1193] X
01-29 11:32:48.536 714-15294/? I/QCamera: <HAL><INFO> int32_t qcamera::QCamera3PostProcessor::encodeData(qcamera::qcamera_hal3_jpeg_data_t*, uint8_t&): 1589: Main image idx = 0 src w/h (320x240), dst w/h (320x240)
01-29 11:32:48.538 714-16203/? D/mm-still: virtual OMX_ERRORTYPE OMXJpegEncoder::configureEncodedata():79] size 320x240 pad 320x256 subsampling 0 format 0
01-29 11:32:48.538 714-16203/? D/mm-still: virtual OMX_ERRORTYPE OMXJpegEncoder::configureEncodedata():86] ImageSize 115200 76800
01-29 11:32:48.538 714-16203/? D/mm-still: virtual OMX_ERRORTYPE OMXJpegEncoder::configureEncodedata():115] Scaling not enabled width: 320 height:240
01-29 11:32:48.539 714-16203/? D/mm-still: virtual OMX_ERRORTYPE OMXJpegEncoder::configureBuffers(OMX_BUFFERHEADERTYPE*, OMX_BUFFERHEADERTYPE*):263] MAIN buf=0xf043a000, fd=227, offset=0 filled=0
01-29 11:32:48.539 714-16203/? D/mm-still: OMX_ERRORTYPE OMXJpegEncoder::writeExifData(QImage*, QIBuffer*):342] Image type 0 mobicat_mask 0
01-29 11:32:48.539 714-16203/? E/mm-still: virtual OMX_ERRORTYPE OMXJpegEncoder::startEncode():563] startEncode()
01-29 11:32:48.539 714-16203/? E/jpeg_hw: jpege_lib_hw_fe_buffer_cfg:295] w 320 h 240 stride 320 scanline 256
01-29 11:32:48.539 714-16203/? D/mm-still: int QImageHW10Encoder::ConfigureOutputBuffer():553] Received output image fd 230 addr 0xeadbe000 WorkBufSize 23887872 
01-29 11:32:48.542 714-16204/? D/mm-still: virtual int OMXJpegEncoder::EncodeComplete(QImage*):843] MainImage Encoding complete. Filled Length = 7525 m_thumbEncodingComplete 0
01-29 11:32:48.542 714-16204/? D/mm-still: int OMXJpegEncoder::CompleteMainImage():732] Encoded image length 8906
01-29 11:32:48.543 714-16203/? I/QCamera: <JPEG><INFO> mm_jpeg_fbd: 3064: count 0 
01-29 11:32:48.543 714-16203/? I/QCamera: <JPEG><INFO> mm_jpeg_fbd: 3065: KPI Perf] : PROFILE_JPEG_FBD
01-29 11:32:48.543 714-16203/? I/QCamera: <HAL><INFO> static void qcamera::QCamera3PicChannel::jpegEvtHandle(jpeg_job_status_t, uint32_t, uint32_t, mm_jpeg_output_t*, void*): 3077: Issue Jpeg Callback frameNumber = 407 status = 0
01-29 11:32:48.553 724-724/? W/cnss_diag: type=1400 audit(0.0:34782): avc: denied { search } for name="default" dev="tmpfs" ino=5980 scontext=u:r:wcnss_service:s0 tcontext=u:object_r:storage_file:s0 tclass=dir permissive=0
01-29 11:32:48.553 724-724/? W/cnss_diag: type=1400 audit(0.0:34783): avc: denied { search } for name="default" dev="tmpfs" ino=5980 scontext=u:r:wcnss_service:s0 tcontext=u:object_r:storage_file:s0 tclass=dir permissive=0
01-29 11:32:48.595 714-15294/? I/QCamera: <HAL><INFO> int32_t qcamera::QCamera3ReprocessChannel::doReprocessOffline(qcamera::qcamera_fwk_input_pp_data_t*, bool): 4500: Offline reprocessing id = 609 buf Id = 0 meta index = 4
01-29 11:32:48.595 747-15275/? D/mm-camera: <MCT   >< HIGH> 3122: mct_pipeline_process_set: command=8000019
01-29 11:32:48.595 747-15275/? I/mm-camera: <CPP   >< INFO> 867: cpp_module_handle_isp_out_dim_event: [STREAM_PARAMS]  stream type 9, width 320, height 240,stride 320, scanline 256, planes 2
01-29 11:32:48.595 747-15275/? I/mm-camera: <CPP   >< INFO> 886: cpp_module_handle_isp_out_dim_event: [STREAM_PARAMS] plane 0, stride 320, scanline 256, offset_x 0, offset_y 0, len 81920, offset:0
01-29 11:32:48.595 747-15275/? I/mm-camera: <CPP   >< INFO> 886: cpp_module_handle_isp_out_dim_event: [STREAM_PARAMS] plane 1, stride 320, scanline 256, offset_x 0, offset_y 0, len 40960, offset:0
01-29 11:32:48.595 747-15275/? I/mm-camera: <PPROC >< INFO> 2378: pproc_module_handle_reprocess_offline: input buf fd 131 type 5 size 122880 identity 10005, frame_id 609
01-29 11:32:48.597 714-15314/? I/QCamera: <HAL><INFO> virtual void qcamera::QCamera3ReprocessChannel::streamCbRoutine(mm_camera_super_buf_t*, qcamera::QCamera3Stream*): 3771: bufIndex: 1 recvd from post proc
01-29 11:32:48.597 714-15314/? E/QCamera: <HAL><ERROR> void qcamera::QCamera3HardwareInterface::handleInputBufferWithLock(uint32_t): 3166: Could not find input request for frame number 0
01-29 11:32:48.598 714-15294/? D/mm-still: virtual OMX_ERRORTYPE OMXJpegEncoder::releaseCodecLibs():1438] E
01-29 11:32:48.599 714-15294/? D/mm-still: virtual OMX_ERRORTYPE OMXJpegEncoder::releaseCodecLibs():1449] X
01-29 11:32:48.599 714-15294/? V/qomx_image_core: OMX_FreeHandle:338] 
01-29 11:32:48.599 714-15294/? D/qomx_image_core: get_idx_from_handle:297] comp_idx 0 inst_idx 1
01-29 11:32:48.599 714-15294/? I/qomx_image_core: OMX_FreeHandle:370] Error Component is still Active
01-29 11:32:48.599 714-15294/? V/qomx_image_core: OMX_FreeHandle:373] Success
01-29 11:32:48.599 714-15294/? I/QCamera: <HAL><INFO> int32_t qcamera::QCamera3PostProcessor::encodeData(qcamera::qcamera_hal3_jpeg_data_t*, uint8_t&): 1476: Src Buffer cnt = 2, res = 320X256 len = 122880 rot = 0 src_dim = 320X240 dst_dim = 320X240
01-29 11:32:48.599 714-15294/? I/QCamera: <HAL><INFO> int32_t qcamera::QCamera3PostProcessor::encodeData(qcamera::qcamera_hal3_jpeg_data_t*, uint8_t&): 1487: Src THUMB buf_cnt = 0, res = 0X0 len = 0 rot = 0 src_dim = 320X240, dst_dim = 0X0
01-29 11:32:48.599 714-15294/? D/mm-still: void* getInstance():47] Component ptr is 0xab809b90
01-29 11:32:48.599 714-15294/? I/qomx_image_core: OMX_GetHandle:243] get instance pts is 0xab809b90
01-29 11:32:48.600 714-15294/? D/qomx_image_core: OMX_GetHandle:263] handle = 0xab809b94 Instanceindex = 1,comp_idx 0 g_ptr 0xab8a26c0
01-29 11:32:48.600 714-15294/? I/qomx_image_core: OMX_GetHandle:267] Success
01-29 11:32:48.601 714-15294/? D/mm-still: virtual OMX_ERRORTYPE OMXJpegEncoder::preloadCodecLibs():1177] E
01-29 11:32:48.601 714-15294/? D/mm-still: virtual OMX_ERRORTYPE OMXJpegEncoder::configureEncodedata():79] size 320x240 pad 320x256 subsampling 0 format 0
01-29 11:32:48.601 714-15294/? D/mm-still: virtual OMX_ERRORTYPE OMXJpegEncoder::configureEncodedata():86] ImageSize 115200 76800
01-29 11:32:48.601 714-15294/? D/mm-still: virtual OMX_ERRORTYPE OMXJpegEncoder::configureEncodedata():115] Scaling not enabled width: 320 height:240
01-29 11:32:48.603 714-15294/? D/mm-still: virtual OMX_ERRORTYPE OMXJpegEncoder::preloadCodecLibs():1193] X
01-29 11:32:48.603 714-15294/? I/QCamera: <HAL><INFO> int32_t qcamera::QCamera3PostProcessor::encodeData(qcamera::qcamera_hal3_jpeg_data_t*, uint8_t&): 1589: Main image idx = 1 src w/h (320x240), dst w/h (320x240)
01-29 11:32:48.606 714-16205/? D/mm-still: virtual OMX_ERRORTYPE OMXJpegEncoder::configureEncodedata():79] size 320x240 pad 320x256 subsampling 0 format 0
01-29 11:32:48.606 714-16205/? D/mm-still: virtual OMX_ERRORTYPE OMXJpegEncoder::configureEncodedata():86] ImageSize 115200 76800
01-29 11:32:48.606 714-16205/? D/mm-still: virtual OMX_ERRORTYPE OMXJpegEncoder::configureEncodedata():115] Scaling not enabled width: 320 height:240
01-29 11:32:48.606 714-16205/? D/mm-still: virtual OMX_ERRORTYPE OMXJpegEncoder::configureBuffers(OMX_BUFFERHEADERTYPE*, OMX_BUFFERHEADERTYPE*):263] MAIN buf=0xf0407000, fd=231, offset=0 filled=0
01-29 11:32:48.606 714-16205/? D/mm-still: OMX_ERRORTYPE OMXJpegEncoder::writeExifData(QImage*, QIBuffer*):342] Image type 0 mobicat_mask 0
01-29 11:32:48.606 714-16205/? E/mm-still: virtual OMX_ERRORTYPE OMXJpegEncoder::startEncode():563] startEncode()
01-29 11:32:48.606 714-16205/? E/jpeg_hw: jpege_lib_hw_fe_buffer_cfg:295] w 320 h 240 stride 320 scanline 256
01-29 11:32:48.606 714-16205/? D/mm-still: int QImageHW10Encoder::ConfigureOutputBuffer():553] Received output image fd 230 addr 0xeadbe000 WorkBufSize 23887872 
01-29 11:32:48.609 714-16206/? D/mm-still: virtual int OMXJpegEncoder::EncodeComplete(QImage*):843] MainImage Encoding complete. Filled Length = 7543 m_thumbEncodingComplete 0
01-29 11:32:48.609 714-16206/? D/mm-still: int OMXJpegEncoder::CompleteMainImage():732] Encoded image length 8924
01-29 11:32:48.609 714-16205/? I/QCamera: <JPEG><INFO> mm_jpeg_fbd: 3064: count 0 
01-29 11:32:48.609 714-16205/? I/QCamera: <JPEG><INFO> mm_jpeg_fbd: 3065: KPI Perf] : PROFILE_JPEG_FBD
01-29 11:32:48.609 714-16205/? I/QCamera: <HAL><INFO> static void qcamera::QCamera3PicChannel::jpegEvtHandle(jpeg_job_status_t, uint32_t, uint32_t, mm_jpeg_output_t*, void*): 3077: Issue Jpeg Callback frameNumber = 408 status = 0
01-29 11:32:48.632 714-15294/? I/QCamera: <HAL><INFO> int32_t qcamera::QCamera3ReprocessChannel::doReprocessOffline(qcamera::qcamera_fwk_input_pp_data_t*, bool): 4500: Offline reprocessing id = 610 buf Id = 1 meta index = 5
01-29 11:32:48.633 747-15275/? D/mm-camera: <MCT   >< HIGH> 3122: mct_pipeline_process_set: command=8000019
01-29 11:32:48.633 747-15275/? I/mm-camera: <CPP   >< INFO> 867: cpp_module_handle_isp_out_dim_event: [STREAM_PARAMS]  stream type 9, width 320, height 240,stride 320, scanline 256, planes 2
01-29 11:32:48.633 747-15275/? I/mm-camera: <CPP   >< INFO> 886: cpp_module_handle_isp_out_dim_event: [STREAM_PARAMS] plane 0, stride 320, scanline 256, offset_x 0, offset_y 0, len 81920, offset:0
01-29 11:32:48.633 747-15275/? I/mm-camera: <CPP   >< INFO> 886: cpp_module_handle_isp_out_dim_event: [STREAM_PARAMS] plane 1, stride 320, scanline 256, offset_x 0, offset_y 0, len 40960, offset:0
01-29 11:32:48.633 747-15275/? I/mm-camera: <PPROC >< INFO> 2378: pproc_module_handle_reprocess_offline: input buf fd 129 type 5 size 122880 identity 10005, frame_id 610
01-29 11:32:48.634 714-15314/? I/QCamera: <HAL><INFO> virtual void qcamera::QCamera3ReprocessChannel::streamCbRoutine(mm_camera_super_buf_t*, qcamera::QCamera3Stream*): 3771: bufIndex: 0 recvd from post proc
01-29 11:32:48.634 714-15314/? E/QCamera: <HAL><ERROR> void qcamera::QCamera3HardwareInterface::handleInputBufferWithLock(uint32_t): 3166: Could not find input request for frame number 0
01-29 11:32:48.635 714-15294/? D/mm-still: virtual OMX_ERRORTYPE OMXJpegEncoder::releaseCodecLibs():1438] E
01-29 11:32:48.636 714-15294/? D/mm-still: virtual OMX_ERRORTYPE OMXJpegEncoder::releaseCodecLibs():1449] X
01-29 11:32:48.636 714-15294/? V/qomx_image_core: OMX_FreeHandle:338] 
01-29 11:32:48.636 714-15294/? D/qomx_image_core: get_idx_from_handle:297] comp_idx 0 inst_idx 1
01-29 11:32:48.636 714-15294/? I/qomx_image_core: OMX_FreeHandle:370] Error Component is still Active
01-29 11:32:48.636 714-15294/? V/qomx_image_core: OMX_FreeHandle:373] Success
01-29 11:32:48.636 714-15294/? I/QCamera: <HAL><INFO> int32_t qcamera::QCamera3PostProcessor::encodeData(qcamera::qcamera_hal3_jpeg_data_t*, uint8_t&): 1476: Src Buffer cnt = 2, res = 320X256 len = 122880 rot = 0 src_dim = 320X240 dst_dim = 320X240
01-29 11:32:48.636 714-15294/? I/QCamera: <HAL><INFO> int32_t qcamera::QCamera3PostProcessor::encodeData(qcamera::qcamera_hal3_jpeg_data_t*, uint8_t&): 1487: Src THUMB buf_cnt = 0, res = 0X0 len = 0 rot = 0 src_dim = 320X240, dst_dim = 0X0
01-29 11:32:48.636 714-15294/? D/mm-still: void* getInstance():47] Component ptr is 0xab809b90
01-29 11:32:48.636 714-15294/? I/qomx_image_core: OMX_GetHandle:243] get instance pts is 0xab809b90
01-29 11:32:48.637 714-15294/? D/qomx_image_core: OMX_GetHandle:263] handle = 0xab809b94 Instanceindex = 1,comp_idx 0 g_ptr 0xab8a26c0
01-29 11:32:48.637 714-15294/? I/qomx_image_core: OMX_GetHandle:267] Success
01-29 11:32:48.637 714-15294/? D/mm-still: virtual OMX_ERRORTYPE OMXJpegEncoder::preloadCodecLibs():1177] E
01-29 11:32:48.637 714-15294/? D/mm-still: virtual OMX_ERRORTYPE OMXJpegEncoder::configureEncodedata():79] size 320x240 pad 320x256 subsampling 0 format 0
01-29 11:32:48.637 714-15294/? D/mm-still: virtual OMX_ERRORTYPE OMXJpegEncoder::configureEncodedata():86] ImageSize 115200 76800
01-29 11:32:48.637 714-15294/? D/mm-still: virtual OMX_ERRORTYPE OMXJpegEncoder::configureEncodedata():115] Scaling not enabled width: 320 height:240
01-29 11:32:48.639 714-15294/? D/mm-still: virtual OMX_ERRORTYPE OMXJpegEncoder::preloadCodecLibs():1193] X
01-29 11:32:48.640 714-15294/? I/QCamera: <HAL><INFO> int32_t qcamera::QCamera3PostProcessor::encodeData(qcamera::qcamera_hal3_jpeg_data_t*, uint8_t&): 1589: Main image idx = 0 src w/h (320x240), dst w/h (320x240)
01-29 11:32:48.642 714-16207/? D/mm-still: virtual OMX_ERRORTYPE OMXJpegEncoder::configureEncodedata():79] size 320x240 pad 320x256 subsampling 0 format 0
01-29 11:32:48.642 714-16207/? D/mm-still: virtual OMX_ERRORTYPE OMXJpegEncoder::configureEncodedata():86] ImageSize 115200 76800
01-29 11:32:48.642 714-16207/? D/mm-still: virtual OMX_ERRORTYPE OMXJpegEncoder::configureEncodedata():115] Scaling not enabled width: 320 height:240
01-29 11:32:48.642 714-16207/? D/mm-still: virtual OMX_ERRORTYPE OMXJpegEncoder::configureBuffers(OMX_BUFFERHEADERTYPE*, OMX_BUFFERHEADERTYPE*):263] MAIN buf=0xf043a000, fd=227, offset=0 filled=0
01-29 11:32:48.642 714-16207/? D/mm-still: OMX_ERRORTYPE OMXJpegEncoder::writeExifData(QImage*, QIBuffer*):342] Image type 0 mobicat_mask 0
01-29 11:32:48.642 714-16207/? E/mm-still: virtual OMX_ERRORTYPE OMXJpegEncoder::startEncode():563] startEncode()
01-29 11:32:48.642 714-16207/? E/jpeg_hw: jpege_lib_hw_fe_buffer_cfg:295] w 320 h 240 stride 320 scanline 256
01-29 11:32:48.643 714-16207/? D/mm-still: int QImageHW10Encoder::ConfigureOutputBuffer():553] Received output image fd 230 addr 0xeadbe000 WorkBufSize 23887872 
01-29 11:32:48.647 714-16208/? D/mm-still: virtual int OMXJpegEncoder::EncodeComplete(QImage*):843] MainImage Encoding complete. Filled Length = 7555 m_thumbEncodingComplete 0
01-29 11:32:48.651 714-16208/? D/mm-still: int OMXJpegEncoder::CompleteMainImage():732] Encoded image length 8936
01-29 11:32:48.651 714-16207/? I/QCamera: <JPEG><INFO> mm_jpeg_fbd: 3064: count 0 
01-29 11:32:48.651 714-16207/? I/QCamera: <JPEG><INFO> mm_jpeg_fbd: 3065: KPI Perf] : PROFILE_JPEG_FBD
01-29 11:32:48.651 714-16207/? I/QCamera: <HAL><INFO> static void qcamera::QCamera3PicChannel::jpegEvtHandle(jpeg_job_status_t, uint32_t, uint32_t, mm_jpeg_output_t*, void*): 3077: Issue Jpeg Callback frameNumber = 409 status = 0
01-29 11:32:48.664 714-15294/? I/QCamera: <HAL><INFO> int32_t qcamera::QCamera3ReprocessChannel::doReprocessOffline(qcamera::qcamera_fwk_input_pp_data_t*, bool): 4500: Offline reprocessing id = 611 buf Id = 2 meta index = 6
01-29 11:32:48.666 747-15275/? D/mm-camera: <MCT   >< HIGH> 3122: mct_pipeline_process_set: command=8000019
01-29 11:32:48.666 747-15275/? I/mm-camera: <CPP   >< INFO> 867: cpp_module_handle_isp_out_dim_event: [STREAM_PARAMS]  stream type 9, width 320, height 240,stride 320, scanline 256, planes 2
01-29 11:32:48.666 747-15275/? I/mm-camera: <CPP   >< INFO> 886: cpp_module_handle_isp_out_dim_event: [STREAM_PARAMS] plane 0, stride 320, scanline 256, offset_x 0, offset_y 0, len 81920, offset:0
01-29 11:32:48.666 747-15275/? I/mm-camera: <CPP   >< INFO> 886: cpp_module_handle_isp_out_dim_event: [STREAM_PARAMS] plane 1, stride 320, scanline 256, offset_x 0, offset_y 0, len 40960, offset:0
01-29 11:32:48.666 747-15275/? I/mm-camera: <PPROC >< INFO> 2378: pproc_module_handle_reprocess_offline: input buf fd 133 type 5 size 122880 identity 10005, frame_id 611
01-29 11:32:48.668 714-15314/? I/QCamera: <HAL><INFO> virtual void qcamera::QCamera3ReprocessChannel::streamCbRoutine(mm_camera_super_buf_t*, qcamera::QCamera3Stream*): 3771: bufIndex: 1 recvd from post proc
01-29 11:32:48.668 714-15314/? E/QCamera: <HAL><ERROR> void qcamera::QCamera3HardwareInterface::handleInputBufferWithLock(uint32_t): 3166: Could not find input request for frame number 0
01-29 11:32:48.669 714-15294/? D/mm-still: virtual OMX_ERRORTYPE OMXJpegEncoder::releaseCodecLibs():1438] E
01-29 11:32:48.670 714-15294/? D/mm-still: virtual OMX_ERRORTYPE OMXJpegEncoder::releaseCodecLibs():1449] X
01-29 11:32:48.670 714-15294/? V/qomx_image_core: OMX_FreeHandle:338] 
01-29 11:32:48.671 714-15294/? D/qomx_image_core: get_idx_from_handle:297] comp_idx 0 inst_idx 1
01-29 11:32:48.671 714-15294/? I/qomx_image_core: OMX_FreeHandle:370] Error Component is still Active
01-29 11:32:48.671 714-15294/? V/qomx_image_core: OMX_FreeHandle:373] Success
01-29 11:32:48.671 714-15294/? I/QCamera: <HAL><INFO> int32_t qcamera::QCamera3PostProcessor::encodeData(qcamera::qcamera_hal3_jpeg_data_t*, uint8_t&): 1476: Src Buffer cnt = 2, res = 320X256 len = 122880 rot = 0 src_dim = 320X240 dst_dim = 320X240
01-29 11:32:48.671 714-15294/? I/QCamera: <HAL><INFO> int32_t qcamera::QCamera3PostProcessor::encodeData(qcamera::qcamera_hal3_jpeg_data_t*, uint8_t&): 1487: Src THUMB buf_cnt = 0, res = 0X0 len = 0 rot = 0 src_dim = 320X240, dst_dim = 0X0
01-29 11:32:48.671 714-15294/? D/mm-still: void* getInstance():47] Component ptr is 0xab809b90
01-29 11:32:48.671 714-15294/? I/qomx_image_core: OMX_GetHandle:243] get instance pts is 0xab809b90
01-29 11:32:48.671 714-15294/? D/qomx_image_core: OMX_GetHandle:263] handle = 0xab809b94 Instanceindex = 1,comp_idx 0 g_ptr 0xab8a26c0
01-29 11:32:48.672 714-15294/? I/qomx_image_core: OMX_GetHandle:267] Success
01-29 11:32:48.672 714-15294/? D/mm-still: virtual OMX_ERRORTYPE OMXJpegEncoder::preloadCodecLibs():1177] E
01-29 11:32:48.672 714-15294/? D/mm-still: virtual OMX_ERRORTYPE OMXJpegEncoder::configureEncodedata():79] size 320x240 pad 320x256 subsampling 0 format 0
01-29 11:32:48.672 714-15294/? D/mm-still: virtual OMX_ERRORTYPE OMXJpegEncoder::configureEncodedata():86] ImageSize 115200 76800
01-29 11:32:48.672 714-15294/? D/mm-still: virtual OMX_ERRORTYPE OMXJpegEncoder::configureEncodedata():115] Scaling not enabled width: 320 height:240
01-29 11:32:48.673 714-15294/? D/mm-still: virtual OMX_ERRORTYPE OMXJpegEncoder::preloadCodecLibs():1193] X
01-29 11:32:48.674 714-15294/? I/QCamera: <HAL><INFO> int32_t qcamera::QCamera3PostProcessor::encodeData(qcamera::qcamera_hal3_jpeg_data_t*, uint8_t&): 1589: Main image idx = 1 src w/h (320x240), dst w/h (320x240)
01-29 11:32:48.676 714-16209/? D/mm-still: virtual OMX_ERRORTYPE OMXJpegEncoder::configureEncodedata():79] size 320x240 pad 320x256 subsampling 0 format 0
01-29 11:32:48.676 714-16209/? D/mm-still: virtual OMX_ERRORTYPE OMXJpegEncoder::configureEncodedata():86] ImageSize 115200 76800
01-29 11:32:48.676 714-16209/? D/mm-still: virtual OMX_ERRORTYPE OMXJpegEncoder::configureEncodedata():115] Scaling not enabled width: 320 height:240
01-29 11:32:48.676 714-16209/? D/mm-still: virtual OMX_ERRORTYPE OMXJpegEncoder::configureBuffers(OMX_BUFFERHEADERTYPE*, OMX_BUFFERHEADERTYPE*):263] MAIN buf=0xf0407000, fd=231, offset=0 filled=0
01-29 11:32:48.676 714-16209/? D/mm-still: OMX_ERRORTYPE OMXJpegEncoder::writeExifData(QImage*, QIBuffer*):342] Image type 0 mobicat_mask 0
01-29 11:32:48.676 714-16209/? E/mm-still: virtual OMX_ERRORTYPE OMXJpegEncoder::startEncode():563] startEncode()
01-29 11:32:48.676 714-16209/? E/jpeg_hw: jpege_lib_hw_fe_buffer_cfg:295] w 320 h 240 stride 320 scanline 256
01-29 11:32:48.677 714-16209/? D/mm-still: int QImageHW10Encoder::ConfigureOutputBuffer():553] Received output image fd 230 addr 0xeadbe000 WorkBufSize 23887872 
01-29 11:32:48.680 714-16210/? D/mm-still: virtual int OMXJpegEncoder::EncodeComplete(QImage*):843] MainImage Encoding complete. Filled Length = 7537 m_thumbEncodingComplete 0
01-29 11:32:48.683 714-16210/? D/mm-still: int OMXJpegEncoder::CompleteMainImage():732] Encoded image length 8918
01-29 11:32:48.683 714-16209/? I/QCamera: <JPEG><INFO> mm_jpeg_fbd: 3064: count 0 
01-29 11:32:48.683 714-16209/? I/QCamera: <JPEG><INFO> mm_jpeg_fbd: 3065: KPI Perf] : PROFILE_JPEG_FBD
01-29 11:32:48.683 714-16209/? I/QCamera: <HAL><INFO> static void qcamera::QCamera3PicChannel::jpegEvtHandle(jpeg_job_status_t, uint32_t, uint32_t, mm_jpeg_output_t*, void*): 3077: Issue Jpeg Callback frameNumber = 410 status = 0
01-29 11:32:48.729 714-15294/? I/QCamera: <HAL><INFO> int32_t qcamera::QCamera3ReprocessChannel::doReprocessOffline(qcamera::qcamera_fwk_input_pp_data_t*, bool): 4500: Offline reprocessing id = 613 buf Id = 3 meta index = 7
01-29 11:32:48.729 747-15275/? D/mm-camera: <MCT   >< HIGH> 3122: mct_pipeline_process_set: command=8000019
01-29 11:32:48.729 747-15275/? I/mm-camera: <CPP   >< INFO> 867: cpp_module_handle_isp_out_dim_event: [STREAM_PARAMS]  stream type 9, width 320, height 240,stride 320, scanline 256, planes 2
01-29 11:32:48.729 747-15275/? I/mm-camera: <CPP   >< INFO> 886: cpp_module_handle_isp_out_dim_event: [STREAM_PARAMS] plane 0, stride 320, scanline 256, offset_x 0, offset_y 0, len 81920, offset:0
01-29 11:32:48.729 747-15275/? I/mm-camera: <CPP   >< INFO> 886: cpp_module_handle_isp_out_dim_event: [STREAM_PARAMS] plane 1, stride 320, scanline 256, offset_x 0, offset_y 0, len 40960, offset:0
01-29 11:32:48.729 747-15275/? I/mm-camera: <PPROC >< INFO> 2378: pproc_module_handle_reprocess_offline: input buf fd 131 type 5 size 122880 identity 10005, frame_id 613
01-29 11:32:48.731 714-15314/? I/QCamera: <HAL><INFO> virtual void qcamera::QCamera3ReprocessChannel::streamCbRoutine(mm_camera_super_buf_t*, qcamera::QCamera3Stream*): 3771: bufIndex: 0 recvd from post proc
01-29 11:32:48.731 714-15314/? E/QCamera: <HAL><ERROR> void qcamera::QCamera3HardwareInterface::handleInputBufferWithLock(uint32_t): 3166: Could not find input request for frame number 0
01-29 11:32:48.733 714-15294/? D/mm-still: virtual OMX_ERRORTYPE OMXJpegEncoder::releaseCodecLibs():1438] E
01-29 11:32:48.734 714-15294/? D/mm-still: virtual OMX_ERRORTYPE OMXJpegEncoder::releaseCodecLibs():1449] X
01-29 11:32:48.734 714-15294/? V/qomx_image_core: OMX_FreeHandle:338] 
01-29 11:32:48.734 714-15294/? D/qomx_image_core: get_idx_from_handle:297] comp_idx 0 inst_idx 1
01-29 11:32:48.735 714-15294/? I/qomx_image_core: OMX_FreeHandle:370] Error Component is still Active
01-29 11:32:48.735 714-15294/? V/qomx_image_core: OMX_FreeHandle:373] Success
01-29 11:32:48.735 714-15294/? I/QCamera: <HAL><INFO> int32_t qcamera::QCamera3PostProcessor::encodeData(qcamera::qcamera_hal3_jpeg_data_t*, uint8_t&): 1476: Src Buffer cnt = 2, res = 320X256 len = 122880 rot = 0 src_dim = 320X240 dst_dim = 320X240
01-29 11:32:48.735 714-15294/? I/QCamera: <HAL><INFO> int32_t qcamera::QCamera3PostProcessor::encodeData(qcamera::qcamera_hal3_jpeg_data_t*, uint8_t&): 1487: Src THUMB buf_cnt = 0, res = 0X0 len = 0 rot = 0 src_dim = 320X240, dst_dim = 0X0
01-29 11:32:48.735 714-15294/? D/mm-still: void* getInstance():47] Component ptr is 0xab809b90
01-29 11:32:48.735 714-15294/? I/qomx_image_core: OMX_GetHandle:243] get instance pts is 0xab809b90
01-29 11:32:48.736 714-15294/? D/qomx_image_core: OMX_GetHandle:263] handle = 0xab809b94 Instanceindex = 1,comp_idx 0 g_ptr 0xab8a26c0
01-29 11:32:48.736 714-15294/? I/qomx_image_core: OMX_GetHandle:267] Success
01-29 11:32:48.736 714-15294/? D/mm-still: virtual OMX_ERRORTYPE OMXJpegEncoder::preloadCodecLibs():1177] E
01-29 11:32:48.736 714-15294/? D/mm-still: virtual OMX_ERRORTYPE OMXJpegEncoder::configureEncodedata():79] size 320x240 pad 320x256 subsampling 0 format 0
01-29 11:32:48.736 714-15294/? D/mm-still: virtual OMX_ERRORTYPE OMXJpegEncoder::configureEncodedata():86] ImageSize 115200 76800
01-29 11:32:48.736 714-15294/? D/mm-still: virtual OMX_ERRORTYPE OMXJpegEncoder::configureEncodedata():115] Scaling not enabled width: 320 height:240
01-29 11:32:48.738 714-15294/? D/mm-still: virtual OMX_ERRORTYPE OMXJpegEncoder::preloadCodecLibs():1193] X
01-29 11:32:48.738 714-15294/? I/QCamera: <HAL><INFO> int32_t qcamera::QCamera3PostProcessor::encodeData(qcamera::qcamera_hal3_jpeg_data_t*, uint8_t&): 1589: Main image idx = 0 src w/h (320x240), dst w/h (320x240)
01-29 11:32:48.742 714-16211/? D/mm-still: virtual OMX_ERRORTYPE OMXJpegEncoder::configureEncodedata():79] size 320x240 pad 320x256 subsampling 0 format 0
01-29 11:32:48.742 714-16211/? D/mm-still: virtual OMX_ERRORTYPE OMXJpegEncoder::configureEncodedata():86] ImageSize 115200 76800
01-29 11:32:48.742 714-16211/? D/mm-still: virtual OMX_ERRORTYPE OMXJpegEncoder::configureEncodedata():115] Scaling not enabled width: 320 height:240
01-29 11:32:48.742 714-16211/? D/mm-still: virtual OMX_ERRORTYPE OMXJpegEncoder::configureBuffers(OMX_BUFFERHEADERTYPE*, OMX_BUFFERHEADERTYPE*):263] MAIN buf=0xf043a000, fd=227, offset=0 filled=0
01-29 11:32:48.742 714-16211/? D/mm-still: OMX_ERRORTYPE OMXJpegEncoder::writeExifData(QImage*, QIBuffer*):342] Image type 0 mobicat_mask 0
01-29 11:32:48.742 714-16211/? E/mm-still: virtual OMX_ERRORTYPE OMXJpegEncoder::startEncode():563] startEncode()
01-29 11:32:48.742 714-16211/? E/jpeg_hw: jpege_lib_hw_fe_buffer_cfg:295] w 320 h 240 stride 320 scanline 256
01-29 11:32:48.742 714-16211/? D/mm-still: int QImageHW10Encoder::ConfigureOutputBuffer():553] Received output image fd 230 addr 0xeadbe000 WorkBufSize 23887872 
01-29 11:32:48.745 714-16212/? D/mm-still: virtual int OMXJpegEncoder::EncodeComplete(QImage*):843] MainImage Encoding complete. Filled Length = 7549 m_thumbEncodingComplete 0
01-29 11:32:48.746 714-16212/? D/mm-still: int OMXJpegEncoder::CompleteMainImage():732] Encoded image length 8930
01-29 11:32:48.750 714-16211/? I/QCamera: <JPEG><INFO> mm_jpeg_fbd: 3064: count 0 
01-29 11:32:48.750 714-16211/? I/QCamera: <JPEG><INFO> mm_jpeg_fbd: 3065: KPI Perf] : PROFILE_JPEG_FBD
01-29 11:32:48.750 714-16211/? I/QCamera: <HAL><INFO> static void qcamera::QCamera3PicChannel::jpegEvtHandle(jpeg_job_status_t, uint32_t, uint32_t, mm_jpeg_output_t*, void*): 3077: Issue Jpeg Callback frameNumber = 411 status = 0
01-29 11:32:48.763 714-15294/? I/QCamera: <HAL><INFO> int32_t qcamera::QCamera3ReprocessChannel::doReprocessOffline(qcamera::qcamera_fwk_input_pp_data_t*, bool): 4500: Offline reprocessing id = 614 buf Id = 0 meta index = 4
01-29 11:32:48.763 747-15275/? D/mm-camera: <MCT   >< HIGH> 3122: mct_pipeline_process_set: command=8000019
01-29 11:32:48.763 747-15275/? I/mm-camera: <CPP   >< INFO> 867: cpp_module_handle_isp_out_dim_event: [STREAM_PARAMS]  stream type 9, width 320, height 240,stride 320, scanline 256, planes 2
01-29 11:32:48.763 747-15275/? I/mm-camera: <CPP   >< INFO> 886: cpp_module_handle_isp_out_dim_event: [STREAM_PARAMS] plane 0, stride 320, scanline 256, offset_x 0, offset_y 0, len 81920, offset:0
01-29 11:32:48.763 747-15275/? I/mm-camera: <CPP   >< INFO> 886: cpp_module_handle_isp_out_dim_event: [STREAM_PARAMS] plane 1, stride 320, scanline 256, offset_x 0, offset_y 0, len 40960, offset:0
01-29 11:32:48.764 747-15275/? I/mm-camera: <PPROC >< INFO> 2378: pproc_module_handle_reprocess_offline: input buf fd 131 type 5 size 122880 identity 10005, frame_id 614
01-29 11:32:48.767 714-15314/? I/QCamera: <HAL><INFO> virtual void qcamera::QCamera3ReprocessChannel::streamCbRoutine(mm_camera_super_buf_t*, qcamera::QCamera3Stream*): 3771: bufIndex: 1 recvd from post proc
01-29 11:32:48.767 714-15314/? E/QCamera: <HAL><ERROR> void qcamera::QCamera3HardwareInterface::handleInputBufferWithLock(uint32_t): 3166: Could not find input request for frame number 0
01-29 11:32:48.768 714-15294/? D/mm-still: virtual OMX_ERRORTYPE OMXJpegEncoder::releaseCodecLibs():1438] E
01-29 11:32:48.769 714-15294/? D/mm-still: virtual OMX_ERRORTYPE OMXJpegEncoder::releaseCodecLibs():1449] X
01-29 11:32:48.769 714-15294/? V/qomx_image_core: OMX_FreeHandle:338] 
01-29 11:32:48.769 714-15294/? D/qomx_image_core: get_idx_from_handle:297] comp_idx 0 inst_idx 1
01-29 11:32:48.769 714-15294/? I/qomx_image_core: OMX_FreeHandle:370] Error Component is still Active
01-29 11:32:48.769 714-15294/? V/qomx_image_core: OMX_FreeHandle:373] Success
01-29 11:32:48.769 714-15294/? I/QCamera: <HAL><INFO> int32_t qcamera::QCamera3PostProcessor::encodeData(qcamera::qcamera_hal3_jpeg_data_t*, uint8_t&): 1476: Src Buffer cnt = 2, res = 320X256 len = 122880 rot = 0 src_dim = 320X240 dst_dim = 320X240
01-29 11:32:48.769 714-15294/? I/QCamera: <HAL><INFO> int32_t qcamera::QCamera3PostProcessor::encodeData(qcamera::qcamera_hal3_jpeg_data_t*, uint8_t&): 1487: Src THUMB buf_cnt = 0, res = 0X0 len = 0 rot = 0 src_dim = 320X240, dst_dim = 0X0
01-29 11:32:48.770 714-15294/? D/mm-still: void* getInstance():47] Component ptr is 0xab809b90
01-29 11:32:48.770 714-15294/? I/qomx_image_core: OMX_GetHandle:243] get instance pts is 0xab809b90
01-29 11:32:48.770 714-15294/? D/qomx_image_core: OMX_GetHandle:263] handle = 0xab809b94 Instanceindex = 1,comp_idx 0 g_ptr 0xab8a26c0
01-29 11:32:48.770 714-15294/? I/qomx_image_core: OMX_GetHandle:267] Success
01-29 11:32:48.770 714-15294/? D/mm-still: virtual OMX_ERRORTYPE OMXJpegEncoder::preloadCodecLibs():1177] E
01-29 11:32:48.770 714-15294/? D/mm-still: virtual OMX_ERRORTYPE OMXJpegEncoder::configureEncodedata():79] size 320x240 pad 320x256 subsampling 0 format 0
01-29 11:32:48.770 714-15294/? D/mm-still: virtual OMX_ERRORTYPE OMXJpegEncoder::configureEncodedata():86] ImageSize 115200 76800
01-29 11:32:48.770 714-15294/? D/mm-still: virtual OMX_ERRORTYPE OMXJpegEncoder::configureEncodedata():115] Scaling not enabled width: 320 height:240
01-29 11:32:48.772 714-15294/? D/mm-still: virtual OMX_ERRORTYPE OMXJpegEncoder::preloadCodecLibs():1193] X
01-29 11:32:48.773 714-15294/? I/QCamera: <HAL><INFO> int32_t qcamera::QCamera3PostProcessor::encodeData(qcamera::qcamera_hal3_jpeg_data_t*, uint8_t&): 1589: Main image idx = 1 src w/h (320x240), dst w/h (320x240)
01-29 11:32:48.775 714-16213/? D/mm-still: virtual OMX_ERRORTYPE OMXJpegEncoder::configureEncodedata():79] size 320x240 pad 320x256 subsampling 0 format 0
01-29 11:32:48.775 714-16213/? D/mm-still: virtual OMX_ERRORTYPE OMXJpegEncoder::configureEncodedata():86] ImageSize 115200 76800
01-29 11:32:48.775 714-16213/? D/mm-still: virtual OMX_ERRORTYPE OMXJpegEncoder::configureEncodedata():115] Scaling not enabled width: 320 height:240
01-29 11:32:48.775 714-16213/? D/mm-still: virtual OMX_ERRORTYPE OMXJpegEncoder::configureBuffers(OMX_BUFFERHEADERTYPE*, OMX_BUFFERHEADERTYPE*):263] MAIN buf=0xf0407000, fd=231, offset=0 filled=0
01-29 11:32:48.775 714-16213/? D/mm-still: OMX_ERRORTYPE OMXJpegEncoder::writeExifData(QImage*, QIBuffer*):342] Image type 0 mobicat_mask 0
01-29 11:32:48.776 714-16213/? E/mm-still: virtual OMX_ERRORTYPE OMXJpegEncoder::startEncode():563] startEncode()
01-29 11:32:48.776 714-16213/? E/jpeg_hw: jpege_lib_hw_fe_buffer_cfg:295] w 320 h 240 stride 320 scanline 256
01-29 11:32:48.776 714-16213/? D/mm-still: int QImageHW10Encoder::ConfigureOutputBuffer():553] Received output image fd 230 addr 0xeadbe000 WorkBufSize 23887872 
01-29 11:32:48.779 714-16214/? D/mm-still: virtual int OMXJpegEncoder::EncodeComplete(QImage*):843] MainImage Encoding complete. Filled Length = 7573 m_thumbEncodingComplete 0
01-29 11:32:48.780 714-16214/? D/mm-still: int OMXJpegEncoder::CompleteMainImage():732] Encoded image length 8954
01-29 11:32:48.780 714-16213/? I/QCamera: <JPEG><INFO> mm_jpeg_fbd: 3064: count 0 
01-29 11:32:48.780 714-16213/? I/QCamera: <JPEG><INFO> mm_jpeg_fbd: 3065: KPI Perf] : PROFILE_JPEG_FBD
01-29 11:32:48.780 714-16213/? I/QCamera: <HAL><INFO> static void qcamera::QCamera3PicChannel::jpegEvtHandle(jpeg_job_status_t, uint32_t, uint32_t, mm_jpeg_output_t*, void*): 3077: Issue Jpeg Callback frameNumber = 412 status = 0
01-29 11:32:48.797 714-15294/? I/QCamera: <HAL><INFO> int32_t qcamera::QCamera3ReprocessChannel::doReprocessOffline(qcamera::qcamera_fwk_input_pp_data_t*, bool): 4500: Offline reprocessing id = 615 buf Id = 1 meta index = 5
01-29 11:32:48.798 747-15275/? D/mm-camera: <MCT   >< HIGH> 3122: mct_pipeline_process_set: command=8000019
01-29 11:32:48.798 747-15275/? I/mm-camera: <CPP   >< INFO> 867: cpp_module_handle_isp_out_dim_event: [STREAM_PARAMS]  stream type 9, width 320, height 240,stride 320, scanline 256, planes 2
01-29 11:32:48.798 747-15275/? I/mm-camera: <CPP   >< INFO> 886: cpp_module_handle_isp_out_dim_event: [STREAM_PARAMS] plane 0, stride 320, scanline 256, offset_x 0, offset_y 0, len 81920, offset:0
01-29 11:32:48.798 747-15275/? I/mm-camera: <CPP   >< INFO> 886: cpp_module_handle_isp_out_dim_event: [STREAM_PARAMS] plane 1, stride 320, scanline 256, offset_x 0, offset_y 0, len 40960, offset:0
01-29 11:32:48.798 747-15275/? I/mm-camera: <PPROC >< INFO> 2378: pproc_module_handle_reprocess_offline: input buf fd 133 type 5 size 122880 identity 10005, frame_id 615
01-29 11:32:48.800 714-15314/? I/QCamera: <HAL><INFO> virtual void qcamera::QCamera3ReprocessChannel::streamCbRoutine(mm_camera_super_buf_t*, qcamera::QCamera3Stream*): 3771: bufIndex: 0 recvd from post proc
01-29 11:32:48.800 714-15314/? E/QCamera: <HAL><ERROR> void qcamera::QCamera3HardwareInterface::handleInputBufferWithLock(uint32_t): 3166: Could not find input request for frame number 0
01-29 11:32:48.800 714-15294/? D/mm-still: virtual OMX_ERRORTYPE OMXJpegEncoder::releaseCodecLibs():1438] E
01-29 11:32:48.802 714-15294/? D/mm-still: virtual OMX_ERRORTYPE OMXJpegEncoder::releaseCodecLibs():1449] X
01-29 11:32:48.802 714-15294/? V/qomx_image_core: OMX_FreeHandle:338] 
01-29 11:32:48.802 714-15294/? D/qomx_image_core: get_idx_from_handle:297] comp_idx 0 inst_idx 1
01-29 11:32:48.802 714-15294/? I/qomx_image_core: OMX_FreeHandle:370] Error Component is still Active
01-29 11:32:48.802 714-15294/? V/qomx_image_core: OMX_FreeHandle:373] Success
01-29 11:32:48.802 714-15294/? I/QCamera: <HAL><INFO> int32_t qcamera::QCamera3PostProcessor::encodeData(qcamera::qcamera_hal3_jpeg_data_t*, uint8_t&): 1476: Src Buffer cnt = 2, res = 320X256 len = 122880 rot = 0 src_dim = 320X240 dst_dim = 320X240
01-29 11:32:48.802 714-15294/? I/QCamera: <HAL><INFO> int32_t qcamera::QCamera3PostProcessor::encodeData(qcamera::qcamera_hal3_jpeg_data_t*, uint8_t&): 1487: Src THUMB buf_cnt = 0, res = 0X0 len = 0 rot = 0 src_dim = 320X240, dst_dim = 0X0
01-29 11:32:48.803 714-15294/? D/mm-still: void* getInstance():47] Component ptr is 0xab809b90
01-29 11:32:48.803 714-15294/? I/qomx_image_core: OMX_GetHandle:243] get instance pts is 0xab809b90
01-29 11:32:48.803 714-15294/? D/qomx_image_core: OMX_GetHandle:263] handle = 0xab809b94 Instanceindex = 1,comp_idx 0 g_ptr 0xab8a26c0
01-29 11:32:48.803 714-15294/? I/qomx_image_core: OMX_GetHandle:267] Success
01-29 11:32:48.804 714-15294/? D/mm-still: virtual OMX_ERRORTYPE OMXJpegEncoder::preloadCodecLibs():1177] E
01-29 11:32:48.804 714-15294/? D/mm-still: virtual OMX_ERRORTYPE OMXJpegEncoder::configureEncodedata():79] size 320x240 pad 320x256 subsampling 0 format 0
01-29 11:32:48.804 714-15294/? D/mm-still: virtual OMX_ERRORTYPE OMXJpegEncoder::configureEncodedata():86] ImageSize 115200 76800
01-29 11:32:48.804 714-15294/? D/mm-still: virtual OMX_ERRORTYPE OMXJpegEncoder::configureEncodedata():115] Scaling not enabled width: 320 height:240
01-29 11:32:48.805 714-15294/? D/mm-still: virtual OMX_ERRORTYPE OMXJpegEncoder::preloadCodecLibs():1193] X
01-29 11:32:48.806 714-15294/? I/QCamera: <HAL><INFO> int32_t qcamera::QCamera3PostProcessor::encodeData(qcamera::qcamera_hal3_jpeg_data_t*, uint8_t&): 1589: Main image idx = 0 src w/h (320x240), dst w/h (320x240)
01-29 11:32:48.809 714-16215/? D/mm-still: virtual OMX_ERRORTYPE OMXJpegEncoder::configureEncodedata():79] size 320x240 pad 320x256 subsampling 0 format 0
01-29 11:32:48.809 714-16215/? D/mm-still: virtual OMX_ERRORTYPE OMXJpegEncoder::configureEncodedata():86] ImageSize 115200 76800
01-29 11:32:48.809 714-16215/? D/mm-still: virtual OMX_ERRORTYPE OMXJpegEncoder::configureEncodedata():115] Scaling not enabled width: 320 height:240
01-29 11:32:48.809 714-16215/? D/mm-still: virtual OMX_ERRORTYPE OMXJpegEncoder::configureBuffers(OMX_BUFFERHEADERTYPE*, OMX_BUFFERHEADERTYPE*):263] MAIN buf=0xf043a000, fd=227, offset=0 filled=0
01-29 11:32:48.809 714-16215/? D/mm-still: OMX_ERRORTYPE OMXJpegEncoder::writeExifData(QImage*, QIBuffer*):342] Image type 0 mobicat_mask 0
01-29 11:32:48.809 714-16215/? E/mm-still: virtual OMX_ERRORTYPE OMXJpegEncoder::startEncode():563] startEncode()
01-29 11:32:48.810 714-16215/? E/jpeg_hw: jpege_lib_hw_fe_buffer_cfg:295] w 320 h 240 stride 320 scanline 256
01-29 11:32:48.810 714-16215/? D/mm-still: int QImageHW10Encoder::ConfigureOutputBuffer():553] Received output image fd 230 addr 0xeadbe000 WorkBufSize 23887872 
01-29 11:32:48.813 714-16216/? D/mm-still: virtual int OMXJpegEncoder::EncodeComplete(QImage*):843] MainImage Encoding complete. Filled Length = 7567 m_thumbEncodingComplete 0
01-29 11:32:48.814 714-16216/? D/mm-still: int OMXJpegEncoder::CompleteMainImage():732] Encoded image length 8948
01-29 11:32:48.814 714-16215/? I/QCamera: <JPEG><INFO> mm_jpeg_fbd: 3064: count 0 
01-29 11:32:48.814 714-16215/? I/QCamera: <JPEG><INFO> mm_jpeg_fbd: 3065: KPI Perf] : PROFILE_JPEG_FBD
01-29 11:32:48.814 714-16215/? I/QCamera: <HAL><INFO> static void qcamera::QCamera3PicChannel::jpegEvtHandle(jpeg_job_status_t, uint32_t, uint32_t, mm_jpeg_output_t*, void*): 3077: Issue Jpeg Callback frameNumber = 413 status = 0
01-29 11:32:48.863 714-15294/? I/QCamera: <HAL><INFO> int32_t qcamera::QCamera3ReprocessChannel::doReprocessOffline(qcamera::qcamera_fwk_input_pp_data_t*, bool): 4500: Offline reprocessing id = 617 buf Id = 2 meta index = 6
01-29 11:32:48.863 747-15275/? D/mm-camera: <MCT   >< HIGH> 3122: mct_pipeline_process_set: command=8000019
01-29 11:32:48.863 747-15275/? I/mm-camera: <CPP   >< INFO> 867: cpp_module_handle_isp_out_dim_event: [STREAM_PARAMS]  stream type 9, width 320, height 240,stride 320, scanline 256, planes 2
01-29 11:32:48.864 747-15275/? I/mm-camera: <CPP   >< INFO> 886: cpp_module_handle_isp_out_dim_event: [STREAM_PARAMS] plane 0, stride 320, scanline 256, offset_x 0, offset_y 0, len 81920, offset:0
01-29 11:32:48.864 747-15275/? I/mm-camera: <CPP   >< INFO> 886: cpp_module_handle_isp_out_dim_event: [STREAM_PARAMS] plane 1, stride 320, scanline 256, offset_x 0, offset_y 0, len 40960, offset:0
01-29 11:32:48.864 747-15275/? I/mm-camera: <PPROC >< INFO> 2378: pproc_module_handle_reprocess_offline: input buf fd 129 type 5 size 122880 identity 10005, frame_id 617
01-29 11:32:48.867 714-15314/? I/QCamera: <HAL><INFO> virtual void qcamera::QCamera3ReprocessChannel::streamCbRoutine(mm_camera_super_buf_t*, qcamera::QCamera3Stream*): 3771: bufIndex: 1 recvd from post proc
01-29 11:32:48.867 714-15314/? E/QCamera: <HAL><ERROR> void qcamera::QCamera3HardwareInterface::handleInputBufferWithLock(uint32_t): 3166: Could not find input request for frame number 0
01-29 11:32:48.867 714-15294/? D/mm-still: virtual OMX_ERRORTYPE OMXJpegEncoder::releaseCodecLibs():1438] E
01-29 11:32:48.870 714-15294/? D/mm-still: virtual OMX_ERRORTYPE OMXJpegEncoder::releaseCodecLibs():1449] X
01-29 11:32:48.870 714-15294/? V/qomx_image_core: OMX_FreeHandle:338] 
01-29 11:32:48.870 714-15294/? D/qomx_image_core: get_idx_from_handle:297] comp_idx 0 inst_idx 1
01-29 11:32:48.870 714-15294/? I/qomx_image_core: OMX_FreeHandle:370] Error Component is still Active
01-29 11:32:48.870 714-15294/? V/qomx_image_core: OMX_FreeHandle:373] Success
