01-29 11:32:50.081 714-16277/? D/mm-still: virtual OMX_ERRORTYPE OMXJpegEncoder::configureEncodedata():115] Scaling not enabled width: 320 height:240
01-29 11:32:50.081 714-16277/? D/mm-still: virtual OMX_ERRORTYPE OMXJpegEncoder::configureBuffers(OMX_BUFFERHEADERTYPE*, OMX_BUFFERHEADERTYPE*):263] MAIN buf=0xf0407000, fd=231, offset=0 filled=0
01-29 11:32:50.081 714-16277/? D/mm-still: OMX_ERRORTYPE OMXJpegEncoder::writeExifData(QImage*, QIBuffer*):342] Image type 0 mobicat_mask 0
01-29 11:32:50.081 714-16277/? E/mm-still: virtual OMX_ERRORTYPE OMXJpegEncoder::startEncode():563] startEncode()
01-29 11:32:50.081 714-16277/? E/jpeg_hw: jpege_lib_hw_fe_buffer_cfg:295] w 320 h 240 stride 320 scanline 256
01-29 11:32:50.081 714-16277/? D/mm-still: int QImageHW10Encoder::ConfigureOutputBuffer():553] Received output image fd 230 addr 0xeadbe000 WorkBufSize 23887872 
01-29 11:32:50.089 714-16278/? D/mm-still: virtual int OMXJpegEncoder::EncodeComplete(QImage*):843] MainImage Encoding complete. Filled Length = 7556 m_thumbEncodingComplete 0
01-29 11:32:50.089 714-16278/? D/mm-still: int OMXJpegEncoder::CompleteMainImage():732] Encoded image length 8937
01-29 11:32:50.089 714-16277/? I/QCamera: <JPEG><INFO> mm_jpeg_fbd: 3064: count 0 
01-29 11:32:50.089 714-16277/? I/QCamera: <JPEG><INFO> mm_jpeg_fbd: 3065: KPI Perf] : PROFILE_JPEG_FBD
01-29 11:32:50.090 714-16277/? I/QCamera: <HAL><INFO> static void qcamera::QCamera3PicChannel::jpegEvtHandle(jpeg_job_status_t, uint32_t, uint32_t, mm_jpeg_output_t*, void*): 3077: Issue Jpeg Callback frameNumber = 440 status = 0
01-29 11:32:50.083 724-724/? W/cnss_diag: type=1400 audit(0.0:34786): avc: denied { search } for name="default" dev="tmpfs" ino=5980 scontext=u:r:wcnss_service:s0 tcontext=u:object_r:storage_file:s0 tclass=dir permissive=0
01-29 11:32:50.083 724-724/? W/cnss_diag: type=1400 audit(0.0:34787): avc: denied { search } for name="default" dev="tmpfs" ino=5980 scontext=u:r:wcnss_service:s0 tcontext=u:object_r:storage_file:s0 tclass=dir permissive=0
01-29 11:32:50.135 714-15294/? I/QCamera: <HAL><INFO> int32_t qcamera::QCamera3ReprocessChannel::doReprocessOffline(qcamera::qcamera_fwk_input_pp_data_t*, bool): 4500: Offline reprocessing id = 655 buf Id = 1 meta index = 5
01-29 11:32:50.136 747-15275/? D/mm-camera: <MCT   >< HIGH> 3122: mct_pipeline_process_set: command=8000019
01-29 11:32:50.136 747-15275/? I/mm-camera: <CPP   >< INFO> 867: cpp_module_handle_isp_out_dim_event: [STREAM_PARAMS]  stream type 9, width 320, height 240,stride 320, scanline 256, planes 2
01-29 11:32:50.136 747-15275/? I/mm-camera: <CPP   >< INFO> 886: cpp_module_handle_isp_out_dim_event: [STREAM_PARAMS] plane 0, stride 320, scanline 256, offset_x 0, offset_y 0, len 81920, offset:0
01-29 11:32:50.136 747-15275/? I/mm-camera: <CPP   >< INFO> 886: cpp_module_handle_isp_out_dim_event: [STREAM_PARAMS] plane 1, stride 320, scanline 256, offset_x 0, offset_y 0, len 40960, offset:0
01-29 11:32:50.136 747-15275/? I/mm-camera: <PPROC >< INFO> 2378: pproc_module_handle_reprocess_offline: input buf fd 129 type 5 size 122880 identity 10005, frame_id 655
01-29 11:32:50.138 714-15314/? I/QCamera: <HAL><INFO> virtual void qcamera::QCamera3ReprocessChannel::streamCbRoutine(mm_camera_super_buf_t*, qcamera::QCamera3Stream*): 3771: bufIndex: 0 recvd from post proc
01-29 11:32:50.138 714-15314/? E/QCamera: <HAL><ERROR> void qcamera::QCamera3HardwareInterface::handleInputBufferWithLock(uint32_t): 3166: Could not find input request for frame number 0
01-29 11:32:50.139 714-15294/? D/mm-still: virtual OMX_ERRORTYPE OMXJpegEncoder::releaseCodecLibs():1438] E
01-29 11:32:50.140 714-15294/? D/mm-still: virtual OMX_ERRORTYPE OMXJpegEncoder::releaseCodecLibs():1449] X
01-29 11:32:50.140 714-15294/? V/qomx_image_core: OMX_FreeHandle:338] 
01-29 11:32:50.140 714-15294/? D/qomx_image_core: get_idx_from_handle:297] comp_idx 0 inst_idx 1
01-29 11:32:50.141 714-15294/? I/qomx_image_core: OMX_FreeHandle:370] Error Component is still Active
01-29 11:32:50.141 714-15294/? V/qomx_image_core: OMX_FreeHandle:373] Success
01-29 11:32:50.141 714-15294/? I/QCamera: <HAL><INFO> int32_t qcamera::QCamera3PostProcessor::encodeData(qcamera::qcamera_hal3_jpeg_data_t*, uint8_t&): 1476: Src Buffer cnt = 2, res = 320X256 len = 122880 rot = 0 src_dim = 320X240 dst_dim = 320X240
01-29 11:32:50.141 714-15294/? I/QCamera: <HAL><INFO> int32_t qcamera::QCamera3PostProcessor::encodeData(qcamera::qcamera_hal3_jpeg_data_t*, uint8_t&): 1487: Src THUMB buf_cnt = 0, res = 0X0 len = 0 rot = 0 src_dim = 320X240, dst_dim = 0X0
01-29 11:32:50.141 714-15294/? D/mm-still: void* getInstance():47] Component ptr is 0xab809b90
01-29 11:32:50.141 714-15294/? I/qomx_image_core: OMX_GetHandle:243] get instance pts is 0xab809b90
01-29 11:32:50.141 714-15294/? D/qomx_image_core: OMX_GetHandle:263] handle = 0xab809b94 Instanceindex = 1,comp_idx 0 g_ptr 0xab8a26c0
01-29 11:32:50.141 714-15294/? I/qomx_image_core: OMX_GetHandle:267] Success
01-29 11:32:50.142 714-15294/? D/mm-still: virtual OMX_ERRORTYPE OMXJpegEncoder::preloadCodecLibs():1177] E
01-29 11:32:50.142 714-15294/? D/mm-still: virtual OMX_ERRORTYPE OMXJpegEncoder::configureEncodedata():79] size 320x240 pad 320x256 subsampling 0 format 0
01-29 11:32:50.142 714-15294/? D/mm-still: virtual OMX_ERRORTYPE OMXJpegEncoder::configureEncodedata():86] ImageSize 115200 76800
01-29 11:32:50.142 714-15294/? D/mm-still: virtual OMX_ERRORTYPE OMXJpegEncoder::configureEncodedata():115] Scaling not enabled width: 320 height:240
01-29 11:32:50.144 714-15294/? D/mm-still: virtual OMX_ERRORTYPE OMXJpegEncoder::preloadCodecLibs():1193] X
01-29 11:32:50.144 714-15294/? I/QCamera: <HAL><INFO> int32_t qcamera::QCamera3PostProcessor::encodeData(qcamera::qcamera_hal3_jpeg_data_t*, uint8_t&): 1589: Main image idx = 0 src w/h (320x240), dst w/h (320x240)
01-29 11:32:50.146 714-16279/? D/mm-still: virtual OMX_ERRORTYPE OMXJpegEncoder::configureEncodedata():79] size 320x240 pad 320x256 subsampling 0 format 0
01-29 11:32:50.146 714-16279/? D/mm-still: virtual OMX_ERRORTYPE OMXJpegEncoder::configureEncodedata():86] ImageSize 115200 76800
01-29 11:32:50.146 714-16279/? D/mm-still: virtual OMX_ERRORTYPE OMXJpegEncoder::configureEncodedata():115] Scaling not enabled width: 320 height:240
01-29 11:32:50.146 714-16279/? D/mm-still: virtual OMX_ERRORTYPE OMXJpegEncoder::configureBuffers(OMX_BUFFERHEADERTYPE*, OMX_BUFFERHEADERTYPE*):263] MAIN buf=0xf043a000, fd=227, offset=0 filled=0
01-29 11:32:50.146 714-16279/? D/mm-still: OMX_ERRORTYPE OMXJpegEncoder::writeExifData(QImage*, QIBuffer*):342] Image type 0 mobicat_mask 0
01-29 11:32:50.147 714-16279/? E/mm-still: virtual OMX_ERRORTYPE OMXJpegEncoder::startEncode():563] startEncode()
01-29 11:32:50.147 714-16279/? E/jpeg_hw: jpege_lib_hw_fe_buffer_cfg:295] w 320 h 240 stride 320 scanline 256
01-29 11:32:50.147 714-16279/? D/mm-still: int QImageHW10Encoder::ConfigureOutputBuffer():553] Received output image fd 230 addr 0xeadbe000 WorkBufSize 23887872 
01-29 11:32:50.152 714-16280/? D/mm-still: virtual int OMXJpegEncoder::EncodeComplete(QImage*):843] MainImage Encoding complete. Filled Length = 7523 m_thumbEncodingComplete 0
01-29 11:32:50.153 714-16280/? D/mm-still: int OMXJpegEncoder::CompleteMainImage():732] Encoded image length 8904
01-29 11:32:50.154 714-16279/? I/QCamera: <JPEG><INFO> mm_jpeg_fbd: 3064: count 0 
01-29 11:32:50.154 714-16279/? I/QCamera: <JPEG><INFO> mm_jpeg_fbd: 3065: KPI Perf] : PROFILE_JPEG_FBD
01-29 11:32:50.154 714-16279/? I/QCamera: <HAL><INFO> static void qcamera::QCamera3PicChannel::jpegEvtHandle(jpeg_job_status_t, uint32_t, uint32_t, mm_jpeg_output_t*, void*): 3077: Issue Jpeg Callback frameNumber = 441 status = 0
01-29 11:32:50.169 714-15294/? I/QCamera: <HAL><INFO> int32_t qcamera::QCamera3ReprocessChannel::doReprocessOffline(qcamera::qcamera_fwk_input_pp_data_t*, bool): 4500: Offline reprocessing id = 656 buf Id = 2 meta index = 6
01-29 11:32:50.169 747-15275/? D/mm-camera: <MCT   >< HIGH> 3122: mct_pipeline_process_set: command=8000019
01-29 11:32:50.169 747-15275/? I/mm-camera: <CPP   >< INFO> 867: cpp_module_handle_isp_out_dim_event: [STREAM_PARAMS]  stream type 9, width 320, height 240,stride 320, scanline 256, planes 2
01-29 11:32:50.169 747-15275/? I/mm-camera: <CPP   >< INFO> 886: cpp_module_handle_isp_out_dim_event: [STREAM_PARAMS] plane 0, stride 320, scanline 256, offset_x 0, offset_y 0, len 81920, offset:0
01-29 11:32:50.169 747-15275/? I/mm-camera: <CPP   >< INFO> 886: cpp_module_handle_isp_out_dim_event: [STREAM_PARAMS] plane 1, stride 320, scanline 256, offset_x 0, offset_y 0, len 40960, offset:0
01-29 11:32:50.169 747-15275/? I/mm-camera: <PPROC >< INFO> 2378: pproc_module_handle_reprocess_offline: input buf fd 131 type 5 size 122880 identity 10005, frame_id 656
01-29 11:32:50.171 714-15314/? I/QCamera: <HAL><INFO> virtual void qcamera::QCamera3ReprocessChannel::streamCbRoutine(mm_camera_super_buf_t*, qcamera::QCamera3Stream*): 3771: bufIndex: 1 recvd from post proc
01-29 11:32:50.171 714-15314/? E/QCamera: <HAL><ERROR> void qcamera::QCamera3HardwareInterface::handleInputBufferWithLock(uint32_t): 3166: Could not find input request for frame number 0
01-29 11:32:50.171 714-15294/? D/mm-still: virtual OMX_ERRORTYPE OMXJpegEncoder::releaseCodecLibs():1438] E
01-29 11:32:50.172 714-15294/? D/mm-still: virtual OMX_ERRORTYPE OMXJpegEncoder::releaseCodecLibs():1449] X
01-29 11:32:50.172 714-15294/? V/qomx_image_core: OMX_FreeHandle:338] 
01-29 11:32:50.172 714-15294/? D/qomx_image_core: get_idx_from_handle:297] comp_idx 0 inst_idx 1
01-29 11:32:50.172 714-15294/? I/qomx_image_core: OMX_FreeHandle:370] Error Component is still Active
01-29 11:32:50.172 714-15294/? V/qomx_image_core: OMX_FreeHandle:373] Success
01-29 11:32:50.172 714-15294/? I/QCamera: <HAL><INFO> int32_t qcamera::QCamera3PostProcessor::encodeData(qcamera::qcamera_hal3_jpeg_data_t*, uint8_t&): 1476: Src Buffer cnt = 2, res = 320X256 len = 122880 rot = 0 src_dim = 320X240 dst_dim = 320X240
01-29 11:32:50.172 714-15294/? I/QCamera: <HAL><INFO> int32_t qcamera::QCamera3PostProcessor::encodeData(qcamera::qcamera_hal3_jpeg_data_t*, uint8_t&): 1487: Src THUMB buf_cnt = 0, res = 0X0 len = 0 rot = 0 src_dim = 320X240, dst_dim = 0X0
01-29 11:32:50.173 714-15294/? D/mm-still: void* getInstance():47] Component ptr is 0xab809b90
01-29 11:32:50.173 714-15294/? I/qomx_image_core: OMX_GetHandle:243] get instance pts is 0xab809b90
01-29 11:32:50.173 714-15294/? D/qomx_image_core: OMX_GetHandle:263] handle = 0xab809b94 Instanceindex = 1,comp_idx 0 g_ptr 0xab8a26c0
01-29 11:32:50.173 714-15294/? I/qomx_image_core: OMX_GetHandle:267] Success
01-29 11:32:50.173 714-15294/? D/mm-still: virtual OMX_ERRORTYPE OMXJpegEncoder::preloadCodecLibs():1177] E
01-29 11:32:50.173 714-15294/? D/mm-still: virtual OMX_ERRORTYPE OMXJpegEncoder::configureEncodedata():79] size 320x240 pad 320x256 subsampling 0 format 0
01-29 11:32:50.173 714-15294/? D/mm-still: virtual OMX_ERRORTYPE OMXJpegEncoder::configureEncodedata():86] ImageSize 115200 76800
01-29 11:32:50.173 714-15294/? D/mm-still: virtual OMX_ERRORTYPE OMXJpegEncoder::configureEncodedata():115] Scaling not enabled width: 320 height:240
01-29 11:32:50.175 714-15294/? D/mm-still: virtual OMX_ERRORTYPE OMXJpegEncoder::preloadCodecLibs():1193] X
01-29 11:32:50.175 714-15294/? I/QCamera: <HAL><INFO> int32_t qcamera::QCamera3PostProcessor::encodeData(qcamera::qcamera_hal3_jpeg_data_t*, uint8_t&): 1589: Main image idx = 1 src w/h (320x240), dst w/h (320x240)
01-29 11:32:50.178 714-16281/? D/mm-still: virtual OMX_ERRORTYPE OMXJpegEncoder::configureEncodedata():79] size 320x240 pad 320x256 subsampling 0 format 0
01-29 11:32:50.178 714-16281/? D/mm-still: virtual OMX_ERRORTYPE OMXJpegEncoder::configureEncodedata():86] ImageSize 115200 76800
01-29 11:32:50.178 714-16281/? D/mm-still: virtual OMX_ERRORTYPE OMXJpegEncoder::configureEncodedata():115] Scaling not enabled width: 320 height:240
01-29 11:32:50.178 714-16281/? D/mm-still: virtual OMX_ERRORTYPE OMXJpegEncoder::configureBuffers(OMX_BUFFERHEADERTYPE*, OMX_BUFFERHEADERTYPE*):263] MAIN buf=0xf0407000, fd=231, offset=0 filled=0
01-29 11:32:50.178 714-16281/? D/mm-still: OMX_ERRORTYPE OMXJpegEncoder::writeExifData(QImage*, QIBuffer*):342] Image type 0 mobicat_mask 0
01-29 11:32:50.178 714-16281/? E/mm-still: virtual OMX_ERRORTYPE OMXJpegEncoder::startEncode():563] startEncode()
01-29 11:32:50.178 714-16281/? E/jpeg_hw: jpege_lib_hw_fe_buffer_cfg:295] w 320 h 240 stride 320 scanline 256
01-29 11:32:50.178 714-16281/? D/mm-still: int QImageHW10Encoder::ConfigureOutputBuffer():553] Received output image fd 230 addr 0xeadbe000 WorkBufSize 23887872 
01-29 11:32:50.181 714-16282/? D/mm-still: virtual int OMXJpegEncoder::EncodeComplete(QImage*):843] MainImage Encoding complete. Filled Length = 7545 m_thumbEncodingComplete 0
01-29 11:32:50.182 714-16282/? D/mm-still: int OMXJpegEncoder::CompleteMainImage():732] Encoded image length 8926
01-29 11:32:50.182 714-16281/? I/QCamera: <JPEG><INFO> mm_jpeg_fbd: 3064: count 0 
01-29 11:32:50.182 714-16281/? I/QCamera: <JPEG><INFO> mm_jpeg_fbd: 3065: KPI Perf] : PROFILE_JPEG_FBD
01-29 11:32:50.182 714-16281/? I/QCamera: <HAL><INFO> static void qcamera::QCamera3PicChannel::jpegEvtHandle(jpeg_job_status_t, uint32_t, uint32_t, mm_jpeg_output_t*, void*): 3077: Issue Jpeg Callback frameNumber = 442 status = 0
01-29 11:32:50.202 714-15294/? I/QCamera: <HAL><INFO> int32_t qcamera::QCamera3ReprocessChannel::doReprocessOffline(qcamera::qcamera_fwk_input_pp_data_t*, bool): 4500: Offline reprocessing id = 657 buf Id = 3 meta index = 7
01-29 11:32:50.203 747-15275/? D/mm-camera: <MCT   >< HIGH> 3122: mct_pipeline_process_set: command=8000019
01-29 11:32:50.203 747-15275/? I/mm-camera: <CPP   >< INFO> 867: cpp_module_handle_isp_out_dim_event: [STREAM_PARAMS]  stream type 9, width 320, height 240,stride 320, scanline 256, planes 2
01-29 11:32:50.203 747-15275/? I/mm-camera: <CPP   >< INFO> 886: cpp_module_handle_isp_out_dim_event: [STREAM_PARAMS] plane 0, stride 320, scanline 256, offset_x 0, offset_y 0, len 81920, offset:0
01-29 11:32:50.203 747-15275/? I/mm-camera: <CPP   >< INFO> 886: cpp_module_handle_isp_out_dim_event: [STREAM_PARAMS] plane 1, stride 320, scanline 256, offset_x 0, offset_y 0, len 40960, offset:0
01-29 11:32:50.203 747-15275/? I/mm-camera: <PPROC >< INFO> 2378: pproc_module_handle_reprocess_offline: input buf fd 133 type 5 size 122880 identity 10005, frame_id 657
01-29 11:32:50.205 714-15314/? I/QCamera: <HAL><INFO> virtual void qcamera::QCamera3ReprocessChannel::streamCbRoutine(mm_camera_super_buf_t*, qcamera::QCamera3Stream*): 3771: bufIndex: 0 recvd from post proc
01-29 11:32:50.205 714-15314/? E/QCamera: <HAL><ERROR> void qcamera::QCamera3HardwareInterface::handleInputBufferWithLock(uint32_t): 3166: Could not find input request for frame number 0
01-29 11:32:50.205 714-15294/? D/mm-still: virtual OMX_ERRORTYPE OMXJpegEncoder::releaseCodecLibs():1438] E
01-29 11:32:50.206 714-15294/? D/mm-still: virtual OMX_ERRORTYPE OMXJpegEncoder::releaseCodecLibs():1449] X
01-29 11:32:50.206 714-15294/? V/qomx_image_core: OMX_FreeHandle:338] 
01-29 11:32:50.206 714-15294/? D/qomx_image_core: get_idx_from_handle:297] comp_idx 0 inst_idx 1
01-29 11:32:50.207 714-15294/? I/qomx_image_core: OMX_FreeHandle:370] Error Component is still Active
01-29 11:32:50.207 714-15294/? V/qomx_image_core: OMX_FreeHandle:373] Success
01-29 11:32:50.207 714-15294/? I/QCamera: <HAL><INFO> int32_t qcamera::QCamera3PostProcessor::encodeData(qcamera::qcamera_hal3_jpeg_data_t*, uint8_t&): 1476: Src Buffer cnt = 2, res = 320X256 len = 122880 rot = 0 src_dim = 320X240 dst_dim = 320X240
01-29 11:32:50.207 714-15294/? I/QCamera: <HAL><INFO> int32_t qcamera::QCamera3PostProcessor::encodeData(qcamera::qcamera_hal3_jpeg_data_t*, uint8_t&): 1487: Src THUMB buf_cnt = 0, res = 0X0 len = 0 rot = 0 src_dim = 320X240, dst_dim = 0X0
01-29 11:32:50.207 714-15294/? D/mm-still: void* getInstance():47] Component ptr is 0xab809b90
01-29 11:32:50.207 714-15294/? I/qomx_image_core: OMX_GetHandle:243] get instance pts is 0xab809b90
01-29 11:32:50.207 714-15294/? D/qomx_image_core: OMX_GetHandle:263] handle = 0xab809b94 Instanceindex = 1,comp_idx 0 g_ptr 0xab8a26c0
01-29 11:32:50.207 714-15294/? I/qomx_image_core: OMX_GetHandle:267] Success
01-29 11:32:50.208 714-15294/? D/mm-still: virtual OMX_ERRORTYPE OMXJpegEncoder::preloadCodecLibs():1177] E
01-29 11:32:50.208 714-15294/? D/mm-still: virtual OMX_ERRORTYPE OMXJpegEncoder::configureEncodedata():79] size 320x240 pad 320x256 subsampling 0 format 0
01-29 11:32:50.208 714-15294/? D/mm-still: virtual OMX_ERRORTYPE OMXJpegEncoder::configureEncodedata():86] ImageSize 115200 76800
01-29 11:32:50.208 714-15294/? D/mm-still: virtual OMX_ERRORTYPE OMXJpegEncoder::configureEncodedata():115] Scaling not enabled width: 320 height:240
01-29 11:32:50.210 714-15294/? D/mm-still: virtual OMX_ERRORTYPE OMXJpegEncoder::preloadCodecLibs():1193] X
01-29 11:32:50.210 714-15294/? I/QCamera: <HAL><INFO> int32_t qcamera::QCamera3PostProcessor::encodeData(qcamera::qcamera_hal3_jpeg_data_t*, uint8_t&): 1589: Main image idx = 0 src w/h (320x240), dst w/h (320x240)
01-29 11:32:50.212 714-16283/? D/mm-still: virtual OMX_ERRORTYPE OMXJpegEncoder::configureEncodedata():79] size 320x240 pad 320x256 subsampling 0 format 0
01-29 11:32:50.213 714-16283/? D/mm-still: virtual OMX_ERRORTYPE OMXJpegEncoder::configureEncodedata():86] ImageSize 115200 76800
01-29 11:32:50.213 714-16283/? D/mm-still: virtual OMX_ERRORTYPE OMXJpegEncoder::configureEncodedata():115] Scaling not enabled width: 320 height:240
01-29 11:32:50.213 714-16283/? D/mm-still: virtual OMX_ERRORTYPE OMXJpegEncoder::configureBuffers(OMX_BUFFERHEADERTYPE*, OMX_BUFFERHEADERTYPE*):263] MAIN buf=0xf043a000, fd=227, offset=0 filled=0
01-29 11:32:50.213 714-16283/? D/mm-still: OMX_ERRORTYPE OMXJpegEncoder::writeExifData(QImage*, QIBuffer*):342] Image type 0 mobicat_mask 0
01-29 11:32:50.213 714-16283/? E/mm-still: virtual OMX_ERRORTYPE OMXJpegEncoder::startEncode():563] startEncode()
01-29 11:32:50.214 714-16283/? E/jpeg_hw: jpege_lib_hw_fe_buffer_cfg:295] w 320 h 240 stride 320 scanline 256
01-29 11:32:50.214 714-16283/? D/mm-still: int QImageHW10Encoder::ConfigureOutputBuffer():553] Received output image fd 230 addr 0xeadbe000 WorkBufSize 23887872 
01-29 11:32:50.219 714-16284/? D/mm-still: virtual int OMXJpegEncoder::EncodeComplete(QImage*):843] MainImage Encoding complete. Filled Length = 7542 m_thumbEncodingComplete 0
01-29 11:32:50.220 714-16284/? D/mm-still: int OMXJpegEncoder::CompleteMainImage():732] Encoded image length 8923
01-29 11:32:50.220 714-16283/? I/QCamera: <JPEG><INFO> mm_jpeg_fbd: 3064: count 0 
01-29 11:32:50.220 714-16283/? I/QCamera: <JPEG><INFO> mm_jpeg_fbd: 3065: KPI Perf] : PROFILE_JPEG_FBD
01-29 11:32:50.220 714-16283/? I/QCamera: <HAL><INFO> static void qcamera::QCamera3PicChannel::jpegEvtHandle(jpeg_job_status_t, uint32_t, uint32_t, mm_jpeg_output_t*, void*): 3077: Issue Jpeg Callback frameNumber = 443 status = 0
01-29 11:32:50.269 714-15294/? I/QCamera: <HAL><INFO> int32_t qcamera::QCamera3ReprocessChannel::doReprocessOffline(qcamera::qcamera_fwk_input_pp_data_t*, bool): 4500: Offline reprocessing id = 659 buf Id = 0 meta index = 4
01-29 11:32:50.269 747-15275/? D/mm-camera: <MCT   >< HIGH> 3122: mct_pipeline_process_set: command=8000019
01-29 11:32:50.269 747-15275/? I/mm-camera: <CPP   >< INFO> 867: cpp_module_handle_isp_out_dim_event: [STREAM_PARAMS]  stream type 9, width 320, height 240,stride 320, scanline 256, planes 2
01-29 11:32:50.269 747-15275/? I/mm-camera: <CPP   >< INFO> 886: cpp_module_handle_isp_out_dim_event: [STREAM_PARAMS] plane 0, stride 320, scanline 256, offset_x 0, offset_y 0, len 81920, offset:0
01-29 11:32:50.269 747-15275/? I/mm-camera: <CPP   >< INFO> 886: cpp_module_handle_isp_out_dim_event: [STREAM_PARAMS] plane 1, stride 320, scanline 256, offset_x 0, offset_y 0, len 40960, offset:0
01-29 11:32:50.269 747-15275/? I/mm-camera: <PPROC >< INFO> 2378: pproc_module_handle_reprocess_offline: input buf fd 129 type 5 size 122880 identity 10005, frame_id 659
01-29 11:32:50.271 714-15314/? I/QCamera: <HAL><INFO> virtual void qcamera::QCamera3ReprocessChannel::streamCbRoutine(mm_camera_super_buf_t*, qcamera::QCamera3Stream*): 3771: bufIndex: 1 recvd from post proc
01-29 11:32:50.271 714-15314/? E/QCamera: <HAL><ERROR> void qcamera::QCamera3HardwareInterface::handleInputBufferWithLock(uint32_t): 3166: Could not find input request for frame number 0
01-29 11:32:50.272 714-15294/? D/mm-still: virtual OMX_ERRORTYPE OMXJpegEncoder::releaseCodecLibs():1438] E
01-29 11:32:50.273 714-15294/? D/mm-still: virtual OMX_ERRORTYPE OMXJpegEncoder::releaseCodecLibs():1449] X
01-29 11:32:50.273 714-15294/? V/qomx_image_core: OMX_FreeHandle:338] 
01-29 11:32:50.273 714-15294/? D/qomx_image_core: get_idx_from_handle:297] comp_idx 0 inst_idx 1
01-29 11:32:50.274 714-15294/? I/qomx_image_core: OMX_FreeHandle:370] Error Component is still Active
01-29 11:32:50.274 714-15294/? V/qomx_image_core: OMX_FreeHandle:373] Success
01-29 11:32:50.274 714-15294/? I/QCamera: <HAL><INFO> int32_t qcamera::QCamera3PostProcessor::encodeData(qcamera::qcamera_hal3_jpeg_data_t*, uint8_t&): 1476: Src Buffer cnt = 2, res = 320X256 len = 122880 rot = 0 src_dim = 320X240 dst_dim = 320X240
01-29 11:32:50.274 714-15294/? I/QCamera: <HAL><INFO> int32_t qcamera::QCamera3PostProcessor::encodeData(qcamera::qcamera_hal3_jpeg_data_t*, uint8_t&): 1487: Src THUMB buf_cnt = 0, res = 0X0 len = 0 rot = 0 src_dim = 320X240, dst_dim = 0X0
01-29 11:32:50.274 714-15294/? D/mm-still: void* getInstance():47] Component ptr is 0xab809b90
01-29 11:32:50.274 714-15294/? I/qomx_image_core: OMX_GetHandle:243] get instance pts is 0xab809b90
01-29 11:32:50.274 714-15294/? D/qomx_image_core: OMX_GetHandle:263] handle = 0xab809b94 Instanceindex = 1,comp_idx 0 g_ptr 0xab8a26c0
01-29 11:32:50.274 714-15294/? I/qomx_image_core: OMX_GetHandle:267] Success
01-29 11:32:50.275 714-15294/? D/mm-still: virtual OMX_ERRORTYPE OMXJpegEncoder::preloadCodecLibs():1177] E
01-29 11:32:50.275 714-15294/? D/mm-still: virtual OMX_ERRORTYPE OMXJpegEncoder::configureEncodedata():79] size 320x240 pad 320x256 subsampling 0 format 0
01-29 11:32:50.275 714-15294/? D/mm-still: virtual OMX_ERRORTYPE OMXJpegEncoder::configureEncodedata():86] ImageSize 115200 76800
01-29 11:32:50.275 714-15294/? D/mm-still: virtual OMX_ERRORTYPE OMXJpegEncoder::configureEncodedata():115] Scaling not enabled width: 320 height:240
01-29 11:32:50.277 714-15294/? D/mm-still: virtual OMX_ERRORTYPE OMXJpegEncoder::preloadCodecLibs():1193] X
01-29 11:32:50.277 714-15294/? I/QCamera: <HAL><INFO> int32_t qcamera::QCamera3PostProcessor::encodeData(qcamera::qcamera_hal3_jpeg_data_t*, uint8_t&): 1589: Main image idx = 1 src w/h (320x240), dst w/h (320x240)
01-29 11:32:50.280 714-16285/? D/mm-still: virtual OMX_ERRORTYPE OMXJpegEncoder::configureEncodedata():79] size 320x240 pad 320x256 subsampling 0 format 0
01-29 11:32:50.280 714-16285/? D/mm-still: virtual OMX_ERRORTYPE OMXJpegEncoder::configureEncodedata():86] ImageSize 115200 76800
01-29 11:32:50.280 714-16285/? D/mm-still: virtual OMX_ERRORTYPE OMXJpegEncoder::configureEncodedata():115] Scaling not enabled width: 320 height:240
01-29 11:32:50.280 714-16285/? D/mm-still: virtual OMX_ERRORTYPE OMXJpegEncoder::configureBuffers(OMX_BUFFERHEADERTYPE*, OMX_BUFFERHEADERTYPE*):263] MAIN buf=0xf0407000, fd=231, offset=0 filled=0
01-29 11:32:50.280 714-16285/? D/mm-still: OMX_ERRORTYPE OMXJpegEncoder::writeExifData(QImage*, QIBuffer*):342] Image type 0 mobicat_mask 0
01-29 11:32:50.280 714-16285/? E/mm-still: virtual OMX_ERRORTYPE OMXJpegEncoder::startEncode():563] startEncode()
01-29 11:32:50.281 714-16285/? E/jpeg_hw: jpege_lib_hw_fe_buffer_cfg:295] w 320 h 240 stride 320 scanline 256
01-29 11:32:50.281 714-16285/? D/mm-still: int QImageHW10Encoder::ConfigureOutputBuffer():553] Received output image fd 230 addr 0xeadbe000 WorkBufSize 23887872 
01-29 11:32:50.287 714-16286/? D/mm-still: virtual int OMXJpegEncoder::EncodeComplete(QImage*):843] MainImage Encoding complete. Filled Length = 7542 m_thumbEncodingComplete 0
01-29 11:32:50.288 714-16286/? D/mm-still: int OMXJpegEncoder::CompleteMainImage():732] Encoded image length 8923
01-29 11:32:50.289 714-16285/? I/QCamera: <JPEG><INFO> mm_jpeg_fbd: 3064: count 0 
01-29 11:32:50.289 714-16285/? I/QCamera: <JPEG><INFO> mm_jpeg_fbd: 3065: KPI Perf] : PROFILE_JPEG_FBD
01-29 11:32:50.289 714-16285/? I/QCamera: <HAL><INFO> static void qcamera::QCamera3PicChannel::jpegEvtHandle(jpeg_job_status_t, uint32_t, uint32_t, mm_jpeg_output_t*, void*): 3077: Issue Jpeg Callback frameNumber = 444 status = 0
01-29 11:32:50.303 714-15294/? I/QCamera: <HAL><INFO> int32_t qcamera::QCamera3ReprocessChannel::doReprocessOffline(qcamera::qcamera_fwk_input_pp_data_t*, bool): 4500: Offline reprocessing id = 660 buf Id = 1 meta index = 5
01-29 11:32:50.304 747-15275/? D/mm-camera: <MCT   >< HIGH> 3122: mct_pipeline_process_set: command=8000019
01-29 11:32:50.304 747-15275/? I/mm-camera: <CPP   >< INFO> 867: cpp_module_handle_isp_out_dim_event: [STREAM_PARAMS]  stream type 9, width 320, height 240,stride 320, scanline 256, planes 2
01-29 11:32:50.304 747-15275/? I/mm-camera: <CPP   >< INFO> 886: cpp_module_handle_isp_out_dim_event: [STREAM_PARAMS] plane 0, stride 320, scanline 256, offset_x 0, offset_y 0, len 81920, offset:0
01-29 11:32:50.304 747-15275/? I/mm-camera: <CPP   >< INFO> 886: cpp_module_handle_isp_out_dim_event: [STREAM_PARAMS] plane 1, stride 320, scanline 256, offset_x 0, offset_y 0, len 40960, offset:0
01-29 11:32:50.304 747-15275/? I/mm-camera: <PPROC >< INFO> 2378: pproc_module_handle_reprocess_offline: input buf fd 131 type 5 size 122880 identity 10005, frame_id 660
01-29 11:32:50.306 714-15314/? I/QCamera: <HAL><INFO> virtual void qcamera::QCamera3ReprocessChannel::streamCbRoutine(mm_camera_super_buf_t*, qcamera::QCamera3Stream*): 3771: bufIndex: 0 recvd from post proc
01-29 11:32:50.306 714-15314/? E/QCamera: <HAL><ERROR> void qcamera::QCamera3HardwareInterface::handleInputBufferWithLock(uint32_t): 3166: Could not find input request for frame number 0
01-29 11:32:50.306 714-15294/? D/mm-still: virtual OMX_ERRORTYPE OMXJpegEncoder::releaseCodecLibs():1438] E
01-29 11:32:50.308 714-15294/? D/mm-still: virtual OMX_ERRORTYPE OMXJpegEncoder::releaseCodecLibs():1449] X
01-29 11:32:50.308 714-15294/? V/qomx_image_core: OMX_FreeHandle:338] 
01-29 11:32:50.308 714-15294/? D/qomx_image_core: get_idx_from_handle:297] comp_idx 0 inst_idx 1
01-29 11:32:50.308 714-15294/? I/qomx_image_core: OMX_FreeHandle:370] Error Component is still Active
01-29 11:32:50.308 714-15294/? V/qomx_image_core: OMX_FreeHandle:373] Success
01-29 11:32:50.308 714-15294/? I/QCamera: <HAL><INFO> int32_t qcamera::QCamera3PostProcessor::encodeData(qcamera::qcamera_hal3_jpeg_data_t*, uint8_t&): 1476: Src Buffer cnt = 2, res = 320X256 len = 122880 rot = 0 src_dim = 320X240 dst_dim = 320X240
01-29 11:32:50.308 714-15294/? I/QCamera: <HAL><INFO> int32_t qcamera::QCamera3PostProcessor::encodeData(qcamera::qcamera_hal3_jpeg_data_t*, uint8_t&): 1487: Src THUMB buf_cnt = 0, res = 0X0 len = 0 rot = 0 src_dim = 320X240, dst_dim = 0X0
01-29 11:32:50.308 714-15294/? D/mm-still: void* getInstance():47] Component ptr is 0xab809b90
01-29 11:32:50.308 714-15294/? I/qomx_image_core: OMX_GetHandle:243] get instance pts is 0xab809b90
01-29 11:32:50.309 714-15294/? D/qomx_image_core: OMX_GetHandle:263] handle = 0xab809b94 Instanceindex = 1,comp_idx 0 g_ptr 0xab8a26c0
01-29 11:32:50.309 714-15294/? I/qomx_image_core: OMX_GetHandle:267] Success
01-29 11:32:50.309 714-15294/? D/mm-still: virtual OMX_ERRORTYPE OMXJpegEncoder::preloadCodecLibs():1177] E
01-29 11:32:50.309 714-15294/? D/mm-still: virtual OMX_ERRORTYPE OMXJpegEncoder::configureEncodedata():79] size 320x240 pad 320x256 subsampling 0 format 0
01-29 11:32:50.309 714-15294/? D/mm-still: virtual OMX_ERRORTYPE OMXJpegEncoder::configureEncodedata():86] ImageSize 115200 76800
01-29 11:32:50.309 714-15294/? D/mm-still: virtual OMX_ERRORTYPE OMXJpegEncoder::configureEncodedata():115] Scaling not enabled width: 320 height:240
01-29 11:32:50.311 714-15294/? D/mm-still: virtual OMX_ERRORTYPE OMXJpegEncoder::preloadCodecLibs():1193] X
01-29 11:32:50.311 714-15294/? I/QCamera: <HAL><INFO> int32_t qcamera::QCamera3PostProcessor::encodeData(qcamera::qcamera_hal3_jpeg_data_t*, uint8_t&): 1589: Main image idx = 0 src w/h (320x240), dst w/h (320x240)
01-29 11:32:50.315 714-16287/? D/mm-still: virtual OMX_ERRORTYPE OMXJpegEncoder::configureEncodedata():79] size 320x240 pad 320x256 subsampling 0 format 0
01-29 11:32:50.315 714-16287/? D/mm-still: virtual OMX_ERRORTYPE OMXJpegEncoder::configureEncodedata():86] ImageSize 115200 76800
01-29 11:32:50.315 714-16287/? D/mm-still: virtual OMX_ERRORTYPE OMXJpegEncoder::configureEncodedata():115] Scaling not enabled width: 320 height:240
01-29 11:32:50.315 714-16287/? D/mm-still: virtual OMX_ERRORTYPE OMXJpegEncoder::configureBuffers(OMX_BUFFERHEADERTYPE*, OMX_BUFFERHEADERTYPE*):263] MAIN buf=0xf043a000, fd=227, offset=0 filled=0
01-29 11:32:50.315 714-16287/? D/mm-still: OMX_ERRORTYPE OMXJpegEncoder::writeExifData(QImage*, QIBuffer*):342] Image type 0 mobicat_mask 0
01-29 11:32:50.316 714-16287/? E/mm-still: virtual OMX_ERRORTYPE OMXJpegEncoder::startEncode():563] startEncode()
01-29 11:32:50.316 714-16287/? E/jpeg_hw: jpege_lib_hw_fe_buffer_cfg:295] w 320 h 240 stride 320 scanline 256
01-29 11:32:50.316 714-16287/? D/mm-still: int QImageHW10Encoder::ConfigureOutputBuffer():553] Received output image fd 230 addr 0xeadbe000 WorkBufSize 23887872 
01-29 11:32:50.322 714-16288/? D/mm-still: virtual int OMXJpegEncoder::EncodeComplete(QImage*):843] MainImage Encoding complete. Filled Length = 7546 m_thumbEncodingComplete 0
01-29 11:32:50.323 714-16288/? D/mm-still: int OMXJpegEncoder::CompleteMainImage():732] Encoded image length 8927
01-29 11:32:50.323 714-16287/? I/QCamera: <JPEG><INFO> mm_jpeg_fbd: 3064: count 0 
01-29 11:32:50.323 714-16287/? I/QCamera: <JPEG><INFO> mm_jpeg_fbd: 3065: KPI Perf] : PROFILE_JPEG_FBD
01-29 11:32:50.323 714-16287/? I/QCamera: <HAL><INFO> static void qcamera::QCamera3PicChannel::jpegEvtHandle(jpeg_job_status_t, uint32_t, uint32_t, mm_jpeg_output_t*, void*): 3077: Issue Jpeg Callback frameNumber = 445 status = 0
01-29 11:32:50.338 714-15294/? I/QCamera: <HAL><INFO> int32_t qcamera::QCamera3ReprocessChannel::doReprocessOffline(qcamera::qcamera_fwk_input_pp_data_t*, bool): 4500: Offline reprocessing id = 661 buf Id = 2 meta index = 6
01-29 11:32:50.339 747-15275/? D/mm-camera: <MCT   >< HIGH> 3122: mct_pipeline_process_set: command=8000019
01-29 11:32:50.339 747-15275/? I/mm-camera: <CPP   >< INFO> 867: cpp_module_handle_isp_out_dim_event: [STREAM_PARAMS]  stream type 9, width 320, height 240,stride 320, scanline 256, planes 2
01-29 11:32:50.339 747-15275/? I/mm-camera: <CPP   >< INFO> 886: cpp_module_handle_isp_out_dim_event: [STREAM_PARAMS] plane 0, stride 320, scanline 256, offset_x 0, offset_y 0, len 81920, offset:0
01-29 11:32:50.339 747-15275/? I/mm-camera: <CPP   >< INFO> 886: cpp_module_handle_isp_out_dim_event: [STREAM_PARAMS] plane 1, stride 320, scanline 256, offset_x 0, offset_y 0, len 40960, offset:0
01-29 11:32:50.339 747-15275/? I/mm-camera: <PPROC >< INFO> 2378: pproc_module_handle_reprocess_offline: input buf fd 133 type 5 size 122880 identity 10005, frame_id 661
01-29 11:32:50.341 714-15314/? I/QCamera: <HAL><INFO> virtual void qcamera::QCamera3ReprocessChannel::streamCbRoutine(mm_camera_super_buf_t*, qcamera::QCamera3Stream*): 3771: bufIndex: 1 recvd from post proc
01-29 11:32:50.341 714-15314/? E/QCamera: <HAL><ERROR> void qcamera::QCamera3HardwareInterface::handleInputBufferWithLock(uint32_t): 3166: Could not find input request for frame number 0
01-29 11:32:50.342 714-15294/? D/mm-still: virtual OMX_ERRORTYPE OMXJpegEncoder::releaseCodecLibs():1438] E
01-29 11:32:50.344 714-15294/? D/mm-still: virtual OMX_ERRORTYPE OMXJpegEncoder::releaseCodecLibs():1449] X
01-29 11:32:50.344 714-15294/? V/qomx_image_core: OMX_FreeHandle:338] 
01-29 11:32:50.345 714-15294/? D/qomx_image_core: get_idx_from_handle:297] comp_idx 0 inst_idx 1
01-29 11:32:50.345 714-15294/? I/qomx_image_core: OMX_FreeHandle:370] Error Component is still Active
01-29 11:32:50.345 714-15294/? V/qomx_image_core: OMX_FreeHandle:373] Success
01-29 11:32:50.345 714-15294/? I/QCamera: <HAL><INFO> int32_t qcamera::QCamera3PostProcessor::encodeData(qcamera::qcamera_hal3_jpeg_data_t*, uint8_t&): 1476: Src Buffer cnt = 2, res = 320X256 len = 122880 rot = 0 src_dim = 320X240 dst_dim = 320X240
01-29 11:32:50.345 714-15294/? I/QCamera: <HAL><INFO> int32_t qcamera::QCamera3PostProcessor::encodeData(qcamera::qcamera_hal3_jpeg_data_t*, uint8_t&): 1487: Src THUMB buf_cnt = 0, res = 0X0 len = 0 rot = 0 src_dim = 320X240, dst_dim = 0X0
01-29 11:32:50.345 714-15294/? D/mm-still: void* getInstance():47] Component ptr is 0xab809b90
01-29 11:32:50.345 714-15294/? I/qomx_image_core: OMX_GetHandle:243] get instance pts is 0xab809b90
01-29 11:32:50.346 714-15294/? D/qomx_image_core: OMX_GetHandle:263] handle = 0xab809b94 Instanceindex = 1,comp_idx 0 g_ptr 0xab8a26c0
01-29 11:32:50.346 714-15294/? I/qomx_image_core: OMX_GetHandle:267] Success
01-29 11:32:50.347 714-15294/? D/mm-still: virtual OMX_ERRORTYPE OMXJpegEncoder::preloadCodecLibs():1177] E
01-29 11:32:50.347 714-15294/? D/mm-still: virtual OMX_ERRORTYPE OMXJpegEncoder::configureEncodedata():79] size 320x240 pad 320x256 subsampling 0 format 0
01-29 11:32:50.347 714-15294/? D/mm-still: virtual OMX_ERRORTYPE OMXJpegEncoder::configureEncodedata():86] ImageSize 115200 76800
01-29 11:32:50.347 714-15294/? D/mm-still: virtual OMX_ERRORTYPE OMXJpegEncoder::configureEncodedata():115] Scaling not enabled width: 320 height:240
01-29 11:32:50.349 714-15294/? D/mm-still: virtual OMX_ERRORTYPE OMXJpegEncoder::preloadCodecLibs():1193] X
01-29 11:32:50.350 714-15294/? I/QCamera: <HAL><INFO> int32_t qcamera::QCamera3PostProcessor::encodeData(qcamera::qcamera_hal3_jpeg_data_t*, uint8_t&): 1589: Main image idx = 1 src w/h (320x240), dst w/h (320x240)
01-29 11:32:50.355 714-16289/? D/mm-still: virtual OMX_ERRORTYPE OMXJpegEncoder::configureEncodedata():79] size 320x240 pad 320x256 subsampling 0 format 0
01-29 11:32:50.355 714-16289/? D/mm-still: virtual OMX_ERRORTYPE OMXJpegEncoder::configureEncodedata():86] ImageSize 115200 76800
01-29 11:32:50.355 714-16289/? D/mm-still: virtual OMX_ERRORTYPE OMXJpegEncoder::configureEncodedata():115] Scaling not enabled width: 320 height:240
01-29 11:32:50.356 714-16289/? D/mm-still: virtual OMX_ERRORTYPE OMXJpegEncoder::configureBuffers(OMX_BUFFERHEADERTYPE*, OMX_BUFFERHEADERTYPE*):263] MAIN buf=0xf0407000, fd=231, offset=0 filled=0
01-29 11:32:50.356 714-16289/? D/mm-still: OMX_ERRORTYPE OMXJpegEncoder::writeExifData(QImage*, QIBuffer*):342] Image type 0 mobicat_mask 0
01-29 11:32:50.356 714-16289/? E/mm-still: virtual OMX_ERRORTYPE OMXJpegEncoder::startEncode():563] startEncode()
01-29 11:32:50.356 714-16289/? E/jpeg_hw: jpege_lib_hw_fe_buffer_cfg:295] w 320 h 240 stride 320 scanline 256
01-29 11:32:50.356 714-16289/? D/mm-still: int QImageHW10Encoder::ConfigureOutputBuffer():553] Received output image fd 230 addr 0xeadbe000 WorkBufSize 23887872 
01-29 11:32:50.360 714-16290/? D/mm-still: virtual int OMXJpegEncoder::EncodeComplete(QImage*):843] MainImage Encoding complete. Filled Length = 7548 m_thumbEncodingComplete 0
01-29 11:32:50.361 714-16290/? D/mm-still: int OMXJpegEncoder::CompleteMainImage():732] Encoded image length 8929
01-29 11:32:50.361 714-16289/? I/QCamera: <JPEG><INFO> mm_jpeg_fbd: 3064: count 0 
01-29 11:32:50.361 714-16289/? I/QCamera: <JPEG><INFO> mm_jpeg_fbd: 3065: KPI Perf] : PROFILE_JPEG_FBD
01-29 11:32:50.361 714-16289/? I/QCamera: <HAL><INFO> static void qcamera::QCamera3PicChannel::jpegEvtHandle(jpeg_job_status_t, uint32_t, uint32_t, mm_jpeg_output_t*, void*): 3077: Issue Jpeg Callback frameNumber = 446 status = 0
01-29 11:32:50.403 714-15294/? I/QCamera: <HAL><INFO> int32_t qcamera::QCamera3ReprocessChannel::doReprocessOffline(qcamera::qcamera_fwk_input_pp_data_t*, bool): 4500: Offline reprocessing id = 663 buf Id = 3 meta index = 7
01-29 11:32:50.403 747-15275/? D/mm-camera: <MCT   >< HIGH> 3122: mct_pipeline_process_set: command=8000019
01-29 11:32:50.404 747-15275/? I/mm-camera: <CPP   >< INFO> 867: cpp_module_handle_isp_out_dim_event: [STREAM_PARAMS]  stream type 9, width 320, height 240,stride 320, scanline 256, planes 2
01-29 11:32:50.404 747-15275/? I/mm-camera: <CPP   >< INFO> 886: cpp_module_handle_isp_out_dim_event: [STREAM_PARAMS] plane 0, stride 320, scanline 256, offset_x 0, offset_y 0, len 81920, offset:0
01-29 11:32:50.404 747-15275/? I/mm-camera: <CPP   >< INFO> 886: cpp_module_handle_isp_out_dim_event: [STREAM_PARAMS] plane 1, stride 320, scanline 256, offset_x 0, offset_y 0, len 40960, offset:0
01-29 11:32:50.404 747-15275/? I/mm-camera: <PPROC >< INFO> 2378: pproc_module_handle_reprocess_offline: input buf fd 129 type 5 size 122880 identity 10005, frame_id 663
01-29 11:32:50.406 714-15314/? I/QCamera: <HAL><INFO> virtual void qcamera::QCamera3ReprocessChannel::streamCbRoutine(mm_camera_super_buf_t*, qcamera::QCamera3Stream*): 3771: bufIndex: 0 recvd from post proc
01-29 11:32:50.406 714-15314/? E/QCamera: <HAL><ERROR> void qcamera::QCamera3HardwareInterface::handleInputBufferWithLock(uint32_t): 3166: Could not find input request for frame number 0
01-29 11:32:50.406 714-15294/? D/mm-still: virtual OMX_ERRORTYPE OMXJpegEncoder::releaseCodecLibs():1438] E
01-29 11:32:50.408 714-15294/? D/mm-still: virtual OMX_ERRORTYPE OMXJpegEncoder::releaseCodecLibs():1449] X
01-29 11:32:50.409 714-15294/? V/qomx_image_core: OMX_FreeHandle:338] 
01-29 11:32:50.409 714-15294/? D/qomx_image_core: get_idx_from_handle:297] comp_idx 0 inst_idx 1
01-29 11:32:50.409 714-15294/? I/qomx_image_core: OMX_FreeHandle:370] Error Component is still Active
01-29 11:32:50.409 714-15294/? V/qomx_image_core: OMX_FreeHandle:373] Success
01-29 11:32:50.409 714-15294/? I/QCamera: <HAL><INFO> int32_t qcamera::QCamera3PostProcessor::encodeData(qcamera::qcamera_hal3_jpeg_data_t*, uint8_t&): 1476: Src Buffer cnt = 2, res = 320X256 len = 122880 rot = 0 src_dim = 320X240 dst_dim = 320X240
01-29 11:32:50.409 714-15294/? I/QCamera: <HAL><INFO> int32_t qcamera::QCamera3PostProcessor::encodeData(qcamera::qcamera_hal3_jpeg_data_t*, uint8_t&): 1487: Src THUMB buf_cnt = 0, res = 0X0 len = 0 rot = 0 src_dim = 320X240, dst_dim = 0X0
01-29 11:32:50.410 714-15294/? D/mm-still: void* getInstance():47] Component ptr is 0xab809b90
01-29 11:32:50.410 714-15294/? I/qomx_image_core: OMX_GetHandle:243] get instance pts is 0xab809b90
01-29 11:32:50.410 714-15294/? D/qomx_image_core: OMX_GetHandle:263] handle = 0xab809b94 Instanceindex = 1,comp_idx 0 g_ptr 0xab8a26c0
01-29 11:32:50.410 714-15294/? I/qomx_image_core: OMX_GetHandle:267] Success
01-29 11:32:50.410 714-15294/? D/mm-still: virtual OMX_ERRORTYPE OMXJpegEncoder::preloadCodecLibs():1177] E
01-29 11:32:50.410 714-15294/? D/mm-still: virtual OMX_ERRORTYPE OMXJpegEncoder::configureEncodedata():79] size 320x240 pad 320x256 subsampling 0 format 0
01-29 11:32:50.410 714-15294/? D/mm-still: virtual OMX_ERRORTYPE OMXJpegEncoder::configureEncodedata():86] ImageSize 115200 76800
01-29 11:32:50.410 714-15294/? D/mm-still: virtual OMX_ERRORTYPE OMXJpegEncoder::configureEncodedata():115] Scaling not enabled width: 320 height:240
01-29 11:32:50.413 714-15294/? D/mm-still: virtual OMX_ERRORTYPE OMXJpegEncoder::preloadCodecLibs():1193] X
01-29 11:32:50.414 714-15294/? I/QCamera: <HAL><INFO> int32_t qcamera::QCamera3PostProcessor::encodeData(qcamera::qcamera_hal3_jpeg_data_t*, uint8_t&): 1589: Main image idx = 0 src w/h (320x240), dst w/h (320x240)
01-29 11:32:50.418 714-16291/? D/mm-still: virtual OMX_ERRORTYPE OMXJpegEncoder::configureEncodedata():79] size 320x240 pad 320x256 subsampling 0 format 0
01-29 11:32:50.418 714-16291/? D/mm-still: virtual OMX_ERRORTYPE OMXJpegEncoder::configureEncodedata():86] ImageSize 115200 76800
01-29 11:32:50.418 714-16291/? D/mm-still: virtual OMX_ERRORTYPE OMXJpegEncoder::configureEncodedata():115] Scaling not enabled width: 320 height:240
01-29 11:32:50.418 714-16291/? D/mm-still: virtual OMX_ERRORTYPE OMXJpegEncoder::configureBuffers(OMX_BUFFERHEADERTYPE*, OMX_BUFFERHEADERTYPE*):263] MAIN buf=0xf043a000, fd=227, offset=0 filled=0
01-29 11:32:50.418 714-16291/? D/mm-still: OMX_ERRORTYPE OMXJpegEncoder::writeExifData(QImage*, QIBuffer*):342] Image type 0 mobicat_mask 0
01-29 11:32:50.418 714-16291/? E/mm-still: virtual OMX_ERRORTYPE OMXJpegEncoder::startEncode():563] startEncode()
01-29 11:32:50.418 714-16291/? E/jpeg_hw: jpege_lib_hw_fe_buffer_cfg:295] w 320 h 240 stride 320 scanline 256
01-29 11:32:50.419 714-16291/? D/mm-still: int QImageHW10Encoder::ConfigureOutputBuffer():553] Received output image fd 230 addr 0xeadbe000 WorkBufSize 23887872 
01-29 11:32:50.425 714-16292/? D/mm-still: virtual int OMXJpegEncoder::EncodeComplete(QImage*):843] MainImage Encoding complete. Filled Length = 7539 m_thumbEncodingComplete 0
01-29 11:32:50.426 714-16292/? D/mm-still: int OMXJpegEncoder::CompleteMainImage():732] Encoded image length 8920
01-29 11:32:50.426 714-16291/? I/QCamera: <JPEG><INFO> mm_jpeg_fbd: 3064: count 0 
01-29 11:32:50.426 714-16291/? I/QCamera: <JPEG><INFO> mm_jpeg_fbd: 3065: KPI Perf] : PROFILE_JPEG_FBD
01-29 11:32:50.427 714-16291/? I/QCamera: <HAL><INFO> static void qcamera::QCamera3PicChannel::jpegEvtHandle(jpeg_job_status_t, uint32_t, uint32_t, mm_jpeg_output_t*, void*): 3077: Issue Jpeg Callback frameNumber = 447 status = 0
01-29 11:32:50.440 714-15294/? I/QCamera: <HAL><INFO> int32_t qcamera::QCamera3ReprocessChannel::doReprocessOffline(qcamera::qcamera_fwk_input_pp_data_t*, bool): 4500: Offline reprocessing id = 664 buf Id = 0 meta index = 4
01-29 11:32:50.440 747-15275/? D/mm-camera: <MCT   >< HIGH> 3122: mct_pipeline_process_set: command=8000019
01-29 11:32:50.441 747-15275/? I/mm-camera: <CPP   >< INFO> 867: cpp_module_handle_isp_out_dim_event: [STREAM_PARAMS]  stream type 9, width 320, height 240,stride 320, scanline 256, planes 2
01-29 11:32:50.441 747-15275/? I/mm-camera: <CPP   >< INFO> 886: cpp_module_handle_isp_out_dim_event: [STREAM_PARAMS] plane 0, stride 320, scanline 256, offset_x 0, offset_y 0, len 81920, offset:0
01-29 11:32:50.441 747-15275/? I/mm-camera: <CPP   >< INFO> 886: cpp_module_handle_isp_out_dim_event: [STREAM_PARAMS] plane 1, stride 320, scanline 256, offset_x 0, offset_y 0, len 40960, offset:0
01-29 11:32:50.441 747-15275/? I/mm-camera: <PPROC >< INFO> 2378: pproc_module_handle_reprocess_offline: input buf fd 131 type 5 size 122880 identity 10005, frame_id 664
01-29 11:32:50.443 714-15314/? I/QCamera: <HAL><INFO> virtual void qcamera::QCamera3ReprocessChannel::streamCbRoutine(mm_camera_super_buf_t*, qcamera::QCamera3Stream*): 3771: bufIndex: 1 recvd from post proc
01-29 11:32:50.443 714-15314/? E/QCamera: <HAL><ERROR> void qcamera::QCamera3HardwareInterface::handleInputBufferWithLock(uint32_t): 3166: Could not find input request for frame number 0
01-29 11:32:50.443 714-15294/? D/mm-still: virtual OMX_ERRORTYPE OMXJpegEncoder::releaseCodecLibs():1438] E
01-29 11:32:50.445 714-15294/? D/mm-still: virtual OMX_ERRORTYPE OMXJpegEncoder::releaseCodecLibs():1449] X
01-29 11:32:50.445 714-15294/? V/qomx_image_core: OMX_FreeHandle:338] 
01-29 11:32:50.445 714-15294/? D/qomx_image_core: get_idx_from_handle:297] comp_idx 0 inst_idx 1
01-29 11:32:50.445 714-15294/? I/qomx_image_core: OMX_FreeHandle:370] Error Component is still Active
01-29 11:32:50.445 714-15294/? V/qomx_image_core: OMX_FreeHandle:373] Success
01-29 11:32:50.445 714-15294/? I/QCamera: <HAL><INFO> int32_t qcamera::QCamera3PostProcessor::encodeData(qcamera::qcamera_hal3_jpeg_data_t*, uint8_t&): 1476: Src Buffer cnt = 2, res = 320X256 len = 122880 rot = 0 src_dim = 320X240 dst_dim = 320X240
01-29 11:32:50.445 714-15294/? I/QCamera: <HAL><INFO> int32_t qcamera::QCamera3PostProcessor::encodeData(qcamera::qcamera_hal3_jpeg_data_t*, uint8_t&): 1487: Src THUMB buf_cnt = 0, res = 0X0 len = 0 rot = 0 src_dim = 320X240, dst_dim = 0X0
01-29 11:32:50.445 714-15294/? D/mm-still: void* getInstance():47] Component ptr is 0xab809b90
01-29 11:32:50.445 714-15294/? I/qomx_image_core: OMX_GetHandle:243] get instance pts is 0xab809b90
01-29 11:32:50.446 714-15294/? D/qomx_image_core: OMX_GetHandle:263] handle = 0xab809b94 Instanceindex = 1,comp_idx 0 g_ptr 0xab8a26c0
01-29 11:32:50.446 714-15294/? I/qomx_image_core: OMX_GetHandle:267] Success
01-29 11:32:50.446 714-15294/? D/mm-still: virtual OMX_ERRORTYPE OMXJpegEncoder::preloadCodecLibs():1177] E
01-29 11:32:50.446 714-15294/? D/mm-still: virtual OMX_ERRORTYPE OMXJpegEncoder::configureEncodedata():79] size 320x240 pad 320x256 subsampling 0 format 0
01-29 11:32:50.446 714-15294/? D/mm-still: virtual OMX_ERRORTYPE OMXJpegEncoder::configureEncodedata():86] ImageSize 115200 76800
01-29 11:32:50.446 714-15294/? D/mm-still: virtual OMX_ERRORTYPE OMXJpegEncoder::configureEncodedata():115] Scaling not enabled width: 320 height:240
01-29 11:32:50.448 714-15294/? D/mm-still: virtual OMX_ERRORTYPE OMXJpegEncoder::preloadCodecLibs():1193] X
01-29 11:32:50.449 714-15294/? I/QCamera: <HAL><INFO> int32_t qcamera::QCamera3PostProcessor::encodeData(qcamera::qcamera_hal3_jpeg_data_t*, uint8_t&): 1589: Main image idx = 1 src w/h (320x240), dst w/h (320x240)
01-29 11:32:50.458 714-16293/? D/mm-still: virtual OMX_ERRORTYPE OMXJpegEncoder::configureEncodedata():79] size 320x240 pad 320x256 subsampling 0 format 0
01-29 11:32:50.458 714-16293/? D/mm-still: virtual OMX_ERRORTYPE OMXJpegEncoder::configureEncodedata():86] ImageSize 115200 76800
01-29 11:32:50.458 714-16293/? D/mm-still: virtual OMX_ERRORTYPE OMXJpegEncoder::configureEncodedata():115] Scaling not enabled width: 320 height:240
01-29 11:32:50.458 714-16293/? D/mm-still: virtual OMX_ERRORTYPE OMXJpegEncoder::configureBuffers(OMX_BUFFERHEADERTYPE*, OMX_BUFFERHEADERTYPE*):263] MAIN buf=0xf0407000, fd=231, offset=0 filled=0
01-29 11:32:50.458 714-16293/? D/mm-still: OMX_ERRORTYPE OMXJpegEncoder::writeExifData(QImage*, QIBuffer*):342] Image type 0 mobicat_mask 0
01-29 11:32:50.458 714-16293/? E/mm-still: virtual OMX_ERRORTYPE OMXJpegEncoder::startEncode():563] startEncode()
01-29 11:32:50.458 714-16293/? E/jpeg_hw: jpege_lib_hw_fe_buffer_cfg:295] w 320 h 240 stride 320 scanline 256
01-29 11:32:50.459 714-16293/? D/mm-still: int QImageHW10Encoder::ConfigureOutputBuffer():553] Received output image fd 230 addr 0xeadbe000 WorkBufSize 23887872 
01-29 11:32:50.462 714-16294/? D/mm-still: virtual int OMXJpegEncoder::EncodeComplete(QImage*):843] MainImage Encoding complete. Filled Length = 7546 m_thumbEncodingComplete 0
01-29 11:32:50.462 714-16294/? D/mm-still: int OMXJpegEncoder::CompleteMainImage():732] Encoded image length 8927
01-29 11:32:50.462 714-16293/? I/QCamera: <JPEG><INFO> mm_jpeg_fbd: 3064: count 0 
01-29 11:32:50.462 714-16293/? I/QCamera: <JPEG><INFO> mm_jpeg_fbd: 3065: KPI Perf] : PROFILE_JPEG_FBD
01-29 11:32:50.463 714-16293/? I/QCamera: <HAL><INFO> static void qcamera::QCamera3PicChannel::jpegEvtHandle(jpeg_job_status_t, uint32_t, uint32_t, mm_jpeg_output_t*, void*): 3077: Issue Jpeg Callback frameNumber = 448 status = 0
01-29 11:32:50.475 714-15294/? I/QCamera: <HAL><INFO> int32_t qcamera::QCamera3ReprocessChannel::doReprocessOffline(qcamera::qcamera_fwk_input_pp_data_t*, bool): 4500: Offline reprocessing id = 665 buf Id = 1 meta index = 5
01-29 11:32:50.475 747-15275/? D/mm-camera: <MCT   >< HIGH> 3122: mct_pipeline_process_set: command=8000019
01-29 11:32:50.475 747-15275/? I/mm-camera: <CPP   >< INFO> 867: cpp_module_handle_isp_out_dim_event: [STREAM_PARAMS]  stream type 9, width 320, height 240,stride 320, scanline 256, planes 2
01-29 11:32:50.475 747-15275/? I/mm-camera: <CPP   >< INFO> 886: cpp_module_handle_isp_out_dim_event: [STREAM_PARAMS] plane 0, stride 320, scanline 256, offset_x 0, offset_y 0, len 81920, offset:0
01-29 11:32:50.475 747-15275/? I/mm-camera: <CPP   >< INFO> 886: cpp_module_handle_isp_out_dim_event: [STREAM_PARAMS] plane 1, stride 320, scanline 256, offset_x 0, offset_y 0, len 40960, offset:0
01-29 11:32:50.475 747-15275/? I/mm-camera: <PPROC >< INFO> 2378: pproc_module_handle_reprocess_offline: input buf fd 133 type 5 size 122880 identity 10005, frame_id 665
01-29 11:32:50.477 714-15314/? I/QCamera: <HAL><INFO> virtual void qcamera::QCamera3ReprocessChannel::streamCbRoutine(mm_camera_super_buf_t*, qcamera::QCamera3Stream*): 3771: bufIndex: 0 recvd from post proc
01-29 11:32:50.477 714-15314/? E/QCamera: <HAL><ERROR> void qcamera::QCamera3HardwareInterface::handleInputBufferWithLock(uint32_t): 3166: Could not find input request for frame number 0
01-29 11:32:50.478 714-15294/? D/mm-still: virtual OMX_ERRORTYPE OMXJpegEncoder::releaseCodecLibs():1438] E
01-29 11:32:50.479 714-15294/? D/mm-still: virtual OMX_ERRORTYPE OMXJpegEncoder::releaseCodecLibs():1449] X
01-29 11:32:50.480 714-15294/? V/qomx_image_core: OMX_FreeHandle:338] 
01-29 11:32:50.480 714-15294/? D/qomx_image_core: get_idx_from_handle:297] comp_idx 0 inst_idx 1
01-29 11:32:50.480 714-15294/? I/qomx_image_core: OMX_FreeHandle:370] Error Component is still Active
01-29 11:32:50.480 714-15294/? V/qomx_image_core: OMX_FreeHandle:373] Success
01-29 11:32:50.480 714-15294/? I/QCamera: <HAL><INFO> int32_t qcamera::QCamera3PostProcessor::encodeData(qcamera::qcamera_hal3_jpeg_data_t*, uint8_t&): 1476: Src Buffer cnt = 2, res = 320X256 len = 122880 rot = 0 src_dim = 320X240 dst_dim = 320X240
01-29 11:32:50.480 714-15294/? I/QCamera: <HAL><INFO> int32_t qcamera::QCamera3PostProcessor::encodeData(qcamera::qcamera_hal3_jpeg_data_t*, uint8_t&): 1487: Src THUMB buf_cnt = 0, res = 0X0 len = 0 rot = 0 src_dim = 320X240, dst_dim = 0X0
